10-20 12:44:16.869  1190  1340 I chatty  : uid=0(root) /system/bin/storaged expire 10 lines
10-20 12:45:01.275  1439 28130 I chatty  : uid=1000 system_server expire 1 line
10-20 12:47:30.814  1439  2614 I chatty  : uid=1000(system) watchdog expire 10 lines
10-20 12:47:52.273  1439  1585 I chatty  : uid=1000(system) android.ui expire 11 lines
10-20 12:48:50.115  1439  4111 I chatty  : uid=1000(system) Binder:1439_14 expire 7 lines
10-20 12:48:50.126  1439  1587 I chatty  : uid=1000(system) BroadcastQueue expire 4 lines
10-20 12:48:50.361   711   735 I chatty  : uid=0(root) /system/bin/netd expire 24 lines
10-20 12:49:45.951  1439 28439 I chatty  : uid=1000 system_server expire 1 line
10-20 12:49:47.869 18851 19161 V ActivityThread: scheduleReceiver info = ActivityInfo{22c6acc com.urbanairship.push.gcm.GcmPushReceiver} intent = Intent { act=com.google.android.c2dm.intent.RECEIVE flg=0x1080010 pkg=net.one97.paytm cmp=net.one97.paytm/com.urbanairship.push.gcm.GcmPushReceiver (has extras) } sync = true hasCode = 237039829
10-20 12:49:47.882 18851 19161 V ActivityThread: scheduleReceiver info = ActivityInfo{d6a9c2a com.google.android.gms.gcm.GcmReceiver} intent = Intent { act=com.google.android.c2dm.intent.RECEIVE flg=0x1080010 pkg=net.one97.paytm cmp=net.one97.paytm/com.google.android.gms.gcm.GcmReceiver (has extras) } sync = true hasCode = 119906538
10-20 12:49:47.894 18851 19161 V ActivityThread: scheduleReceiver info = ActivityInfo{e956991 com.google.firebase.iid.FirebaseInstanceIdReceiver} intent = Intent { act=com.google.android.c2dm.intent.RECEIVE flg=0x1080010 pkg=net.one97.paytm cmp=net.one97.paytm/com.google.firebase.iid.FirebaseInstanceIdReceiver (has extras) } sync = true hasCode = 17367003
10-20 12:49:47.975  3169  5061 V ActivityThread: scheduleRegisteredReceiver receiver= android.app.LoadedApk$ReceiverDispatcher$InnerReceiver@2f0df3d intent= Intent { act=com.google.android.c2dm.intent.RECEIVE flg=0x1080010 pkg=net.one97.paytm (has extras) } ordered= false sticky = false
10-20 12:49:47.975  3169  3169 I ActivityThread: Dispatching broadcast com.google.android.c2dm.intent.RECEIVE to com.google.android.gms.gcm.DataMessageManager$BroadcastDoneReceiver@ac1d332
10-20 12:49:48.278   711   735 I chatty  : uid=0(root) /system/bin/netd expire 12 lines
10-20 12:50:10.368  1439  5822 I chatty  : uid=1000(system) Binder:1439_1C expire 10 lines
10-20 12:50:10.384 28478 28490 V ActivityThread: scheduleReceiver info = ActivityInfo{dd3d8a5 com.google.android.gms.gcm.GcmReceiver} intent = Intent { act=com.google.android.c2dm.intent.RECEIVE flg=0x1080010 pkg=org.mozilla.firefox cmp=org.mozilla.firefox/com.google.android.gms.gcm.GcmReceiver (has extras) } sync = true hasCode = 227659145
10-20 12:50:10.701  3169  5061 V ActivityThread: scheduleRegisteredReceiver receiver= android.app.LoadedApk$ReceiverDispatcher$InnerReceiver@9b1f9df intent= Intent { act=com.google.android.c2dm.intent.RECEIVE flg=0x1080010 pkg=org.mozilla.firefox (has extras) } ordered= false sticky = false
10-20 12:50:10.702  3169  3169 I ActivityThread: Dispatching broadcast com.google.android.c2dm.intent.RECEIVE to com.google.android.gms.gcm.DataMessageManager$BroadcastDoneReceiver@c63862c
10-20 12:50:10.998   711   735 I chatty  : uid=0(root) /system/bin/netd expire 16 lines
10-20 12:50:37.520  3548  6716 V ActivityThread: scheduleReceiver info = ActivityInfo{4cd5ffb com.google.android.gms.checkin.CheckinServiceTriggerReceiver} intent = Intent { act=com.google.android.c2dm.intent.RECEIVE flg=0x1080010 pkg=com.google.android.gms cmp=com.google.android.gms/.checkin.CheckinServiceTriggerReceiver (has extras) } sync = true hasCode = 48308466
10-20 12:50:37.526  3548  6716 V ActivityThread: scheduleReceiver info = ActivityInfo{5d28818 com.google.android.gms.gcm.GcmInternalReceiver} intent = Intent { act=com.google.android.c2dm.intent.RECEIVE flg=0x1080010 pkg=com.google.android.gms cmp=com.google.android.gms/.gcm.GcmInternalReceiver (has extras) } sync = true hasCode = 252769091
10-20 12:50:37.535  3169  5061 V ActivityThread: scheduleRegisteredReceiver receiver= android.app.LoadedApk$ReceiverDispatcher$InnerReceiver@598d918 intent= Intent { act=com.google.android.c2dm.intent.RECEIVE flg=0x1080010 pkg=com.google.android.gms (has extras) } ordered= false sticky = false
10-20 12:50:37.535  3169  3169 I ActivityThread: Dispatching broadcast com.google.android.c2dm.intent.RECEIVE to com.google.android.gms.gcm.DataMessageManager$BroadcastDoneReceiver@4c9ef71
10-20 12:50:41.182  1439  3960 I chatty  : uid=1000(system) Binder:1439_11 expire 5 lines
10-20 12:50:41.182  1439  1439 I chatty  : uid=1000 system_server expire 87 lines
10-20 12:50:41.183  1439  1690 I chatty  : uid=1000(system) PowerManagerSer expire 11 lines
10-20 12:50:41.183  1439  1667 I chatty  : uid=1000(system) android.fg expire 14 lines
10-20 12:50:41.184  1439  4104 I chatty  : uid=1000(system) Binder:1439_13 expire 15 lines
10-20 12:50:41.246  1439  1669 I chatty  : uid=1000(system) android.display expire 15 lines
10-20 12:50:41.271  1439 13360 I chatty  : uid=1000(system) Binder:1439_20 expire 11 lines
10-20 12:50:41.430  1439  3970 I chatty  : uid=1000(system) Binder:1439_12 expire 9 lines
10-20 12:50:41.610  1439  1990 I chatty  : uid=1000(system) android.anim expire 12 lines
10-20 12:50:41.617  1439  2072 I chatty  : uid=1000(system) PhoneWinHandler expire 10 lines
10-20 12:50:41.651 22215 22215 W FingerprintManager: Invalid acquired message: 6, 3
10-20 12:50:41.866  1439  1589 I chatty  : uid=1000(system) ActivityManager expire 12 lines
10-20 12:50:42.474  1439  1473 I chatty  : uid=1000(system) Binder:1439_1 expire 10 lines
10-20 12:50:50.329  1439  4120 I chatty  : uid=1000(system) Binder:1439_15 expire 6 lines
10-20 12:50:53.601 22215 22215 D ViewRootImpl: Swipe From Side Rotation 0 mIgnoring true downX 1051 downY 1553 mScreenHeight 2340 mScreenWidth 1080 mStatusBarHeight 54 globalScale 1.3235294
10-20 12:50:53.609 22215 22215 D ViewRootImpl: Swipe From Side Rotation 0 mIgnoring true downX 1051 downY 1553 mScreenHeight 2340 mScreenWidth 1080 mStatusBarHeight 54 globalScale 1.3235294
10-20 12:50:53.609 22215 22215 D ViewRootImpl: swipeFromBottom mIgnoring === false downY 1553 mStatusBarHeight 54
10-20 12:50:55.938  1439  2708 I chatty  : uid=1000(system) HwBinder:1439_4 expire 2 lines
10-20 12:50:57.934  1439  2217 I chatty  : uid=1000(system) icsService.Main expire 1 line
10-20 12:50:58.710   711   735 I chatty  : uid=0(root) /system/bin/netd expire 28 lines
10-20 12:51:05.841  1439  1690 I chatty  : uid=1000(system) PowerManagerSer expire 50 lines
10-20 12:51:05.868  1439  1439 I chatty  : uid=1000 system_server expire 59 lines
10-20 12:51:07.840  1439  2226 I chatty  : uid=1000(system) aceService.Main expire 11 lines
10-20 12:51:08.687  1439  1582 I chatty  : uid=1000(system) android.bg expire 16 lines
10-20 12:51:15.593  1439  4667 I chatty  : uid=1000(system) Binder:1439_18 expire 11 lines
10-20 12:51:16.070  1439  1655 I chatty  : uid=1000(system) batterystats-wo expire 1 line
10-20 12:51:16.142  1439 28928 I chatty  : uid=1000 system_server expire 1 line
10-20 12:51:56.541  1439 13358 I chatty  : uid=1000(system) Binder:1439_1F expire 13 lines
10-20 12:51:56.549  1439  3381 I chatty  : uid=1000(system) Binder:1439_E expire 11 lines
10-20 12:51:56.628  1439  4123 I chatty  : uid=1000(system) Binder:1439_16 expire 5 lines
10-20 12:51:56.901 22215 22215 W FingerprintManager: Invalid acquired message: 6, 3
10-20 12:51:56.987  1439  1439 I chatty  : uid=1000 system_server expire 133 lines
10-20 12:51:57.825  1439  3380 I chatty  : uid=1000(system) Binder:1439_D expire 2 lines
10-20 12:52:04.278   711   735 I chatty  : uid=0(root) /system/bin/netd expire 24 lines
10-20 12:52:07.311  1439  1673 I chatty  : uid=1000(system) Binder:1439_3 expire 16 lines
10-20 12:52:07.464  1439 12510 I chatty  : uid=1000(system) Binder:1439_1E expire 10 lines
10-20 12:52:09.982  1439  1669 I chatty  : uid=1000(system) android.display expire 10 lines
10-20 12:52:09.986  1439  1690 I chatty  : uid=1000(system) PowerManagerSer expire 45 lines
10-20 12:52:11.623  1439  1667 I chatty  : uid=1000(system) android.fg expire 12 lines
10-20 12:52:11.753  1439  1676 I chatty  : uid=1000(system) Binder:1439_4 expire 2 lines
10-20 12:52:12.272  1439  1585 I chatty  : uid=1000(system) android.ui expire 16 lines
10-20 12:52:12.852  1439  4125 I chatty  : uid=1000(system) Binder:1439_17 expire 10 lines
10-20 12:52:25.220  1439  2839 I chatty  : uid=1000(system) Binder:1439_8 expire 6 lines
10-20 12:52:30.846  1439  2614 I chatty  : uid=1000(system) watchdog expire 17 lines
10-20 12:53:08.129  7602  7602 E ActivityThread: Service com.firebase.jobdispatcher.GooglePlayReceiver has leaked ServiceConnection auq@fc1de24 that was originally bound here
10-20 12:53:08.129  7602  7602 E ActivityThread: android.app.ServiceConnectionLeaked: Service com.firebase.jobdispatcher.GooglePlayReceiver has leaked ServiceConnection auq@fc1de24 that was originally bound here
10-20 12:53:08.129  7602  7602 E ActivityThread: 	at android.app.LoadedApk$ServiceDispatcher.<init>(LoadedApk.java:1771)
10-20 12:53:08.129  7602  7602 E ActivityThread: 	at android.app.LoadedApk.getServiceDispatcher(LoadedApk.java:1663)
10-20 12:53:08.129  7602  7602 E ActivityThread: 	at android.app.ContextImpl.bindServiceCommon(ContextImpl.java:1713)
10-20 12:53:08.129  7602  7602 E ActivityThread: 	at android.app.ContextImpl.bindService(ContextImpl.java:1666)
10-20 12:53:08.129  7602  7602 E ActivityThread: 	at android.content.ContextWrapper.bindService(ContextWrapper.java:709)
10-20 12:53:08.129  7602  7602 E ActivityThread: 	at aub.a(Unknown Source:18)
10-20 12:53:08.129  7602  7602 E ActivityThread: 	at aub.a(Unknown Source:169)
10-20 12:53:08.129  7602  7602 E ActivityThread: 	at auh.handleMessage(Unknown Source:116)
10-20 12:53:08.129  7602  7602 E ActivityThread: 	at android.os.Handler.dispatchMessage(Handler.java:106)
10-20 12:53:08.129  7602  7602 E ActivityThread: 	at android.os.Looper.loop(Looper.java:227)
10-20 12:53:08.129  7602  7602 E ActivityThread: 	at android.app.ActivityThread.main(ActivityThread.java:7200)
10-20 12:53:08.129  7602  7602 E ActivityThread: 	at java.lang.reflect.Method.invoke(Native Method)
10-20 12:53:08.129  7602  7602 E ActivityThread: 	at com.android.internal.os.RuntimeInit$MethodAndArgsCaller.run(RuntimeInit.java:575)
10-20 12:53:08.129  7602  7602 E ActivityThread: 	at com.android.internal.os.ZygoteInit.main(ZygoteInit.java:903)
10-20 12:53:12.591 22215 22215 W FingerprintManager: Invalid acquired message: 6, 3
10-20 12:53:12.615  1439  1669 I chatty  : uid=1000(system) android.display expire 24 lines
10-20 12:53:35.989   711   735 I chatty  : uid=0(root) /system/bin/netd expire 24 lines
10-20 12:53:37.051 22215 22215 W FingerprintManager: Invalid acquired message: 6, 3
10-20 12:53:37.646  1439  2105 I chatty  : uid=1000(system) InputReader expire 2 lines
10-20 12:53:37.700  1439  2834 I chatty  : uid=1000(system) Binder:1439_7 expire 16 lines
10-20 12:53:37.741  1439  2858 I chatty  : uid=1000(system) Binder:1439_9 expire 10 lines
10-20 12:53:37.741  1439  2165 I chatty  : uid=1000(system) ConnectivitySer expire 3 lines
10-20 12:53:37.769  1439 13360 I chatty  : uid=1000(system) Binder:1439_20 expire 10 lines
10-20 12:53:37.977  1439  1439 I chatty  : uid=1000 system_server expire 69 lines
10-20 12:53:38.918  1439  4104 I chatty  : uid=1000(system) Binder:1439_13 expire 1 line
10-20 12:53:40.083  1439  1690 I chatty  : uid=1000(system) PowerManagerSer expire 43 lines
10-20 12:53:40.361  1439  1667 I chatty  : uid=1000(system) android.fg expire 14 lines
10-20 12:53:40.589  1439  3381 I chatty  : uid=1000(system) Binder:1439_E expire 11 lines
10-20 12:53:40.715  1439  1582 I chatty  : uid=1000(system) android.bg expire 11 lines
10-20 12:53:40.994  1439  1475 I chatty  : uid=1000(system) Binder:1439_2 expire 10 lines
10-20 12:53:42.783  1439  2594 I chatty  : uid=1000(system) Binder:1439_6 expire 4 lines
10-20 12:54:16.890  1439  5661 I chatty  : uid=1000(system) Binder:1439_19 expire 11 lines
10-20 12:54:16.905  1190  1340 I chatty  : uid=0(root) /system/bin/storaged expire 4 lines
10-20 12:54:17.002  1439 12510 I chatty  : uid=1000(system) Binder:1439_1E expire 1 line
10-20 12:54:17.099 22215 22215 W FingerprintManager: Invalid acquired message: 6, 3
10-20 12:54:17.108  1439  1585 I chatty  : uid=1000(system) android.ui expire 14 lines
10-20 12:54:18.079  1439 13360 I chatty  : uid=1000(system) Binder:1439_20 expire 6 lines
10-20 12:54:25.761  1439  3945 I chatty  : uid=1000(system) Binder:1439_F expire 12 lines
10-20 12:54:25.936  1439  6047 I chatty  : uid=1000(system) Binder:1439_1D expire 8 lines
10-20 12:54:26.251  1439  5665 I chatty  : uid=1000(system) Binder:1439_1B expire 7 lines
10-20 12:54:42.535   711   735 I chatty  : uid=0(root) /system/bin/netd expire 24 lines
10-20 12:54:46.008  1439  1690 I chatty  : uid=1000(system) PowerManagerSer expire 10 lines
10-20 12:54:47.666  1439 29604 I chatty  : uid=1000 system_server expire 1 line
10-20 12:54:49.732  1439  1584 I chatty  : uid=1000(system) ActivityManager expire 1 line
10-20 12:55:15.728  1439  1439 I chatty  : uid=1000 system_server expire 241 lines
10-20 12:55:16.216 22215 22215 W FingerprintManager: Invalid acquired message: 6, 3
10-20 12:55:17.057  1439  1669 I chatty  : uid=1000(system) android.display expire 25 lines
10-20 12:55:23.888  1439  1690 I chatty  : uid=1000(system) PowerManagerSer expire 97 lines
10-20 12:55:26.450  1439  1667 I chatty  : uid=1000(system) android.fg expire 21 lines
10-20 12:55:26.524  1439 13358 I chatty  : uid=1000(system) Binder:1439_1F expire 3 lines
10-20 12:55:26.801  1439  1582 I chatty  : uid=1000(system) android.bg expire 10 lines
10-20 12:55:28.462   711   735 I chatty  : uid=0(root) /system/bin/netd expire 29 lines
10-20 12:55:28.667  1439  1473 I chatty  : uid=1000(system) Binder:1439_1 expire 6 lines
10-20 12:55:28.823  1439  1990 I chatty  : uid=1000(system) android.anim expire 6 lines
10-20 12:55:28.829  1439  2072 I chatty  : uid=1000(system) PhoneWinHandler expire 3 lines
10-20 12:55:29.828  1439  3000 I chatty  : uid=1000(system) Binder:1439_A expire 5 lines
10-20 12:55:43.548  1439  1673 I chatty  : uid=1000(system) Binder:1439_3 expire 5 lines
10-20 12:55:51.510 22215 22215 W FingerprintManager: Invalid acquired message: 6, 3
10-20 12:55:51.820  1439  1585 I chatty  : uid=1000(system) android.ui expire 12 lines
10-20 12:56:01.811  1439  1589 I chatty  : uid=1000(system) ActivityManager expire 2 lines
10-20 12:56:02.123  1439  1582 I chatty  : uid=1000(system) android.bg expire 17 lines
10-20 12:56:04.734  1439  3946 I chatty  : uid=1000(system) Binder:1439_10 expire 1 line
10-20 12:56:15.401  1439  2834 I chatty  : uid=1000(system) Binder:1439_7 expire 7 lines
10-20 12:56:17.991  1439  2858 I chatty  : uid=1000(system) Binder:1439_9 expire 13 lines
10-20 12:56:17.996  1439  1669 I chatty  : uid=1000(system) android.display expire 12 lines
10-20 12:56:18.002  1439  1690 I chatty  : uid=1000(system) PowerManagerSer expire 10 lines
10-20 12:56:21.252  1439  1439 I chatty  : uid=1000 system_server expire 61 lines
10-20 12:57:23.041   711   735 E NetlinkEvent: NetlinkEvent::FindParam(): Parameter 'STATE' not found
10-20 12:57:23.041   711   735 E NetlinkEvent: NetlinkEvent::FindParam(): Parameter 'TIME_NS' not found
10-20 12:57:23.041   711   735 E NetlinkEvent: NetlinkEvent::FindParam(): Parameter 'UID' not found
10-20 12:57:28.941   711   735 E NetlinkEvent: NetlinkEvent::FindParam(): Parameter 'INTERFACE' not found
10-20 12:57:28.941   711   735 E NetlinkEvent: NetlinkEvent::FindParam(): Parameter 'STATE' not found
10-20 12:57:28.941   711   735 E NetlinkEvent: NetlinkEvent::FindParam(): Parameter 'TIME_NS' not found
10-20 12:57:28.941   711   735 E NetlinkEvent: NetlinkEvent::FindParam(): Parameter 'UID' not found
10-20 12:57:34.829   711   735 E NetlinkEvent: NetlinkEvent::FindParam(): Parameter 'INTERFACE' not found
10-20 12:57:34.829   711   735 E NetlinkEvent: NetlinkEvent::FindParam(): Parameter 'STATE' not found
10-20 12:57:34.829   711   735 E NetlinkEvent: NetlinkEvent::FindParam(): Parameter 'TIME_NS' not found
10-20 12:57:34.829   711   735 E NetlinkEvent: NetlinkEvent::FindParam(): Parameter 'UID' not found
10-20 12:57:40.729   711   735 E NetlinkEvent: NetlinkEvent::FindParam(): Parameter 'INTERFACE' not found
10-20 12:57:40.729   711   735 E NetlinkEvent: NetlinkEvent::FindParam(): Parameter 'STATE' not found
10-20 12:57:40.729   711   735 E NetlinkEvent: NetlinkEvent::FindParam(): Parameter 'TIME_NS' not found
10-20 12:57:40.729   711   735 E NetlinkEvent: NetlinkEvent::FindParam(): Parameter 'UID' not found
10-20 12:58:10.050   711   735 E NetlinkEvent: NetlinkEvent::FindParam(): Parameter 'INTERFACE' not found
10-20 12:58:10.050   711   735 E NetlinkEvent: NetlinkEvent::FindParam(): Parameter 'STATE' not found
10-20 12:58:10.050   711   735 E NetlinkEvent: NetlinkEvent::FindParam(): Parameter 'TIME_NS' not found
10-20 12:58:10.050   711   735 E NetlinkEvent: NetlinkEvent::FindParam(): Parameter 'UID' not found
10-20 12:58:10.956   711   735 E NetlinkEvent: NetlinkEvent::FindParam(): Parameter 'INTERFACE' not found
10-20 12:58:10.956   711   735 E NetlinkEvent: NetlinkEvent::FindParam(): Parameter 'STATE' not found
10-20 12:58:10.956   711   735 E NetlinkEvent: NetlinkEvent::FindParam(): Parameter 'TIME_NS' not found
10-20 12:58:10.956   711   735 E NetlinkEvent: NetlinkEvent::FindParam(): Parameter 'UID' not found
10-20 12:58:16.913  1190  1340 E storaged: getDiskStats failed with result NOT_SUPPORTED and size 0
10-20 12:58:27.048   711   735 E NetlinkEvent: NetlinkEvent::FindParam(): Parameter 'INTERFACE' not found
10-20 12:58:27.048   711   735 E NetlinkEvent: NetlinkEvent::FindParam(): Parameter 'STATE' not found
10-20 12:58:27.048   711   735 E NetlinkEvent: NetlinkEvent::FindParam(): Parameter 'TIME_NS' not found
10-20 12:58:27.048   711   735 E NetlinkEvent: NetlinkEvent::FindParam(): Parameter 'UID' not found
10-20 12:58:32.933   711   735 E NetlinkEvent: NetlinkEvent::FindParam(): Parameter 'INTERFACE' not found
10-20 12:58:32.933   711   735 E NetlinkEvent: NetlinkEvent::FindParam(): Parameter 'STATE' not found
10-20 12:58:32.933   711   735 E NetlinkEvent: NetlinkEvent::FindParam(): Parameter 'TIME_NS' not found
10-20 12:58:32.933   711   735 E NetlinkEvent: NetlinkEvent::FindParam(): Parameter 'UID' not found
10-20 12:58:41.390   711   735 E NetlinkEvent: NetlinkEvent::FindParam(): Parameter 'INTERFACE' not found
10-20 12:58:41.390   711   735 E NetlinkEvent: NetlinkEvent::FindParam(): Parameter 'STATE' not found
10-20 12:58:41.390   711   735 E NetlinkEvent: NetlinkEvent::FindParam(): Parameter 'TIME_NS' not found
10-20 12:58:41.390   711   735 E NetlinkEvent: NetlinkEvent::FindParam(): Parameter 'UID' not found
10-20 12:58:47.278   711   735 E NetlinkEvent: NetlinkEvent::FindParam(): Parameter 'INTERFACE' not found
10-20 12:58:47.279   711   735 E NetlinkEvent: NetlinkEvent::FindParam(): Parameter 'STATE' not found
10-20 12:58:47.279   711   735 E NetlinkEvent: NetlinkEvent::FindParam(): Parameter 'TIME_NS' not found
10-20 12:58:47.279   711   735 E NetlinkEvent: NetlinkEvent::FindParam(): Parameter 'UID' not found
10-20 12:58:53.165   711   735 E NetlinkEvent: NetlinkEvent::FindParam(): Parameter 'INTERFACE' not found
10-20 12:58:53.165   711   735 E NetlinkEvent: NetlinkEvent::FindParam(): Parameter 'STATE' not found
10-20 12:58:53.165   711   735 E NetlinkEvent: NetlinkEvent::FindParam(): Parameter 'TIME_NS' not found
10-20 12:58:53.165   711   735 E NetlinkEvent: NetlinkEvent::FindParam(): Parameter 'UID' not found
10-20 12:59:14.670   711   735 E NetlinkEvent: NetlinkEvent::FindParam(): Parameter 'INTERFACE' not found
10-20 12:59:14.670   711   735 E NetlinkEvent: NetlinkEvent::FindParam(): Parameter 'STATE' not found
10-20 12:59:14.670   711   735 E NetlinkEvent: NetlinkEvent::FindParam(): Parameter 'TIME_NS' not found
10-20 12:59:14.670   711   735 E NetlinkEvent: NetlinkEvent::FindParam(): Parameter 'UID' not found
10-20 12:59:15.256  1439  1587 I chatty  : uid=1000(system) BroadcastQueue expire 2 lines
10-20 12:59:15.326  1439  1589 I chatty  : uid=1000(system) ActivityManager expire 3 lines
10-20 12:59:15.364  1439  3000 I chatty  : uid=1000(system) Binder:1439_A expire 1 line
10-20 12:59:15.377 30572 30584 V ActivityThread: scheduleReceiver info = ActivityInfo{dd3d8a5 com.google.firebase.iid.FirebaseInstanceIdReceiver} intent = Intent { act=com.google.android.c2dm.intent.RECEIVE flg=0x11080010 pkg=app.insti cmp=app.insti/com.google.firebase.iid.FirebaseInstanceIdReceiver (has extras) } sync = true hasCode = 21559744
10-20 12:59:15.519  3169  5061 V ActivityThread: scheduleRegisteredReceiver receiver= android.app.LoadedApk$ReceiverDispatcher$InnerReceiver@39b7b7d intent= Intent { act=com.google.android.c2dm.intent.RECEIVE flg=0x11080010 pkg=app.insti (has extras) } ordered= false sticky = false
10-20 12:59:15.520  3169  3169 I ActivityThread: Dispatching broadcast com.google.android.c2dm.intent.RECEIVE to com.google.android.gms.gcm.DataMessageManager$BroadcastDoneReceiver@881da72
10-20 12:59:15.900  1439  1667 I chatty  : uid=1000(system) android.fg expire 12 lines
10-20 12:59:15.903  1439  4120 I chatty  : uid=1000(system) Binder:1439_15 expire 6 lines
10-20 12:59:16.001  1439  5665 I chatty  : uid=1000(system) Binder:1439_1B expire 1 line
10-20 12:59:16.215 22215 22215 W FingerprintManager: Invalid acquired message: 6, 3
10-20 12:59:16.223  1439  1990 I chatty  : uid=1000(system) android.anim expire 4 lines
10-20 12:59:16.229  1439  2072 I chatty  : uid=1000(system) PhoneWinHandler expire 4 lines
10-20 12:59:16.236  1439  1690 I chatty  : uid=1000(system) PowerManagerSer expire 23 lines
10-20 12:59:16.915  1190  1340 E storaged: getDiskStats failed with result NOT_SUPPORTED and size 0
10-20 12:59:17.186  1439  6047 I chatty  : uid=1000(system) Binder:1439_1D expire 1 line
10-20 12:59:17.186  1439  5822 I chatty  : uid=1000(system) Binder:1439_1C expire 5 lines
10-20 12:59:23.583   711   735 E NetlinkEvent: NetlinkEvent::FindParam(): Parameter 'INTERFACE' not found
10-20 12:59:23.583   711   735 E NetlinkEvent: NetlinkEvent::FindParam(): Parameter 'STATE' not found
10-20 12:59:23.583   711   735 E NetlinkEvent: NetlinkEvent::FindParam(): Parameter 'TIME_NS' not found
10-20 12:59:23.583   711   735 E NetlinkEvent: NetlinkEvent::FindParam(): Parameter 'UID' not found
10-20 12:59:25.905  1439  2226 I chatty  : uid=1000(system) aceService.Main expire 1 line
10-20 12:59:27.044  1439  3946 I chatty  : uid=1000(system) Binder:1439_10 expire 1 line
10-20 12:59:27.089  1439 12510 I chatty  : uid=1000(system) Binder:1439_1E expire 9 lines
10-20 12:59:30.623  1439  3379 I chatty  : uid=1000(system) Binder:1439_C expire 3 lines
10-20 12:59:33.350   711   735 E NetlinkEvent: NetlinkEvent::FindParam(): Parameter 'INTERFACE' not found
10-20 12:59:33.350   711   735 E NetlinkEvent: NetlinkEvent::FindParam(): Parameter 'STATE' not found
10-20 12:59:33.350   711   735 E NetlinkEvent: NetlinkEvent::FindParam(): Parameter 'TIME_NS' not found
10-20 12:59:33.350   711   735 E NetlinkEvent: NetlinkEvent::FindParam(): Parameter 'UID' not found
10-20 12:59:39.250   711   735 E NetlinkEvent: NetlinkEvent::FindParam(): Parameter 'INTERFACE' not found
10-20 12:59:39.250   711   735 E NetlinkEvent: NetlinkEvent::FindParam(): Parameter 'STATE' not found
10-20 12:59:39.250   711   735 E NetlinkEvent: NetlinkEvent::FindParam(): Parameter 'TIME_NS' not found
10-20 12:59:39.250   711   735 E NetlinkEvent: NetlinkEvent::FindParam(): Parameter 'UID' not found
10-20 12:59:45.129   711   735 E NetlinkEvent: NetlinkEvent::FindParam(): Parameter 'INTERFACE' not found
10-20 12:59:45.129   711   735 E NetlinkEvent: NetlinkEvent::FindParam(): Parameter 'STATE' not found
10-20 12:59:45.129   711   735 E NetlinkEvent: NetlinkEvent::FindParam(): Parameter 'TIME_NS' not found
10-20 12:59:45.129   711   735 E NetlinkEvent: NetlinkEvent::FindParam(): Parameter 'UID' not found
10-20 12:59:49.860  1439  1584 I chatty  : uid=1000(system) ActivityManager expire 1 line
10-20 12:59:52.144 19991 20204 V ActivityThread: scheduleReceiver info = ActivityInfo{b80cde8 com.google.android.apps.gsa.gcm.GcmBroadcastReceiver} intent = Intent { act=com.google.android.c2dm.intent.RECEIVE flg=0x1080010 pkg=com.google.android.googlequicksearchbox cmp=com.google.android.googlequicksearchbox/com.google.android.apps.gsa.gcm.GcmBroadcastReceiver (has extras) } sync = true hasCode = 256845024
10-20 12:59:52.305 19991 20204 V ActivityThread: scheduleReceiver info = ActivityInfo{c20cfe2 com.google.firebase.iid.FirebaseInstanceIdReceiver} intent = Intent { act=com.google.android.c2dm.intent.RECEIVE flg=0x1080010 pkg=com.google.android.googlequicksearchbox cmp=com.google.android.googlequicksearchbox/com.google.firebase.iid.FirebaseInstanceIdReceiver (has extras) } sync = true hasCode = 206089425
10-20 12:59:52.314  3169  8987 V ActivityThread: scheduleRegisteredReceiver receiver= android.app.LoadedApk$ReceiverDispatcher$InnerReceiver@e91110b intent= Intent { act=com.google.android.c2dm.intent.RECEIVE flg=0x1080010 pkg=com.google.android.googlequicksearchbox (has extras) } ordered= false sticky = false
10-20 12:59:52.314  3169  3169 I ActivityThread: Dispatching broadcast com.google.android.c2dm.intent.RECEIVE to com.google.android.gms.gcm.DataMessageManager$BroadcastDoneReceiver@77cbe8
10-20 12:59:52.448   711   735 E NetlinkEvent: NetlinkEvent::FindParam(): Parameter 'INTERFACE' not found
10-20 12:59:52.448   711   735 E NetlinkEvent: NetlinkEvent::FindParam(): Parameter 'STATE' not found
10-20 12:59:52.448   711   735 E NetlinkEvent: NetlinkEvent::FindParam(): Parameter 'TIME_NS' not found
10-20 12:59:52.448   711   735 E NetlinkEvent: NetlinkEvent::FindParam(): Parameter 'UID' not found
10-20 13:00:04.925  1439  1690 I chatty  : uid=1000(system) PowerManagerSer expire 10 lines
10-20 13:00:08.016  1439 30787 I chatty  : uid=1000 system_server expire 1 line
10-20 13:00:08.431   711   735 E NetlinkEvent: NetlinkEvent::FindParam(): Parameter 'INTERFACE' not found
10-20 13:00:08.431   711   735 E NetlinkEvent: NetlinkEvent::FindParam(): Parameter 'STATE' not found
10-20 13:00:08.431   711   735 E NetlinkEvent: NetlinkEvent::FindParam(): Parameter 'TIME_NS' not found
10-20 13:00:08.431   711   735 E NetlinkEvent: NetlinkEvent::FindParam(): Parameter 'UID' not found
10-20 13:00:14.312   711   735 E NetlinkEvent: NetlinkEvent::FindParam(): Parameter 'INTERFACE' not found
10-20 13:00:14.312   711   735 E NetlinkEvent: NetlinkEvent::FindParam(): Parameter 'STATE' not found
10-20 13:00:14.312   711   735 E NetlinkEvent: NetlinkEvent::FindParam(): Parameter 'TIME_NS' not found
10-20 13:00:14.312   711   735 E NetlinkEvent: NetlinkEvent::FindParam(): Parameter 'UID' not found
10-20 13:00:16.917  1190  1340 E storaged: getDiskStats failed with result NOT_SUPPORTED and size 0
10-20 13:00:17.435   711   735 E NetlinkEvent: NetlinkEvent::FindParam(): Parameter 'INTERFACE' not found
10-20 13:00:17.435   711   735 E NetlinkEvent: NetlinkEvent::FindParam(): Parameter 'STATE' not found
10-20 13:00:17.435   711   735 E NetlinkEvent: NetlinkEvent::FindParam(): Parameter 'TIME_NS' not found
10-20 13:00:17.435   711   735 E NetlinkEvent: NetlinkEvent::FindParam(): Parameter 'UID' not found
10-20 13:00:17.583 30810 30821 V ActivityThread: scheduleReceiver info = ActivityInfo{dd3d8a5 com.google.android.gms.gcm.GcmReceiver} intent = Intent { act=com.google.android.c2dm.intent.RECEIVE flg=0x1080010 pkg=com.google.android.apps.magazines cmp=com.google.android.apps.magazines/com.google.android.gms.gcm.GcmReceiver (has extras) } sync = true hasCode = 265962765
10-20 13:00:18.309 30810 30821 V ActivityThread: scheduleReceiver info = ActivityInfo{c020c06 com.google.firebase.iid.FirebaseInstanceIdReceiver} intent = Intent { act=com.google.android.c2dm.intent.RECEIVE flg=0x1080010 pkg=com.google.android.apps.magazines cmp=com.google.android.apps.magazines/com.google.firebase.iid.FirebaseInstanceIdReceiver (has extras) } sync = true hasCode = 129227753
10-20 13:00:18.320  3169  8987 V ActivityThread: scheduleRegisteredReceiver receiver= android.app.LoadedApk$ReceiverDispatcher$InnerReceiver@776d3d intent= Intent { act=com.google.android.c2dm.intent.RECEIVE flg=0x1080010 pkg=com.google.android.apps.magazines (has extras) } ordered= false sticky = false
10-20 13:00:18.320  3169  3169 I ActivityThread: Dispatching broadcast com.google.android.c2dm.intent.RECEIVE to com.google.android.gms.gcm.DataMessageManager$BroadcastDoneReceiver@504932
10-20 13:00:33.512   711   735 E NetlinkEvent: NetlinkEvent::FindParam(): Parameter 'INTERFACE' not found
10-20 13:00:33.512   711   735 E NetlinkEvent: NetlinkEvent::FindParam(): Parameter 'STATE' not found
10-20 13:00:33.512   711   735 E NetlinkEvent: NetlinkEvent::FindParam(): Parameter 'TIME_NS' not found
10-20 13:00:33.512   711   735 E NetlinkEvent: NetlinkEvent::FindParam(): Parameter 'UID' not found
10-20 13:00:36.374  1439  1439 I chatty  : uid=1000 system_server expire 24 lines
10-20 13:00:36.468  1439  1669 I chatty  : uid=1000(system) android.display expire 3 lines
10-20 13:00:36.547  1439  2858 I chatty  : uid=1000(system) Binder:1439_9 expire 2 lines
10-20 13:00:36.650 22215 22215 W FingerprintManager: Invalid acquired message: 6, 3
10-20 13:00:37.569  1439  4125 I chatty  : uid=1000(system) Binder:1439_17 expire 1 line
10-20 13:00:43.980   711   735 E NetlinkEvent: NetlinkEvent::FindParam(): Parameter 'INTERFACE' not found
10-20 13:00:43.980   711   735 E NetlinkEvent: NetlinkEvent::FindParam(): Parameter 'STATE' not found
10-20 13:00:43.980   711   735 E NetlinkEvent: NetlinkEvent::FindParam(): Parameter 'TIME_NS' not found
10-20 13:00:43.980   711   735 E NetlinkEvent: NetlinkEvent::FindParam(): Parameter 'UID' not found
10-20 13:00:44.370  1439  1690 I chatty  : uid=1000(system) PowerManagerSer expire 22 lines
10-20 13:00:44.536  1439  1439 I chatty  : uid=1000 system_server expire 108 lines
10-20 13:00:46.130  1439  4667 I chatty  : uid=1000(system) Binder:1439_18 expire 2 lines
10-20 13:00:46.982  1439  4125 I chatty  : uid=1000(system) Binder:1439_17 expire 2 lines
10-20 13:00:49.871   711   735 E NetlinkEvent: NetlinkEvent::FindParam(): Parameter 'INTERFACE' not found
10-20 13:00:49.871   711   735 E NetlinkEvent: NetlinkEvent::FindParam(): Parameter 'STATE' not found
10-20 13:00:49.871   711   735 E NetlinkEvent: NetlinkEvent::FindParam(): Parameter 'TIME_NS' not found
10-20 13:00:49.871   711   735 E NetlinkEvent: NetlinkEvent::FindParam(): Parameter 'UID' not found
10-20 13:00:55.742   711   735 E NetlinkEvent: NetlinkEvent::FindParam(): Parameter 'INTERFACE' not found
10-20 13:00:55.742   711   735 E NetlinkEvent: NetlinkEvent::FindParam(): Parameter 'STATE' not found
10-20 13:00:55.742   711   735 E NetlinkEvent: NetlinkEvent::FindParam(): Parameter 'TIME_NS' not found
10-20 13:00:55.742   711   735 E NetlinkEvent: NetlinkEvent::FindParam(): Parameter 'UID' not found
10-20 13:00:56.680  1439  2226 I chatty  : uid=1000(system) aceService.Main expire 1 line
10-20 13:00:56.680  1439  1439 I chatty  : uid=1000 system_server expire 16 lines
10-20 13:00:56.992  1439  1669 I chatty  : uid=1000(system) android.display expire 6 lines
10-20 13:00:57.226  1439  1667 I chatty  : uid=1000(system) android.fg expire 7 lines
10-20 13:00:57.267  1439  1589 I chatty  : uid=1000(system) ActivityManager expire 1 line
10-20 13:00:57.297  1439  5661 I chatty  : uid=1000(system) Binder:1439_19 expire 7 lines
10-20 13:00:57.587  1439  1582 I chatty  : uid=1000(system) android.bg expire 5 lines
10-20 13:00:57.802  1439 13358 I chatty  : uid=1000(system) Binder:1439_1F expire 2 lines
10-20 13:00:57.864  1439  1673 I chatty  : uid=1000(system) Binder:1439_3 expire 7 lines
10-20 13:00:57.944  1439  1585 I chatty  : uid=1000(system) android.ui expire 2 lines
10-20 13:01:00.206 30572 30585 V ActivityThread: scheduleReceiver info = ActivityInfo{19af5e7 com.google.firebase.iid.FirebaseInstanceIdReceiver} intent = Intent { act=com.google.android.c2dm.intent.RECEIVE flg=0x11080010 pkg=app.insti cmp=app.insti/com.google.firebase.iid.FirebaseInstanceIdReceiver (has extras) } sync = true hasCode = 50481825
10-20 13:01:00.224  3169  8987 V ActivityThread: scheduleRegisteredReceiver receiver= android.app.LoadedApk$ReceiverDispatcher$InnerReceiver@417dfdd intent= Intent { act=com.google.android.c2dm.intent.RECEIVE flg=0x11080010 pkg=app.insti (has extras) } ordered= false sticky = false
10-20 13:01:00.227  3169  3169 I ActivityThread: Dispatching broadcast com.google.android.c2dm.intent.RECEIVE to com.google.android.gms.gcm.DataMessageManager$BroadcastDoneReceiver@64dd752
10-20 13:01:00.525  1439  1690 I chatty  : uid=1000(system) PowerManagerSer expire 7 lines
10-20 13:01:00.771  1439  1990 I chatty  : uid=1000(system) android.anim expire 2 lines
10-20 13:01:00.792  1439  2072 I chatty  : uid=1000(system) PhoneWinHandler expire 1 line
10-20 13:01:00.900  1439  2614 I chatty  : uid=1000(system) watchdog expire 1 line
10-20 13:01:01.794  1439  2834 I chatty  : uid=1000(system) Binder:1439_7 expire 6 lines
10-20 13:01:01.795  1439  1585 I chatty  : uid=1000(system) android.ui expire 6 lines
10-20 13:01:01.809  1439  1669 I chatty  : uid=1000(system) android.display expire 10 lines
10-20 13:01:08.291   711   735 E NetlinkEvent: NetlinkEvent::FindParam(): Parameter 'INTERFACE' not found
10-20 13:01:08.291   711   735 E NetlinkEvent: NetlinkEvent::FindParam(): Parameter 'STATE' not found
10-20 13:01:08.291   711   735 E NetlinkEvent: NetlinkEvent::FindParam(): Parameter 'TIME_NS' not found
10-20 13:01:08.291   711   735 E NetlinkEvent: NetlinkEvent::FindParam(): Parameter 'UID' not found
10-20 13:01:08.526  1439  1690 I chatty  : uid=1000(system) PowerManagerSer expire 22 lines
10-20 13:01:08.556  1439  1439 I chatty  : uid=1000 system_server expire 52 lines
10-20 13:01:10.524  1439  2226 I chatty  : uid=1000(system) aceService.Main expire 2 lines
10-20 13:01:11.038  1439  1667 I chatty  : uid=1000(system) android.fg expire 8 lines
10-20 13:01:11.080  1439  1589 I chatty  : uid=1000(system) ActivityManager expire 3 lines
10-20 13:01:11.110  1439  2858 I chatty  : uid=1000(system) Binder:1439_9 expire 1 line
10-20 13:01:11.190  1439  2594 I chatty  : uid=1000(system) Binder:1439_6 expire 3 lines
10-20 13:01:11.366  1439  1582 I chatty  : uid=1000(system) android.bg expire 8 lines
10-20 13:01:11.571  1439  1475 I chatty  : uid=1000(system) Binder:1439_2 expire 3 lines
10-20 13:01:11.668  1439  4120 I chatty  : uid=1000(system) Binder:1439_15 expire 3 lines
10-20 13:01:13.853  1439  4125 I chatty  : uid=1000(system) Binder:1439_17 expire 7 lines
10-20 13:01:16.920  1190  1340 E storaged: getDiskStats failed with result NOT_SUPPORTED and size 0
10-20 13:01:16.958  1439  3946 I chatty  : uid=1000(system) Binder:1439_10 expire 5 lines
10-20 13:01:23.430   711   735 E NetlinkEvent: NetlinkEvent::FindParam(): Parameter 'INTERFACE' not found
10-20 13:01:23.430   711   735 E NetlinkEvent: NetlinkEvent::FindParam(): Parameter 'STATE' not found
10-20 13:01:23.430   711   735 E NetlinkEvent: NetlinkEvent::FindParam(): Parameter 'TIME_NS' not found
10-20 13:01:23.430   711   735 E NetlinkEvent: NetlinkEvent::FindParam(): Parameter 'UID' not found
10-20 13:01:29.317   711   735 E NetlinkEvent: NetlinkEvent::FindParam(): Parameter 'INTERFACE' not found
10-20 13:01:29.317   711   735 E NetlinkEvent: NetlinkEvent::FindParam(): Parameter 'STATE' not found
10-20 13:01:29.317   711   735 E NetlinkEvent: NetlinkEvent::FindParam(): Parameter 'TIME_NS' not found
10-20 13:01:29.317   711   735 E NetlinkEvent: NetlinkEvent::FindParam(): Parameter 'UID' not found
10-20 13:01:30.904  1439  2614 I chatty  : uid=1000(system) watchdog expire 10 lines
10-20 13:01:35.211   711   735 E NetlinkEvent: NetlinkEvent::FindParam(): Parameter 'INTERFACE' not found
10-20 13:01:35.211   711   735 E NetlinkEvent: NetlinkEvent::FindParam(): Parameter 'STATE' not found
10-20 13:01:35.211   711   735 E NetlinkEvent: NetlinkEvent::FindParam(): Parameter 'TIME_NS' not found
10-20 13:01:35.211   711   735 E NetlinkEvent: NetlinkEvent::FindParam(): Parameter 'UID' not found
10-20 13:01:41.110   711   735 E NetlinkEvent: NetlinkEvent::FindParam(): Parameter 'INTERFACE' not found
10-20 13:01:41.110   711   735 E NetlinkEvent: NetlinkEvent::FindParam(): Parameter 'STATE' not found
10-20 13:01:41.110   711   735 E NetlinkEvent: NetlinkEvent::FindParam(): Parameter 'TIME_NS' not found
10-20 13:01:41.110   711   735 E NetlinkEvent: NetlinkEvent::FindParam(): Parameter 'UID' not found
10-20 13:01:46.976   711   735 E NetlinkEvent: NetlinkEvent::FindParam(): Parameter 'INTERFACE' not found
10-20 13:01:46.976   711   735 E NetlinkEvent: NetlinkEvent::FindParam(): Parameter 'STATE' not found
10-20 13:01:46.976   711   735 E NetlinkEvent: NetlinkEvent::FindParam(): Parameter 'TIME_NS' not found
10-20 13:01:46.976   711   735 E NetlinkEvent: NetlinkEvent::FindParam(): Parameter 'UID' not found
10-20 13:02:16.922  1190  1340 E storaged: getDiskStats failed with result NOT_SUPPORTED and size 0
10-20 13:03:16.925  1190  1340 E storaged: getDiskStats failed with result NOT_SUPPORTED and size 0
10-20 13:03:30.866  7602  7602 E ActivityThread: Service com.firebase.jobdispatcher.GooglePlayReceiver has leaked ServiceConnection auq@204d82 that was originally bound here
10-20 13:03:30.866  7602  7602 E ActivityThread: android.app.ServiceConnectionLeaked: Service com.firebase.jobdispatcher.GooglePlayReceiver has leaked ServiceConnection auq@204d82 that was originally bound here
10-20 13:03:30.866  7602  7602 E ActivityThread: 	at android.app.LoadedApk$ServiceDispatcher.<init>(LoadedApk.java:1771)
10-20 13:03:30.866  7602  7602 E ActivityThread: 	at android.app.LoadedApk.getServiceDispatcher(LoadedApk.java:1663)
10-20 13:03:30.866  7602  7602 E ActivityThread: 	at android.app.ContextImpl.bindServiceCommon(ContextImpl.java:1713)
10-20 13:03:30.866  7602  7602 E ActivityThread: 	at android.app.ContextImpl.bindService(ContextImpl.java:1666)
10-20 13:03:30.866  7602  7602 E ActivityThread: 	at android.content.ContextWrapper.bindService(ContextWrapper.java:709)
10-20 13:03:30.866  7602  7602 E ActivityThread: 	at aub.a(Unknown Source:18)
10-20 13:03:30.866  7602  7602 E ActivityThread: 	at aub.a(Unknown Source:169)
10-20 13:03:30.866  7602  7602 E ActivityThread: 	at auh.handleMessage(Unknown Source:116)
10-20 13:03:30.866  7602  7602 E ActivityThread: 	at android.os.Handler.dispatchMessage(Handler.java:106)
10-20 13:03:30.866  7602  7602 E ActivityThread: 	at android.os.Looper.loop(Looper.java:227)
10-20 13:03:30.866  7602  7602 E ActivityThread: 	at android.app.ActivityThread.main(ActivityThread.java:7200)
10-20 13:03:30.866  7602  7602 E ActivityThread: 	at java.lang.reflect.Method.invoke(Native Method)
10-20 13:03:30.866  7602  7602 E ActivityThread: 	at com.android.internal.os.RuntimeInit$MethodAndArgsCaller.run(RuntimeInit.java:575)
10-20 13:03:30.866  7602  7602 E ActivityThread: 	at com.android.internal.os.ZygoteInit.main(ZygoteInit.java:903)
10-20 13:03:31.290   711   735 E NetlinkEvent: NetlinkEvent::FindParam(): Parameter 'INTERFACE' not found
10-20 13:03:31.290   711   735 E NetlinkEvent: NetlinkEvent::FindParam(): Parameter 'STATE' not found
10-20 13:03:31.290   711   735 E NetlinkEvent: NetlinkEvent::FindParam(): Parameter 'TIME_NS' not found
10-20 13:03:31.290   711   735 E NetlinkEvent: NetlinkEvent::FindParam(): Parameter 'UID' not found
10-20 13:03:32.191   711   735 E NetlinkEvent: NetlinkEvent::FindParam(): Parameter 'INTERFACE' not found
10-20 13:03:32.192   711   735 E NetlinkEvent: NetlinkEvent::FindParam(): Parameter 'STATE' not found
10-20 13:03:32.192   711   735 E NetlinkEvent: NetlinkEvent::FindParam(): Parameter 'TIME_NS' not found
10-20 13:03:32.192   711   735 E NetlinkEvent: NetlinkEvent::FindParam(): Parameter 'UID' not found
10-20 13:03:48.071   711   735 E NetlinkEvent: NetlinkEvent::FindParam(): Parameter 'INTERFACE' not found
10-20 13:03:48.071   711   735 E NetlinkEvent: NetlinkEvent::FindParam(): Parameter 'STATE' not found
10-20 13:03:48.071   711   735 E NetlinkEvent: NetlinkEvent::FindParam(): Parameter 'TIME_NS' not found
10-20 13:03:48.071   711   735 E NetlinkEvent: NetlinkEvent::FindParam(): Parameter 'UID' not found
10-20 13:03:53.969   711   735 E NetlinkEvent: NetlinkEvent::FindParam(): Parameter 'INTERFACE' not found
10-20 13:03:53.969   711   735 E NetlinkEvent: NetlinkEvent::FindParam(): Parameter 'STATE' not found
10-20 13:03:53.969   711   735 E NetlinkEvent: NetlinkEvent::FindParam(): Parameter 'TIME_NS' not found
10-20 13:03:53.969   711   735 E NetlinkEvent: NetlinkEvent::FindParam(): Parameter 'UID' not found
10-20 13:03:59.838   711   735 E NetlinkEvent: NetlinkEvent::FindParam(): Parameter 'INTERFACE' not found
10-20 13:03:59.838   711   735 E NetlinkEvent: NetlinkEvent::FindParam(): Parameter 'STATE' not found
10-20 13:03:59.838   711   735 E NetlinkEvent: NetlinkEvent::FindParam(): Parameter 'TIME_NS' not found
10-20 13:03:59.838   711   735 E NetlinkEvent: NetlinkEvent::FindParam(): Parameter 'UID' not found
10-20 13:04:05.746   711   735 E NetlinkEvent: NetlinkEvent::FindParam(): Parameter 'INTERFACE' not found
10-20 13:04:05.746   711   735 E NetlinkEvent: NetlinkEvent::FindParam(): Parameter 'STATE' not found
10-20 13:04:05.746   711   735 E NetlinkEvent: NetlinkEvent::FindParam(): Parameter 'TIME_NS' not found
10-20 13:04:05.746   711   735 E NetlinkEvent: NetlinkEvent::FindParam(): Parameter 'UID' not found
10-20 13:04:11.610   711   735 E NetlinkEvent: NetlinkEvent::FindParam(): Parameter 'INTERFACE' not found
10-20 13:04:11.610   711   735 E NetlinkEvent: NetlinkEvent::FindParam(): Parameter 'STATE' not found
10-20 13:04:11.610   711   735 E NetlinkEvent: NetlinkEvent::FindParam(): Parameter 'TIME_NS' not found
10-20 13:04:11.610   711   735 E NetlinkEvent: NetlinkEvent::FindParam(): Parameter 'UID' not found
10-20 13:04:16.927  1190  1340 E storaged: getDiskStats failed with result NOT_SUPPORTED and size 0
10-20 13:04:22.913  1439  3000 I chatty  : uid=1000(system) Binder:1439_A expire 4 lines
10-20 13:04:41.948   711   735 E NetlinkEvent: NetlinkEvent::FindParam(): Parameter 'INTERFACE' not found
10-20 13:04:41.948   711   735 E NetlinkEvent: NetlinkEvent::FindParam(): Parameter 'STATE' not found
10-20 13:04:41.948   711   735 E NetlinkEvent: NetlinkEvent::FindParam(): Parameter 'TIME_NS' not found
10-20 13:04:41.948   711   735 E NetlinkEvent: NetlinkEvent::FindParam(): Parameter 'UID' not found
10-20 13:04:49.952  1439  1584 I chatty  : uid=1000(system) ActivityManager expire 1 line
10-20 13:04:57.950   711   735 E NetlinkEvent: NetlinkEvent::FindParam(): Parameter 'INTERFACE' not found
10-20 13:04:57.951   711   735 E NetlinkEvent: NetlinkEvent::FindParam(): Parameter 'STATE' not found
10-20 13:04:57.951   711   735 E NetlinkEvent: NetlinkEvent::FindParam(): Parameter 'TIME_NS' not found
10-20 13:04:57.951   711   735 E NetlinkEvent: NetlinkEvent::FindParam(): Parameter 'UID' not found
10-20 13:05:01.926  1439  1690 I chatty  : uid=1000(system) PowerManagerSer expire 10 lines
10-20 13:05:03.830   711   735 E NetlinkEvent: NetlinkEvent::FindParam(): Parameter 'INTERFACE' not found
10-20 13:05:03.830   711   735 E NetlinkEvent: NetlinkEvent::FindParam(): Parameter 'STATE' not found
10-20 13:05:03.830   711   735 E NetlinkEvent: NetlinkEvent::FindParam(): Parameter 'TIME_NS' not found
10-20 13:05:03.830   711   735 E NetlinkEvent: NetlinkEvent::FindParam(): Parameter 'UID' not found
10-20 13:05:09.749   711   735 E NetlinkEvent: NetlinkEvent::FindParam(): Parameter 'INTERFACE' not found
10-20 13:05:09.749   711   735 E NetlinkEvent: NetlinkEvent::FindParam(): Parameter 'STATE' not found
10-20 13:05:09.749   711   735 E NetlinkEvent: NetlinkEvent::FindParam(): Parameter 'TIME_NS' not found
10-20 13:05:09.749   711   735 E NetlinkEvent: NetlinkEvent::FindParam(): Parameter 'UID' not found
10-20 13:05:15.631   711   735 E NetlinkEvent: NetlinkEvent::FindParam(): Parameter 'INTERFACE' not found
10-20 13:05:15.631   711   735 E NetlinkEvent: NetlinkEvent::FindParam(): Parameter 'STATE' not found
10-20 13:05:15.631   711   735 E NetlinkEvent: NetlinkEvent::FindParam(): Parameter 'TIME_NS' not found
10-20 13:05:15.631   711   735 E NetlinkEvent: NetlinkEvent::FindParam(): Parameter 'UID' not found
10-20 13:05:16.930  1190  1340 E storaged: getDiskStats failed with result NOT_SUPPORTED and size 0
10-20 13:05:20.286  1439  4104 I chatty  : uid=1000(system) Binder:1439_13 expire 1 line
10-20 13:05:20.335  1439 31554 I chatty  : uid=1000 system_server expire 1 line
10-20 13:05:21.511   711   735 E NetlinkEvent: NetlinkEvent::FindParam(): Parameter 'INTERFACE' not found
10-20 13:05:21.511   711   735 E NetlinkEvent: NetlinkEvent::FindParam(): Parameter 'STATE' not found
10-20 13:05:21.511   711   735 E NetlinkEvent: NetlinkEvent::FindParam(): Parameter 'TIME_NS' not found
10-20 13:05:21.511   711   735 E NetlinkEvent: NetlinkEvent::FindParam(): Parameter 'UID' not found
10-20 13:05:43.031   711   735 E NetlinkEvent: NetlinkEvent::FindParam(): Parameter 'INTERFACE' not found
10-20 13:05:43.032   711   735 E NetlinkEvent: NetlinkEvent::FindParam(): Parameter 'STATE' not found
10-20 13:05:43.032   711   735 E NetlinkEvent: NetlinkEvent::FindParam(): Parameter 'TIME_NS' not found
10-20 13:05:43.032   711   735 E NetlinkEvent: NetlinkEvent::FindParam(): Parameter 'UID' not found
10-20 13:05:48.910   711   735 E NetlinkEvent: NetlinkEvent::FindParam(): Parameter 'INTERFACE' not found
10-20 13:05:48.910   711   735 E NetlinkEvent: NetlinkEvent::FindParam(): Parameter 'STATE' not found
10-20 13:05:48.910   711   735 E NetlinkEvent: NetlinkEvent::FindParam(): Parameter 'TIME_NS' not found
10-20 13:05:48.910   711   735 E NetlinkEvent: NetlinkEvent::FindParam(): Parameter 'UID' not found
10-20 13:05:54.791   711   735 E NetlinkEvent: NetlinkEvent::FindParam(): Parameter 'INTERFACE' not found
10-20 13:05:54.791   711   735 E NetlinkEvent: NetlinkEvent::FindParam(): Parameter 'STATE' not found
10-20 13:05:54.791   711   735 E NetlinkEvent: NetlinkEvent::FindParam(): Parameter 'TIME_NS' not found
10-20 13:05:54.791   711   735 E NetlinkEvent: NetlinkEvent::FindParam(): Parameter 'UID' not found
10-20 13:05:59.764   711   735 E NetlinkEvent: NetlinkEvent::FindParam(): Parameter 'INTERFACE' not found
10-20 13:05:59.764   711   735 E NetlinkEvent: NetlinkEvent::FindParam(): Parameter 'STATE' not found
10-20 13:05:59.764   711   735 E NetlinkEvent: NetlinkEvent::FindParam(): Parameter 'TIME_NS' not found
10-20 13:05:59.764   711   735 E NetlinkEvent: NetlinkEvent::FindParam(): Parameter 'UID' not found
10-20 13:06:00.009  1439 12510 I chatty  : uid=1000(system) Binder:1439_1E expire 4 lines
10-20 13:06:00.011  1439  4667 I chatty  : uid=1000(system) Binder:1439_18 expire 4 lines
10-20 13:06:00.074  1439  5661 I chatty  : uid=1000(system) Binder:1439_19 expire 1 line
10-20 13:06:00.088  1439  1439 I chatty  : uid=1000 system_server expire 56 lines
10-20 13:06:00.122  1439  5822 I chatty  : uid=1000(system) Binder:1439_1C expire 1 line
10-20 13:06:00.155  1439  1990 I chatty  : uid=1000(system) android.anim expire 2 lines
10-20 13:06:00.172  1439  2072 I chatty  : uid=1000(system) PhoneWinHandler expire 2 lines
10-20 13:06:00.256 22215 22215 W FingerprintManager: Invalid acquired message: 6, 3
10-20 13:06:08.593   711   735 E NetlinkEvent: NetlinkEvent::FindParam(): Parameter 'INTERFACE' not found
10-20 13:06:08.593   711   735 E NetlinkEvent: NetlinkEvent::FindParam(): Parameter 'STATE' not found
10-20 13:06:08.593   711   735 E NetlinkEvent: NetlinkEvent::FindParam(): Parameter 'TIME_NS' not found
10-20 13:06:08.593   711   735 E NetlinkEvent: NetlinkEvent::FindParam(): Parameter 'UID' not found
10-20 13:06:10.008  1439  1690 I chatty  : uid=1000(system) PowerManagerSer expire 13 lines
10-20 13:06:10.300  1439  1669 I chatty  : uid=1000(system) android.display expire 2 lines
10-20 13:06:10.686  1439 13358 I chatty  : uid=1000(system) Binder:1439_1F expire 1 line
10-20 13:06:11.099  1439  3380 I chatty  : uid=1000(system) Binder:1439_D expire 5 lines
10-20 13:06:11.173  1439  1669 I chatty  : uid=1000(system) android.display expire 4 lines
10-20 13:06:11.179  1439  1690 I chatty  : uid=1000(system) PowerManagerSer expire 7 lines
10-20 13:06:11.286  1439  1585 I chatty  : uid=1000(system) android.ui expire 2 lines
10-20 13:06:11.439  1439  1439 I chatty  : uid=1000 system_server expire 3 lines
10-20 13:06:12.905  1439  1582 I chatty  : uid=1000(system) android.bg expire 4 lines
10-20 13:06:13.013  1439  5822 I chatty  : uid=1000(system) Binder:1439_1C expire 3 lines
10-20 13:06:14.690  1439  3000 I chatty  : uid=1000(system) Binder:1439_A expire 6 lines
10-20 13:06:15.702  1439  4111 I chatty  : uid=1000(system) Binder:1439_14 expire 4 lines
10-20 13:06:16.933  1190  1340 E storaged: getDiskStats failed with result NOT_SUPPORTED and size 0
10-20 13:06:17.329   711   735 E NetlinkEvent: NetlinkEvent::FindParam(): Parameter 'INTERFACE' not found
10-20 13:06:17.329   711   735 E NetlinkEvent: NetlinkEvent::FindParam(): Parameter 'STATE' not found
10-20 13:06:17.329   711   735 E NetlinkEvent: NetlinkEvent::FindParam(): Parameter 'TIME_NS' not found
10-20 13:06:17.329   711   735 E NetlinkEvent: NetlinkEvent::FindParam(): Parameter 'UID' not found
10-20 13:06:30.935  1439  2614 I chatty  : uid=1000(system) watchdog expire 7 lines
10-20 13:06:38.827   711   735 E NetlinkEvent: NetlinkEvent::FindParam(): Parameter 'INTERFACE' not found
10-20 13:06:38.827   711   735 E NetlinkEvent: NetlinkEvent::FindParam(): Parameter 'STATE' not found
