10-20 14:05:25.420 10056 10056 E AndroidRuntime: Caused by: java.lang.NullPointerException: Attempt to get length of null array
10-20 14:05:25.420 10056 10056 E AndroidRuntime: 	at com.google.mediapipe.apps.edgedetectiongpu.MainActivity.onCreate(MainActivity.java:141)
10-20 14:05:25.420 10056 10056 E AndroidRuntime: 	at android.app.Activity.performCreate(Activity.java:7315)
10-20 14:05:25.420 10056 10056 E AndroidRuntime: 	at android.app.Activity.performCreate(Activity.java:7306)
10-20 14:05:25.420 10056 10056 E AndroidRuntime: 	at android.app.Instrumentation.callActivityOnCreate(Instrumentation.java:1272)
10-20 14:05:25.420 10056 10056 E AndroidRuntime: 	at android.app.ActivityThread.performLaunchActivity(ActivityThread.java:3118)
10-20 14:05:25.420 10056 10056 E AndroidRuntime: 	... 11 more
10-20 14:05:25.424  1439  3130 I chatty  : uid=1000(system) Binder:1439_B expire 3 lines
10-20 14:05:25.425  1439 10076 I chatty  : uid=1000 system_server expire 6 lines
10-20 14:05:25.477  1439  2461 I chatty  : uid=1000(system) oppocrashclear expire 8 lines
10-20 14:05:25.505  1439  1473 I chatty  : uid=1000(system) Binder:1439_1 expire 3 lines
10-20 14:05:26.495  1439  1584 I chatty  : uid=1000(system) ActivityManager expire 8 lines
10-20 14:05:31.310  1439  2614 I chatty  : uid=1000(system) watchdog expire 2 lines
10-20 14:05:53.629   711   735 E NetlinkEvent: NetlinkEvent::FindParam(): Parameter 'INTERFACE' not found
10-20 14:05:53.630   711   735 E NetlinkEvent: NetlinkEvent::FindParam(): Parameter 'STATE' not found
10-20 14:05:53.630   711   735 E NetlinkEvent: NetlinkEvent::FindParam(): Parameter 'TIME_NS' not found
10-20 14:05:53.630   711   735 E NetlinkEvent: NetlinkEvent::FindParam(): Parameter 'UID' not found
10-20 14:05:54.895  3548  6707 V ActivityThread: scheduleReceiver info = ActivityInfo{545c36a com.google.android.gms.checkin.CheckinServiceTriggerReceiver} intent = Intent { act=com.google.android.c2dm.intent.RECEIVE flg=0x1080010 pkg=com.google.android.gms cmp=com.google.android.gms/.checkin.CheckinServiceTriggerReceiver (has extras) } sync = true hasCode = 193746751
10-20 14:05:54.904  3548  6707 V ActivityThread: scheduleReceiver info = ActivityInfo{e3ab05b com.google.android.gms.gcm.GcmInternalReceiver} intent = Intent { act=com.google.android.c2dm.intent.RECEIVE flg=0x1080010 pkg=com.google.android.gms cmp=com.google.android.gms/.gcm.GcmInternalReceiver (has extras) } sync = true hasCode = 118523916
10-20 14:05:54.914  3169  3188 V ActivityThread: scheduleRegisteredReceiver receiver= android.app.LoadedApk$ReceiverDispatcher$InnerReceiver@e6a8836 intent= Intent { act=com.google.android.c2dm.intent.RECEIVE flg=0x1080010 pkg=com.google.android.gms (has extras) } ordered= false sticky = false
10-20 14:05:54.914  3169  3169 I ActivityThread: Dispatching broadcast com.google.android.c2dm.intent.RECEIVE to com.google.android.gms.gcm.DataMessageManager$BroadcastDoneReceiver@8a0a337
10-20 14:05:55.265   711   735 E NetlinkEvent: NetlinkEvent::FindParam(): Parameter 'INTERFACE' not found
10-20 14:05:55.265   711   735 E NetlinkEvent: NetlinkEvent::FindParam(): Parameter 'STATE' not found
10-20 14:05:55.265   711   735 E NetlinkEvent: NetlinkEvent::FindParam(): Parameter 'TIME_NS' not found
10-20 14:05:55.265   711   735 E NetlinkEvent: NetlinkEvent::FindParam(): Parameter 'UID' not found
10-20 14:06:06.154   711   735 E NetlinkEvent: NetlinkEvent::FindParam(): Parameter 'INTERFACE' not found
10-20 14:06:06.154   711   735 E NetlinkEvent: NetlinkEvent::FindParam(): Parameter 'STATE' not found
10-20 14:06:06.154   711   735 E NetlinkEvent: NetlinkEvent::FindParam(): Parameter 'TIME_NS' not found
10-20 14:06:06.154   711   735 E NetlinkEvent: NetlinkEvent::FindParam(): Parameter 'UID' not found
10-20 14:06:10.898  1439  1974 I chatty  : uid=1000(system) PackageInstalle expire 2 lines
10-20 14:06:11.558  1439  1713 I chatty  : uid=1000(system) PackageManager expire 33 lines
10-20 14:06:11.990   711   735 E NetlinkEvent: NetlinkEvent::FindParam(): Parameter 'INTERFACE' not found
10-20 14:06:11.990   711   735 E NetlinkEvent: NetlinkEvent::FindParam(): Parameter 'STATE' not found
10-20 14:06:11.990   711   735 E NetlinkEvent: NetlinkEvent::FindParam(): Parameter 'TIME_NS' not found
10-20 14:06:11.990   711   735 E NetlinkEvent: NetlinkEvent::FindParam(): Parameter 'UID' not found
10-20 14:06:13.524  1439  1439 I chatty  : uid=1000 system_server expire 6 lines
10-20 14:06:13.726  1439  1475 I chatty  : uid=1000(system) Binder:1439_2 expire 1 line
10-20 14:06:14.883  1439  1582 I chatty  : uid=1000(system) android.bg expire 1 line
10-20 14:06:15.662  1439  4125 I chatty  : uid=1000(system) Binder:1439_17 expire 8 lines
10-20 14:06:15.715  1439  2834 I chatty  : uid=1000(system) Binder:1439_7 expire 18 lines
10-20 14:06:15.739  1439  3130 I chatty  : uid=1000(system) Binder:1439_B expire 2 lines
10-20 14:06:15.756  1439  4667 I chatty  : uid=1000(system) Binder:1439_18 expire 12 lines
10-20 14:06:15.861  1439  2209 I chatty  : uid=1000(system) MotorManager expire 7 lines
10-20 14:06:15.938  1439  1589 I chatty  : uid=1000(system) ActivityManager expire 2 lines
10-20 14:06:15.981  1439  1585 I chatty  : uid=1000(system) android.ui expire 10 lines
10-20 14:06:15.986  1439  1990 I chatty  : uid=1000(system) android.anim expire 14 lines
10-20 14:06:16.001  1439  1991 I chatty  : uid=1000(system) android.anim.lf expire 38 lines
10-20 14:06:16.337 10241 10241 E AndroidRuntime: FATAL EXCEPTION: main
10-20 14:06:16.337 10241 10241 E AndroidRuntime: Process: com.google.mediapipe.apps.edgedetectiongpu, PID: 10241
10-20 14:06:16.337 10241 10241 E AndroidRuntime: java.lang.RuntimeException: Unable to start activity ComponentInfo{com.google.mediapipe.apps.edgedetectiongpu/com.google.mediapipe.apps.edgedetectiongpu.MainActivity}: java.lang.NullPointerException: Attempt to get length of null array
10-20 14:06:16.337 10241 10241 E AndroidRuntime: 	at android.app.ActivityThread.performLaunchActivity(ActivityThread.java:3138)
10-20 14:06:16.337 10241 10241 E AndroidRuntime: 	at android.app.ActivityThread.handleLaunchActivity(ActivityThread.java:3289)
10-20 14:06:16.337 10241 10241 E AndroidRuntime: 	at android.app.servertransaction.LaunchActivityItem.execute(LaunchActivityItem.java:78)
10-20 14:06:16.337 10241 10241 E AndroidRuntime: 	at android.app.servertransaction.TransactionExecutor.executeCallbacks(TransactionExecutor.java:108)
10-20 14:06:16.337 10241 10241 E AndroidRuntime: 	at android.app.servertransaction.TransactionExecutor.execute(TransactionExecutor.java:68)
10-20 14:06:16.337 10241 10241 E AndroidRuntime: 	at android.app.ActivityThread$H.handleMessage(ActivityThread.java:2012)
10-20 14:06:16.337 10241 10241 E AndroidRuntime: 	at android.os.Handler.dispatchMessage(Handler.java:106)
10-20 14:06:16.337 10241 10241 E AndroidRuntime: 	at android.os.Looper.loop(Looper.java:227)
10-20 14:06:16.337 10241 10241 E AndroidRuntime: 	at android.app.ActivityThread.main(ActivityThread.java:7200)
10-20 14:06:16.337 10241 10241 E AndroidRuntime: 	at java.lang.reflect.Method.invoke(Native Method)
10-20 14:06:16.337 10241 10241 E AndroidRuntime: 	at com.android.internal.os.RuntimeInit$MethodAndArgsCaller.run(RuntimeInit.java:575)
10-20 14:06:16.337 10241 10241 E AndroidRuntime: 	at com.android.internal.os.ZygoteInit.main(ZygoteInit.java:903)
10-20 14:06:16.337 10241 10241 E AndroidRuntime: Caused by: java.lang.NullPointerException: Attempt to get length of null array
10-20 14:06:16.337 10241 10241 E AndroidRuntime: 	at com.google.mediapipe.apps.edgedetectiongpu.MainActivity.onCreate(MainActivity.java:141)
10-20 14:06:16.337 10241 10241 E AndroidRuntime: 	at android.app.Activity.performCreate(Activity.java:7315)
10-20 14:06:16.337 10241 10241 E AndroidRuntime: 	at android.app.Activity.performCreate(Activity.java:7306)
10-20 14:06:16.337 10241 10241 E AndroidRuntime: 	at android.app.Instrumentation.callActivityOnCreate(Instrumentation.java:1272)
10-20 14:06:16.337 10241 10241 E AndroidRuntime: 	at android.app.ActivityThread.performLaunchActivity(ActivityThread.java:3118)
10-20 14:06:16.337 10241 10241 E AndroidRuntime: 	... 11 more
10-20 14:06:16.344  1439  2490 I chatty  : uid=1000(system) Binder:1439_5 expire 2 lines
10-20 14:06:16.388  1439 10262 I chatty  : uid=1000 system_server expire 6 lines
10-20 14:06:16.517  1439  1669 I chatty  : uid=1000(system) android.display expire 3 lines
10-20 14:06:16.563  1439  1439 I chatty  : uid=1000 system_server expire 6 lines
10-20 14:06:16.582  1439  1587 I chatty  : uid=1000(system) BroadcastQueue expire 4 lines
10-20 14:06:16.620  1439  4111 I chatty  : uid=1000(system) Binder:1439_14 expire 8 lines
10-20 14:06:16.668  1439  2839 I chatty  : uid=1000(system) Binder:1439_8 expire 7 lines
10-20 14:06:16.808  1439  4104 I chatty  : uid=1000(system) Binder:1439_13 expire 6 lines
10-20 14:06:16.963  1439  3912 I chatty  : uid=1000(system) backup expire 2 lines
10-20 14:06:17.243  1190  1340 E storaged: getDiskStats failed with result NOT_SUPPORTED and size 0
10-20 14:06:18.247 10272 10272 E AndroidRuntime: FATAL EXCEPTION: main
10-20 14:06:18.247 10272 10272 E AndroidRuntime: Process: com.google.mediapipe.apps.edgedetectiongpu, PID: 10272
10-20 14:06:18.247 10272 10272 E AndroidRuntime: java.lang.RuntimeException: Unable to start activity ComponentInfo{com.google.mediapipe.apps.edgedetectiongpu/com.google.mediapipe.apps.edgedetectiongpu.MainActivity}: java.lang.NullPointerException: Attempt to get length of null array
10-20 14:06:18.247 10272 10272 E AndroidRuntime: 	at android.app.ActivityThread.performLaunchActivity(ActivityThread.java:3138)
10-20 14:06:18.247 10272 10272 E AndroidRuntime: 	at android.app.ActivityThread.handleLaunchActivity(ActivityThread.java:3289)
10-20 14:06:18.247 10272 10272 E AndroidRuntime: 	at android.app.servertransaction.LaunchActivityItem.execute(LaunchActivityItem.java:78)
10-20 14:06:18.247 10272 10272 E AndroidRuntime: 	at android.app.servertransaction.TransactionExecutor.executeCallbacks(TransactionExecutor.java:108)
10-20 14:06:18.247 10272 10272 E AndroidRuntime: 	at android.app.servertransaction.TransactionExecutor.execute(TransactionExecutor.java:68)
10-20 14:06:18.247 10272 10272 E AndroidRuntime: 	at android.app.ActivityThread$H.handleMessage(ActivityThread.java:2012)
10-20 14:06:18.247 10272 10272 E AndroidRuntime: 	at android.os.Handler.dispatchMessage(Handler.java:106)
10-20 14:06:18.247 10272 10272 E AndroidRuntime: 	at android.os.Looper.loop(Looper.java:227)
10-20 14:06:18.247 10272 10272 E AndroidRuntime: 	at android.app.ActivityThread.main(ActivityThread.java:7200)
10-20 14:06:18.247 10272 10272 E AndroidRuntime: 	at java.lang.reflect.Method.invoke(Native Method)
10-20 14:06:18.247 10272 10272 E AndroidRuntime: 	at com.android.internal.os.RuntimeInit$MethodAndArgsCaller.run(RuntimeInit.java:575)
10-20 14:06:18.247 10272 10272 E AndroidRuntime: 	at com.android.internal.os.ZygoteInit.main(ZygoteInit.java:903)
10-20 14:06:18.247 10272 10272 E AndroidRuntime: Caused by: java.lang.NullPointerException: Attempt to get length of null array
10-20 14:06:18.247 10272 10272 E AndroidRuntime: 	at com.google.mediapipe.apps.edgedetectiongpu.MainActivity.onCreate(MainActivity.java:141)
10-20 14:06:18.247 10272 10272 E AndroidRuntime: 	at android.app.Activity.performCreate(Activity.java:7315)
10-20 14:06:18.247 10272 10272 E AndroidRuntime: 	at android.app.Activity.performCreate(Activity.java:7306)
10-20 14:06:18.247 10272 10272 E AndroidRuntime: 	at android.app.Instrumentation.callActivityOnCreate(Instrumentation.java:1272)
10-20 14:06:18.247 10272 10272 E AndroidRuntime: 	at android.app.ActivityThread.performLaunchActivity(ActivityThread.java:3118)
10-20 14:06:18.247 10272 10272 E AndroidRuntime: 	... 11 more
10-20 14:06:18.250  1439 10293 I chatty  : uid=1000 system_server expire 6 lines
10-20 14:06:18.299  1439  1473 I chatty  : uid=1000(system) Binder:1439_1 expire 8 lines
10-20 14:06:21.207   711   735 E NetlinkEvent: NetlinkEvent::FindParam(): Parameter 'INTERFACE' not found
10-20 14:06:21.207   711   735 E NetlinkEvent: NetlinkEvent::FindParam(): Parameter 'STATE' not found
10-20 14:06:21.207   711   735 E NetlinkEvent: NetlinkEvent::FindParam(): Parameter 'TIME_NS' not found
10-20 14:06:21.207   711   735 E NetlinkEvent: NetlinkEvent::FindParam(): Parameter 'UID' not found
10-20 14:06:28.177   711   735 E NetlinkEvent: NetlinkEvent::FindParam(): Parameter 'INTERFACE' not found
10-20 14:06:28.177   711   735 E NetlinkEvent: NetlinkEvent::FindParam(): Parameter 'STATE' not found
10-20 14:06:28.177   711   735 E NetlinkEvent: NetlinkEvent::FindParam(): Parameter 'TIME_NS' not found
10-20 14:06:28.177   711   735 E NetlinkEvent: NetlinkEvent::FindParam(): Parameter 'UID' not found
10-20 14:06:31.316  1439  2614 I chatty  : uid=1000(system) watchdog expire 3 lines
10-20 14:06:53.276   711   735 E NetlinkEvent: NetlinkEvent::FindParam(): Parameter 'INTERFACE' not found
10-20 14:06:53.276   711   735 E NetlinkEvent: NetlinkEvent::FindParam(): Parameter 'STATE' not found
10-20 14:06:53.276   711   735 E NetlinkEvent: NetlinkEvent::FindParam(): Parameter 'TIME_NS' not found
10-20 14:06:53.276   711   735 E NetlinkEvent: NetlinkEvent::FindParam(): Parameter 'UID' not found
10-20 14:06:59.134   711   735 E NetlinkEvent: NetlinkEvent::FindParam(): Parameter 'INTERFACE' not found
10-20 14:06:59.135   711   735 E NetlinkEvent: NetlinkEvent::FindParam(): Parameter 'STATE' not found
10-20 14:06:59.135   711   735 E NetlinkEvent: NetlinkEvent::FindParam(): Parameter 'TIME_NS' not found
10-20 14:06:59.135   711   735 E NetlinkEvent: NetlinkEvent::FindParam(): Parameter 'UID' not found
10-20 14:07:00.932   711   735 E NetlinkEvent: NetlinkEvent::FindParam(): Parameter 'INTERFACE' not found
10-20 14:07:00.932   711   735 E NetlinkEvent: NetlinkEvent::FindParam(): Parameter 'STATE' not found
10-20 14:07:00.932   711   735 E NetlinkEvent: NetlinkEvent::FindParam(): Parameter 'TIME_NS' not found
10-20 14:07:00.932   711   735 E NetlinkEvent: NetlinkEvent::FindParam(): Parameter 'UID' not found
10-20 14:07:06.837   711   735 E NetlinkEvent: NetlinkEvent::FindParam(): Parameter 'INTERFACE' not found
10-20 14:07:06.837   711   735 E NetlinkEvent: NetlinkEvent::FindParam(): Parameter 'STATE' not found
10-20 14:07:06.837   711   735 E NetlinkEvent: NetlinkEvent::FindParam(): Parameter 'TIME_NS' not found
10-20 14:07:06.837   711   735 E NetlinkEvent: NetlinkEvent::FindParam(): Parameter 'UID' not found
10-20 14:07:12.726   711   735 E NetlinkEvent: NetlinkEvent::FindParam(): Parameter 'INTERFACE' not found
10-20 14:07:12.726   711   735 E NetlinkEvent: NetlinkEvent::FindParam(): Parameter 'STATE' not found
10-20 14:07:12.726   711   735 E NetlinkEvent: NetlinkEvent::FindParam(): Parameter 'TIME_NS' not found
10-20 14:07:12.726   711   735 E NetlinkEvent: NetlinkEvent::FindParam(): Parameter 'UID' not found
10-20 14:07:17.245  1190  1340 E storaged: getDiskStats failed with result NOT_SUPPORTED and size 0
10-20 14:07:18.617   711   735 E NetlinkEvent: NetlinkEvent::FindParam(): Parameter 'INTERFACE' not found
10-20 14:07:18.617   711   735 E NetlinkEvent: NetlinkEvent::FindParam(): Parameter 'STATE' not found
10-20 14:07:18.617   711   735 E NetlinkEvent: NetlinkEvent::FindParam(): Parameter 'TIME_NS' not found
10-20 14:07:18.617   711   735 E NetlinkEvent: NetlinkEvent::FindParam(): Parameter 'UID' not found
10-20 14:07:26.540  1439  1585 I chatty  : uid=1000(system) android.ui expire 6 lines
10-20 14:07:26.541  2774  2774 D ViewRootImpl: Swipe From Bottom Rotation 0 mIgnoring true downY 2287 mScreenHeight 2340 mStatusBarHeight 54 globalScale 1.3235294
10-20 14:07:28.613  1439  3946 I chatty  : uid=1000(system) Binder:1439_10 expire 15 lines
10-20 14:07:28.746  1439  1990 I chatty  : uid=1000(system) android.anim expire 12 lines
10-20 14:07:28.759  1439  4667 I chatty  : uid=1000(system) Binder:1439_18 expire 1 line
10-20 14:07:28.765  1439  1991 I chatty  : uid=1000(system) android.anim.lf expire 19 lines
10-20 14:07:29.041  1439  1584 I chatty  : uid=1000(system) ActivityManager expire 8 lines
10-20 14:07:29.337   711   735 E NetlinkEvent: NetlinkEvent::FindParam(): Parameter 'INTERFACE' not found
10-20 14:07:29.338   711   735 E NetlinkEvent: NetlinkEvent::FindParam(): Parameter 'STATE' not found
10-20 14:07:29.338   711   735 E NetlinkEvent: NetlinkEvent::FindParam(): Parameter 'TIME_NS' not found
10-20 14:07:29.338   711   735 E NetlinkEvent: NetlinkEvent::FindParam(): Parameter 'UID' not found
10-20 14:07:30.242  3209  3209 D ViewRootImpl: Swipe From Side Rotation 0 mIgnoring true downX 28 downY 1676 mScreenHeight 2340 mScreenWidth 1080 mStatusBarHeight 54 globalScale 1.3235294
10-20 14:07:33.305  1439  1990 I chatty  : uid=1000(system) android.anim expire 25 lines
10-20 14:07:45.250   711   735 E NetlinkEvent: NetlinkEvent::FindParam(): Parameter 'INTERFACE' not found
10-20 14:07:45.250   711   735 E NetlinkEvent: NetlinkEvent::FindParam(): Parameter 'STATE' not found
10-20 14:07:45.250   711   735 E NetlinkEvent: NetlinkEvent::FindParam(): Parameter 'TIME_NS' not found
10-20 14:07:45.250   711   735 E NetlinkEvent: NetlinkEvent::FindParam(): Parameter 'UID' not found
10-20 14:07:51.129   711   735 E NetlinkEvent: NetlinkEvent::FindParam(): Parameter 'INTERFACE' not found
10-20 14:07:51.129   711   735 E NetlinkEvent: NetlinkEvent::FindParam(): Parameter 'STATE' not found
10-20 14:07:51.129   711   735 E NetlinkEvent: NetlinkEvent::FindParam(): Parameter 'TIME_NS' not found
10-20 14:07:51.129   711   735 E NetlinkEvent: NetlinkEvent::FindParam(): Parameter 'UID' not found
10-20 14:07:57.011   711   735 E NetlinkEvent: NetlinkEvent::FindParam(): Parameter 'INTERFACE' not found
10-20 14:07:57.011   711   735 E NetlinkEvent: NetlinkEvent::FindParam(): Parameter 'STATE' not found
10-20 14:07:57.011   711   735 E NetlinkEvent: NetlinkEvent::FindParam(): Parameter 'TIME_NS' not found
10-20 14:07:57.011   711   735 E NetlinkEvent: NetlinkEvent::FindParam(): Parameter 'UID' not found
10-20 14:08:01.327  1439  2614 I chatty  : uid=1000(system) watchdog expire 3 lines
10-20 14:08:02.910   711   735 E NetlinkEvent: NetlinkEvent::FindParam(): Parameter 'INTERFACE' not found
10-20 14:08:02.910   711   735 E NetlinkEvent: NetlinkEvent::FindParam(): Parameter 'STATE' not found
10-20 14:08:02.910   711   735 E NetlinkEvent: NetlinkEvent::FindParam(): Parameter 'TIME_NS' not found
10-20 14:08:02.910   711   735 E NetlinkEvent: NetlinkEvent::FindParam(): Parameter 'UID' not found
10-20 14:08:08.777   711   735 E NetlinkEvent: NetlinkEvent::FindParam(): Parameter 'INTERFACE' not found
10-20 14:08:08.777   711   735 E NetlinkEvent: NetlinkEvent::FindParam(): Parameter 'STATE' not found
10-20 14:08:08.777   711   735 E NetlinkEvent: NetlinkEvent::FindParam(): Parameter 'TIME_NS' not found
10-20 14:08:08.777   711   735 E NetlinkEvent: NetlinkEvent::FindParam(): Parameter 'UID' not found
10-20 14:08:16.047  1439  2839 I chatty  : uid=1000(system) Binder:1439_8 expire 6 lines
10-20 14:08:16.048  1439  1585 I chatty  : uid=1000(system) android.ui expire 14 lines
10-20 14:08:17.247  1190  1340 E storaged: getDiskStats failed with result NOT_SUPPORTED and size 0
10-20 14:08:23.373  3548  3573 V ActivityThread: scheduleReceiver info = ActivityInfo{efeb5bf com.google.android.gms.checkin.CheckinServiceTriggerReceiver} intent = Intent { act=com.google.android.c2dm.intent.RECEIVE flg=0x1080010 pkg=com.google.android.gms cmp=com.google.android.gms/.checkin.CheckinServiceTriggerReceiver (has extras) } sync = true hasCode = 224976949
10-20 14:08:23.378  3548  3573 V ActivityThread: scheduleReceiver info = ActivityInfo{e8dc48c com.google.android.gms.gcm.GcmInternalReceiver} intent = Intent { act=com.google.android.c2dm.intent.RECEIVE flg=0x1080010 pkg=com.google.android.gms cmp=com.google.android.gms/.gcm.GcmInternalReceiver (has extras) } sync = true hasCode = 133549258
10-20 14:08:23.386  3169 16286 V ActivityThread: scheduleRegisteredReceiver receiver= android.app.LoadedApk$ReceiverDispatcher$InnerReceiver@d18b706 intent= Intent { act=com.google.android.c2dm.intent.RECEIVE flg=0x1080010 pkg=com.google.android.gms (has extras) } ordered= false sticky = false
10-20 14:08:23.386  3169  3169 I ActivityThread: Dispatching broadcast com.google.android.c2dm.intent.RECEIVE to com.google.android.gms.gcm.DataMessageManager$BroadcastDoneReceiver@fedf1c7
10-20 14:08:23.767   711   735 E NetlinkEvent: NetlinkEvent::FindParam(): Parameter 'INTERFACE' not found
10-20 14:08:23.768   711   735 E NetlinkEvent: NetlinkEvent::FindParam(): Parameter 'STATE' not found
10-20 14:08:23.768   711   735 E NetlinkEvent: NetlinkEvent::FindParam(): Parameter 'TIME_NS' not found
10-20 14:08:23.768   711   735 E NetlinkEvent: NetlinkEvent::FindParam(): Parameter 'UID' not found
10-20 14:08:28.552  3548  6707 V ActivityThread: scheduleReceiver info = ActivityInfo{689a9ee com.google.android.gms.checkin.CheckinServiceTriggerReceiver} intent = Intent { act=com.google.android.c2dm.intent.RECEIVE flg=0x1080010 pkg=com.google.android.gms cmp=com.google.android.gms/.checkin.CheckinServiceTriggerReceiver (has extras) } sync = true hasCode = 250964712
10-20 14:08:28.555  3548  6707 V ActivityThread: scheduleReceiver info = ActivityInfo{6780e8f com.google.android.gms.gcm.GcmInternalReceiver} intent = Intent { act=com.google.android.c2dm.intent.RECEIVE flg=0x1080010 pkg=com.google.android.gms cmp=com.google.android.gms/.gcm.GcmInternalReceiver (has extras) } sync = true hasCode = 209806593
10-20 14:08:28.565  3169 16286 V ActivityThread: scheduleRegisteredReceiver receiver= android.app.LoadedApk$ReceiverDispatcher$InnerReceiver@5f93d92 intent= Intent { act=com.google.android.c2dm.intent.RECEIVE flg=0x1080010 pkg=com.google.android.gms (has extras) } ordered= false sticky = false
10-20 14:08:28.567  3169  3169 I ActivityThread: Dispatching broadcast com.google.android.c2dm.intent.RECEIVE to com.google.android.gms.gcm.DataMessageManager$BroadcastDoneReceiver@ccde363
10-20 14:08:32.867  1439  1439 I chatty  : uid=1000 system_server expire 7 lines
10-20 14:08:39.771   711   735 E NetlinkEvent: NetlinkEvent::FindParam(): Parameter 'INTERFACE' not found
10-20 14:08:39.771   711   735 E NetlinkEvent: NetlinkEvent::FindParam(): Parameter 'STATE' not found
10-20 14:08:39.771   711   735 E NetlinkEvent: NetlinkEvent::FindParam(): Parameter 'TIME_NS' not found
10-20 14:08:39.771   711   735 E NetlinkEvent: NetlinkEvent::FindParam(): Parameter 'UID' not found
10-20 14:08:40.294  1439  1687 I chatty  : uid=1000(system) CpuTracker expire 6 lines
10-20 14:08:40.315  1439  1655 I chatty  : uid=1000(system) batterystats-wo expire 2 lines
10-20 14:08:45.650   711   735 E NetlinkEvent: NetlinkEvent::FindParam(): Parameter 'INTERFACE' not found
10-20 14:08:45.651   711   735 E NetlinkEvent: NetlinkEvent::FindParam(): Parameter 'STATE' not found
10-20 14:08:45.651   711   735 E NetlinkEvent: NetlinkEvent::FindParam(): Parameter 'TIME_NS' not found
10-20 14:08:45.651   711   735 E NetlinkEvent: NetlinkEvent::FindParam(): Parameter 'UID' not found
10-20 14:08:51.529   711   735 E NetlinkEvent: NetlinkEvent::FindParam(): Parameter 'INTERFACE' not found
10-20 14:08:51.529   711   735 E NetlinkEvent: NetlinkEvent::FindParam(): Parameter 'STATE' not found
10-20 14:08:51.529   711   735 E NetlinkEvent: NetlinkEvent::FindParam(): Parameter 'TIME_NS' not found
10-20 14:08:51.529   711   735 E NetlinkEvent: NetlinkEvent::FindParam(): Parameter 'UID' not found
10-20 14:08:57.427   711   735 E NetlinkEvent: NetlinkEvent::FindParam(): Parameter 'INTERFACE' not found
10-20 14:08:57.427   711   735 E NetlinkEvent: NetlinkEvent::FindParam(): Parameter 'STATE' not found
10-20 14:08:57.427   711   735 E NetlinkEvent: NetlinkEvent::FindParam(): Parameter 'TIME_NS' not found
10-20 14:08:57.427   711   735 E NetlinkEvent: NetlinkEvent::FindParam(): Parameter 'UID' not found
10-20 14:09:00.397  1439  1974 I chatty  : uid=1000(system) PackageInstalle expire 2 lines
10-20 14:09:01.043  1439  1713 I chatty  : uid=1000(system) PackageManager expire 33 lines
10-20 14:09:02.779  1439  1587 I chatty  : uid=1000(system) BroadcastQueue expire 57 lines
10-20 14:09:03.124  1439  2490 I chatty  : uid=1000(system) Binder:1439_5 expire 5 lines
10-20 14:09:03.266   711   735 E NetlinkEvent: NetlinkEvent::FindParam(): Parameter 'INTERFACE' not found
10-20 14:09:03.266   711   735 E NetlinkEvent: NetlinkEvent::FindParam(): Parameter 'STATE' not found
10-20 14:09:03.266   711   735 E NetlinkEvent: NetlinkEvent::FindParam(): Parameter 'TIME_NS' not found
10-20 14:09:03.266   711   735 E NetlinkEvent: NetlinkEvent::FindParam(): Parameter 'UID' not found
10-20 14:09:03.853  1439  1582 I chatty  : uid=1000(system) android.bg expire 1 line
10-20 14:09:04.295  1439  1676 I chatty  : uid=1000(system) Binder:1439_4 expire 1 line
10-20 14:09:04.340  1439  1673 I chatty  : uid=1000(system) Binder:1439_3 expire 23 lines
10-20 14:09:04.481  1439  1473 I chatty  : uid=1000(system) Binder:1439_1 expire 5 lines
10-20 14:09:04.581  1439  4120 I chatty  : uid=1000(system) Binder:1439_15 expire 12 lines
10-20 14:09:04.648  1439  1589 I chatty  : uid=1000(system) ActivityManager expire 1 line
10-20 14:09:04.676  1439  4111 I chatty  : uid=1000(system) Binder:1439_14 expire 6 lines
10-20 14:09:05.378  3209  3209 D ViewRootImpl: Swipe From Bottom Rotation 0 mIgnoring true downY 2303 mScreenHeight 2340 mStatusBarHeight 54 globalScale 1.3235294
10-20 14:09:05.494  1439  2834 I chatty  : uid=1000(system) Binder:1439_7 expire 1 line
10-20 14:09:06.081  1439  3912 I chatty  : uid=1000(system) backup expire 2 lines
10-20 14:09:06.295  1439  2209 I chatty  : uid=1000(system) MotorManager expire 3 lines
10-20 14:09:06.434  1439  3381 I chatty  : uid=1000(system) Binder:1439_E expire 3 lines
10-20 14:09:06.655  1439  4104 I chatty  : uid=1000(system) Binder:1439_13 expire 3 lines
10-20 14:09:07.111  2774  2774 D ViewRootImpl: Swipe From Bottom Rotation 0 mIgnoring true downY 2324 mScreenHeight 2340 mStatusBarHeight 54 globalScale 1.3235294
10-20 14:09:08.201  1439  1585 I chatty  : uid=1000(system) android.ui expire 4 lines
10-20 14:09:08.203  2774  2774 D ViewRootImpl: Swipe From Bottom Rotation 0 mIgnoring true downY 2328 mScreenHeight 2340 mStatusBarHeight 54 globalScale 1.3235294
10-20 14:09:08.567  1439  4125 I chatty  : uid=1000(system) Binder:1439_17 expire 1 line
10-20 14:09:08.597  1439  1990 I chatty  : uid=1000(system) android.anim expire 16 lines
10-20 14:09:08.903  1439  4125 I chatty  : uid=1000(system) Binder:1439_17 expire 2 lines
10-20 14:09:08.922  1439  1673 I chatty  : uid=1000(system) Binder:1439_3 expire 4 lines
10-20 14:09:08.936  1439  1584 I chatty  : uid=1000(system) ActivityManager expire 4 lines
10-20 14:09:08.951  1439  1585 I chatty  : uid=1000(system) android.ui expire 16 lines
10-20 14:09:10.778  5783  5783 D ViewRootImpl: Swipe From Bottom Rotation 0 mIgnoring true downY 2298 mScreenHeight 2340 mStatusBarHeight 54 globalScale 1.3235294
10-20 14:09:11.143  1439  1473 I chatty  : uid=1000(system) Binder:1439_1 expire 11 lines
10-20 14:09:11.151  1439  2209 I chatty  : uid=1000(system) MotorManager expire 4 lines
10-20 14:09:11.166  1439  4111 I chatty  : uid=1000(system) Binder:1439_14 expire 9 lines
10-20 14:09:11.182  1439  2839 I chatty  : uid=1000(system) Binder:1439_8 expire 17 lines
10-20 14:09:14.941  1439  1687 I chatty  : uid=1000(system) CpuTracker expire 3 lines
10-20 14:09:17.250  1190  1340 E storaged: getDiskStats failed with result NOT_SUPPORTED and size 0
10-20 14:09:21.038   711   735 E NetlinkEvent: NetlinkEvent::FindParam(): Parameter 'INTERFACE' not found
10-20 14:09:21.038   711   735 E NetlinkEvent: NetlinkEvent::FindParam(): Parameter 'STATE' not found
10-20 14:09:21.038   711   735 E NetlinkEvent: NetlinkEvent::FindParam(): Parameter 'TIME_NS' not found
10-20 14:09:21.038   711   735 E NetlinkEvent: NetlinkEvent::FindParam(): Parameter 'UID' not found
10-20 14:09:26.214  1439  1439 I chatty  : uid=1000 system_server expire 1 line
10-20 14:09:27.688  1439  2490 I chatty  : uid=1000(system) Binder:1439_5 expire 2 lines
10-20 14:09:27.820  1439  1589 I chatty  : uid=1000(system) ActivityManager expire 2 lines
10-20 14:09:27.846  1439  4104 I chatty  : uid=1000(system) Binder:1439_13 expire 4 lines
10-20 14:09:27.869  1439  1990 I chatty  : uid=1000(system) android.anim expire 6 lines
10-20 14:09:27.875  1439  1991 I chatty  : uid=1000(system) android.anim.lf expire 31 lines
10-20 14:09:28.114 10914 10914 E AndroidRuntime: FATAL EXCEPTION: main
10-20 14:09:28.114 10914 10914 E AndroidRuntime: Process: com.google.mediapipe.apps.edgedetectiongpu, PID: 10914
10-20 14:09:28.114 10914 10914 E AndroidRuntime: java.lang.RuntimeException: Unable to start activity ComponentInfo{com.google.mediapipe.apps.edgedetectiongpu/com.google.mediapipe.apps.edgedetectiongpu.MainActivity}: java.lang.NullPointerException: Attempt to get length of null array
10-20 14:09:28.114 10914 10914 E AndroidRuntime: 	at android.app.ActivityThread.performLaunchActivity(ActivityThread.java:3138)
10-20 14:09:28.114 10914 10914 E AndroidRuntime: 	at android.app.ActivityThread.handleLaunchActivity(ActivityThread.java:3289)
10-20 14:09:28.114 10914 10914 E AndroidRuntime: 	at android.app.servertransaction.LaunchActivityItem.execute(LaunchActivityItem.java:78)
10-20 14:09:28.114 10914 10914 E AndroidRuntime: 	at android.app.servertransaction.TransactionExecutor.executeCallbacks(TransactionExecutor.java:108)
10-20 14:09:28.114 10914 10914 E AndroidRuntime: 	at android.app.servertransaction.TransactionExecutor.execute(TransactionExecutor.java:68)
10-20 14:09:28.114 10914 10914 E AndroidRuntime: 	at android.app.ActivityThread$H.handleMessage(ActivityThread.java:2012)
10-20 14:09:28.114 10914 10914 E AndroidRuntime: 	at android.os.Handler.dispatchMessage(Handler.java:106)
10-20 14:09:28.114 10914 10914 E AndroidRuntime: 	at android.os.Looper.loop(Looper.java:227)
10-20 14:09:28.114 10914 10914 E AndroidRuntime: 	at android.app.ActivityThread.main(ActivityThread.java:7200)
10-20 14:09:28.114 10914 10914 E AndroidRuntime: 	at java.lang.reflect.Method.invoke(Native Method)
10-20 14:09:28.114 10914 10914 E AndroidRuntime: 	at com.android.internal.os.RuntimeInit$MethodAndArgsCaller.run(RuntimeInit.java:575)
10-20 14:09:28.114 10914 10914 E AndroidRuntime: 	at com.android.internal.os.ZygoteInit.main(ZygoteInit.java:903)
10-20 14:09:28.114 10914 10914 E AndroidRuntime: Caused by: java.lang.NullPointerException: Attempt to get length of null array
10-20 14:09:28.114 10914 10914 E AndroidRuntime: 	at com.google.mediapipe.apps.edgedetectiongpu.MainActivity.onCreate(MainActivity.java:141)
10-20 14:09:28.114 10914 10914 E AndroidRuntime: 	at android.app.Activity.performCreate(Activity.java:7315)
10-20 14:09:28.114 10914 10914 E AndroidRuntime: 	at android.app.Activity.performCreate(Activity.java:7306)
10-20 14:09:28.114 10914 10914 E AndroidRuntime: 	at android.app.Instrumentation.callActivityOnCreate(Instrumentation.java:1272)
10-20 14:09:28.114 10914 10914 E AndroidRuntime: 	at android.app.ActivityThread.performLaunchActivity(ActivityThread.java:3118)
10-20 14:09:28.114 10914 10914 E AndroidRuntime: 	... 11 more
10-20 14:09:28.118  1439  4667 I chatty  : uid=1000(system) Binder:1439_18 expire 2 lines
10-20 14:09:28.120  1439 10936 I chatty  : uid=1000 system_server expire 6 lines
10-20 14:09:28.149  1439  1587 I chatty  : uid=1000(system) BroadcastQueue expire 2 lines
10-20 14:09:28.166  1439  2461 I chatty  : uid=1000(system) oppocrashclear expire 10 lines
10-20 14:09:28.452  1439  1669 I chatty  : uid=1000(system) android.display expire 5 lines
10-20 14:09:30.110  1439  1991 I chatty  : uid=1000(system) android.anim.lf expire 26 lines
10-20 14:09:30.161 10958 10958 E AndroidRuntime: FATAL EXCEPTION: main
10-20 14:09:30.161 10958 10958 E AndroidRuntime: Process: com.google.mediapipe.apps.edgedetectiongpu, PID: 10958
10-20 14:09:30.161 10958 10958 E AndroidRuntime: java.lang.RuntimeException: Unable to start activity ComponentInfo{com.google.mediapipe.apps.edgedetectiongpu/com.google.mediapipe.apps.edgedetectiongpu.MainActivity}: java.lang.NullPointerException: Attempt to get length of null array
10-20 14:09:30.161 10958 10958 E AndroidRuntime: 	at android.app.ActivityThread.performLaunchActivity(ActivityThread.java:3138)
10-20 14:09:30.161 10958 10958 E AndroidRuntime: 	at android.app.ActivityThread.handleLaunchActivity(ActivityThread.java:3289)
10-20 14:09:30.161 10958 10958 E AndroidRuntime: 	at android.app.servertransaction.LaunchActivityItem.execute(LaunchActivityItem.java:78)
10-20 14:09:30.161 10958 10958 E AndroidRuntime: 	at android.app.servertransaction.TransactionExecutor.executeCallbacks(TransactionExecutor.java:108)
10-20 14:09:30.161 10958 10958 E AndroidRuntime: 	at android.app.servertransaction.TransactionExecutor.execute(TransactionExecutor.java:68)
10-20 14:09:30.161 10958 10958 E AndroidRuntime: 	at android.app.ActivityThread$H.handleMessage(ActivityThread.java:2012)
10-20 14:09:30.161 10958 10958 E AndroidRuntime: 	at android.os.Handler.dispatchMessage(Handler.java:106)
10-20 14:09:30.161 10958 10958 E AndroidRuntime: 	at android.os.Looper.loop(Looper.java:227)
10-20 14:09:30.161 10958 10958 E AndroidRuntime: 	at android.app.ActivityThread.main(ActivityThread.java:7200)
10-20 14:09:30.161 10958 10958 E AndroidRuntime: 	at java.lang.reflect.Method.invoke(Native Method)
10-20 14:09:30.161 10958 10958 E AndroidRuntime: 	at com.android.internal.os.RuntimeInit$MethodAndArgsCaller.run(RuntimeInit.java:575)
10-20 14:09:30.161 10958 10958 E AndroidRuntime: 	at com.android.internal.os.ZygoteInit.main(ZygoteInit.java:903)
10-20 14:09:30.161 10958 10958 E AndroidRuntime: Caused by: java.lang.NullPointerException: Attempt to get length of null array
10-20 14:09:30.161 10958 10958 E AndroidRuntime: 	at com.google.mediapipe.apps.edgedetectiongpu.MainActivity.onCreate(MainActivity.java:141)
10-20 14:09:30.161 10958 10958 E AndroidRuntime: 	at android.app.Activity.performCreate(Activity.java:7315)
10-20 14:09:30.161 10958 10958 E AndroidRuntime: 	at android.app.Activity.performCreate(Activity.java:7306)
10-20 14:09:30.161 10958 10958 E AndroidRuntime: 	at android.app.Instrumentation.callActivityOnCreate(Instrumentation.java:1272)
10-20 14:09:30.161 10958 10958 E AndroidRuntime: 	at android.app.ActivityThread.performLaunchActivity(ActivityThread.java:3118)
10-20 14:09:30.161 10958 10958 E AndroidRuntime: 	... 11 more
10-20 14:09:30.164  1439 10980 I chatty  : uid=1000 system_server expire 6 lines
10-20 14:09:30.165  1439  1673 I chatty  : uid=1000(system) Binder:1439_3 expire 10 lines
10-20 14:09:30.183  1439  1587 I chatty  : uid=1000(system) BroadcastQueue expire 4 lines
10-20 14:09:30.211  1439  1990 I chatty  : uid=1000(system) android.anim expire 14 lines
10-20 14:09:30.217  1439  2839 I chatty  : uid=1000(system) Binder:1439_8 expire 7 lines
10-20 14:09:30.217  1439  1585 I chatty  : uid=1000(system) android.ui expire 10 lines
10-20 14:09:30.234  1439  4111 I chatty  : uid=1000(system) Binder:1439_14 expire 3 lines
10-20 14:09:30.251  1439  2209 I chatty  : uid=1000(system) MotorManager expire 4 lines
10-20 14:09:30.273  1439  1475 I chatty  : uid=1000(system) Binder:1439_2 expire 10 lines
10-20 14:09:31.309  1439  1589 I chatty  : uid=1000(system) ActivityManager expire 10 lines
10-20 14:09:31.331  1439  2614 I chatty  : uid=1000(system) watchdog expire 10 lines
10-20 14:09:31.601 10994 10994 E AndroidRuntime: FATAL EXCEPTION: main
10-20 14:09:31.601 10994 10994 E AndroidRuntime: Process: com.google.mediapipe.apps.edgedetectiongpu, PID: 10994
10-20 14:09:31.601 10994 10994 E AndroidRuntime: java.lang.RuntimeException: Unable to start activity ComponentInfo{com.google.mediapipe.apps.edgedetectiongpu/com.google.mediapipe.apps.edgedetectiongpu.MainActivity}: java.lang.NullPointerException: Attempt to get length of null array
10-20 14:09:31.601 10994 10994 E AndroidRuntime: 	at android.app.ActivityThread.performLaunchActivity(ActivityThread.java:3138)
10-20 14:09:31.601 10994 10994 E AndroidRuntime: 	at android.app.ActivityThread.handleLaunchActivity(ActivityThread.java:3289)
10-20 14:09:31.601 10994 10994 E AndroidRuntime: 	at android.app.servertransaction.LaunchActivityItem.execute(LaunchActivityItem.java:78)
10-20 14:09:31.601 10994 10994 E AndroidRuntime: 	at android.app.servertransaction.TransactionExecutor.executeCallbacks(TransactionExecutor.java:108)
10-20 14:09:31.601 10994 10994 E AndroidRuntime: 	at android.app.servertransaction.TransactionExecutor.execute(TransactionExecutor.java:68)
10-20 14:09:31.601 10994 10994 E AndroidRuntime: 	at android.app.ActivityThread$H.handleMessage(ActivityThread.java:2012)
10-20 14:09:31.601 10994 10994 E AndroidRuntime: 	at android.os.Handler.dispatchMessage(Handler.java:106)
10-20 14:09:31.601 10994 10994 E AndroidRuntime: 	at android.os.Looper.loop(Looper.java:227)
10-20 14:09:31.601 10994 10994 E AndroidRuntime: 	at android.app.ActivityThread.main(ActivityThread.java:7200)
10-20 14:09:31.601 10994 10994 E AndroidRuntime: 	at java.lang.reflect.Method.invoke(Native Method)
10-20 14:09:31.601 10994 10994 E AndroidRuntime: 	at com.android.internal.os.RuntimeInit$MethodAndArgsCaller.run(RuntimeInit.java:575)
10-20 14:09:31.601 10994 10994 E AndroidRuntime: 	at com.android.internal.os.ZygoteInit.main(ZygoteInit.java:903)
10-20 14:09:31.601 10994 10994 E AndroidRuntime: Caused by: java.lang.NullPointerException: Attempt to get length of null array
10-20 14:09:31.601 10994 10994 E AndroidRuntime: 	at com.google.mediapipe.apps.edgedetectiongpu.MainActivity.onCreate(MainActivity.java:141)
10-20 14:09:31.601 10994 10994 E AndroidRuntime: 	at android.app.Activity.performCreate(Activity.java:7315)
10-20 14:09:31.601 10994 10994 E AndroidRuntime: 	at android.app.Activity.performCreate(Activity.java:7306)
10-20 14:09:31.601 10994 10994 E AndroidRuntime: 	at android.app.Instrumentation.callActivityOnCreate(Instrumentation.java:1272)
10-20 14:09:31.601 10994 10994 E AndroidRuntime: 	at android.app.ActivityThread.performLaunchActivity(ActivityThread.java:3118)
10-20 14:09:31.601 10994 10994 E AndroidRuntime: 	... 11 more
10-20 14:09:31.604  1439  3130 I chatty  : uid=1000(system) Binder:1439_B expire 11 lines
10-20 14:09:31.641  1439 11021 I chatty  : uid=1000 system_server expire 6 lines
10-20 14:09:31.681  1439  4104 I chatty  : uid=1000(system) Binder:1439_13 expire 7 lines
10-20 14:09:31.738  1439  2490 I chatty  : uid=1000(system) Binder:1439_5 expire 6 lines
10-20 14:09:37.088   711   735 E NetlinkEvent: NetlinkEvent::FindParam(): Parameter 'INTERFACE' not found
10-20 14:09:37.088   711   735 E NetlinkEvent: NetlinkEvent::FindParam(): Parameter 'STATE' not found
10-20 14:09:37.088   711   735 E NetlinkEvent: NetlinkEvent::FindParam(): Parameter 'TIME_NS' not found
10-20 14:09:37.088   711   735 E NetlinkEvent: NetlinkEvent::FindParam(): Parameter 'UID' not found
10-20 14:09:42.992   711   735 E NetlinkEvent: NetlinkEvent::FindParam(): Parameter 'INTERFACE' not found
10-20 14:09:42.992   711   735 E NetlinkEvent: NetlinkEvent::FindParam(): Parameter 'STATE' not found
10-20 14:09:42.992   711   735 E NetlinkEvent: NetlinkEvent::FindParam(): Parameter 'TIME_NS' not found
10-20 14:09:42.992   711   735 E NetlinkEvent: NetlinkEvent::FindParam(): Parameter 'UID' not found
10-20 14:09:48.879   711   735 E NetlinkEvent: NetlinkEvent::FindParam(): Parameter 'INTERFACE' not found
10-20 14:09:48.879   711   735 E NetlinkEvent: NetlinkEvent::FindParam(): Parameter 'STATE' not found
10-20 14:09:48.879   711   735 E NetlinkEvent: NetlinkEvent::FindParam(): Parameter 'TIME_NS' not found
10-20 14:09:48.879   711   735 E NetlinkEvent: NetlinkEvent::FindParam(): Parameter 'UID' not found
10-20 14:09:51.113  1439  1584 I chatty  : uid=1000(system) ActivityManager expire 2 lines
10-20 14:09:54.770   711   735 E NetlinkEvent: NetlinkEvent::FindParam(): Parameter 'INTERFACE' not found
10-20 14:09:54.770   711   735 E NetlinkEvent: NetlinkEvent::FindParam(): Parameter 'STATE' not found
10-20 14:09:54.770   711   735 E NetlinkEvent: NetlinkEvent::FindParam(): Parameter 'TIME_NS' not found
10-20 14:09:54.770   711   735 E NetlinkEvent: NetlinkEvent::FindParam(): Parameter 'UID' not found
10-20 14:10:00.665   711   735 E NetlinkEvent: NetlinkEvent::FindParam(): Parameter 'INTERFACE' not found
10-20 14:10:00.666   711   735 E NetlinkEvent: NetlinkEvent::FindParam(): Parameter 'STATE' not found
10-20 14:10:00.666   711   735 E NetlinkEvent: NetlinkEvent::FindParam(): Parameter 'TIME_NS' not found
10-20 14:10:00.666   711   735 E NetlinkEvent: NetlinkEvent::FindParam(): Parameter 'UID' not found
10-20 14:10:17.404  1190  1340 E storaged: getDiskStats failed with result NOT_SUPPORTED and size 0
10-20 14:10:32.822   711   735 E NetlinkEvent: NetlinkEvent::FindParam(): Parameter 'INTERFACE' not found
10-20 14:10:32.823   711   735 E NetlinkEvent: NetlinkEvent::FindParam(): Parameter 'STATE' not found
10-20 14:10:32.823   711   735 E NetlinkEvent: NetlinkEvent::FindParam(): Parameter 'TIME_NS' not found
10-20 14:10:32.823   711   735 E NetlinkEvent: NetlinkEvent::FindParam(): Parameter 'UID' not found
10-20 14:10:48.794   711   735 E NetlinkEvent: NetlinkEvent::FindParam(): Parameter 'INTERFACE' not found
10-20 14:10:48.794   711   735 E NetlinkEvent: NetlinkEvent::FindParam(): Parameter 'STATE' not found
10-20 14:10:48.794   711   735 E NetlinkEvent: NetlinkEvent::FindParam(): Parameter 'TIME_NS' not found
10-20 14:10:48.794   711   735 E NetlinkEvent: NetlinkEvent::FindParam(): Parameter 'UID' not found
10-20 14:10:54.669   711   735 E NetlinkEvent: NetlinkEvent::FindParam(): Parameter 'INTERFACE' not found
10-20 14:10:54.670   711   735 E NetlinkEvent: NetlinkEvent::FindParam(): Parameter 'STATE' not found
10-20 14:10:54.670   711   735 E NetlinkEvent: NetlinkEvent::FindParam(): Parameter 'TIME_NS' not found
10-20 14:10:54.670   711   735 E NetlinkEvent: NetlinkEvent::FindParam(): Parameter 'UID' not found
10-20 14:11:00.556   711   735 E NetlinkEvent: NetlinkEvent::FindParam(): Parameter 'INTERFACE' not found
10-20 14:11:00.556   711   735 E NetlinkEvent: NetlinkEvent::FindParam(): Parameter 'STATE' not found
10-20 14:11:00.556   711   735 E NetlinkEvent: NetlinkEvent::FindParam(): Parameter 'TIME_NS' not found
10-20 14:11:00.556   711   735 E NetlinkEvent: NetlinkEvent::FindParam(): Parameter 'UID' not found
10-20 14:11:06.448   711   735 E NetlinkEvent: NetlinkEvent::FindParam(): Parameter 'INTERFACE' not found
10-20 14:11:06.448   711   735 E NetlinkEvent: NetlinkEvent::FindParam(): Parameter 'STATE' not found
10-20 14:11:06.448   711   735 E NetlinkEvent: NetlinkEvent::FindParam(): Parameter 'TIME_NS' not found
10-20 14:11:06.448   711   735 E NetlinkEvent: NetlinkEvent::FindParam(): Parameter 'UID' not found
10-20 14:11:06.547  1439  4125 I chatty  : uid=1000(system) Binder:1439_17 expire 3 lines
10-20 14:11:12.334   711   735 E NetlinkEvent: NetlinkEvent::FindParam(): Parameter 'INTERFACE' not found
10-20 14:11:12.334   711   735 E NetlinkEvent: NetlinkEvent::FindParam(): Parameter 'STATE' not found
10-20 14:11:12.334   711   735 E NetlinkEvent: NetlinkEvent::FindParam(): Parameter 'TIME_NS' not found
10-20 14:11:12.334   711   735 E NetlinkEvent: NetlinkEvent::FindParam(): Parameter 'UID' not found
10-20 14:11:17.406  1190  1340 E storaged: getDiskStats failed with result NOT_SUPPORTED and size 0
10-20 14:11:35.162   711   735 E NetlinkEvent: NetlinkEvent::FindParam(): Parameter 'INTERFACE' not found
10-20 14:11:35.162   711   735 E NetlinkEvent: NetlinkEvent::FindParam(): Parameter 'STATE' not found
10-20 14:11:35.162   711   735 E NetlinkEvent: NetlinkEvent::FindParam(): Parameter 'TIME_NS' not found
10-20 14:11:35.162   711   735 E NetlinkEvent: NetlinkEvent::FindParam(): Parameter 'UID' not found
10-20 14:11:36.906  1439  1585 I chatty  : uid=1000(system) android.ui expire 12 lines
10-20 14:11:40.359  1439  4123 I chatty  : uid=1000(system) Binder:1439_16 expire 2 lines
10-20 14:11:40.444  1439  2165 I chatty  : uid=1000(system) ConnectivitySer expire 4 lines
10-20 14:11:40.455  1439  4120 I chatty  : uid=1000(system) Binder:1439_15 expire 8 lines
10-20 14:11:44.747 19991 14248 V ActivityThread: scheduleReceiver info = ActivityInfo{5c15a56 com.google.android.apps.gsa.gcm.GcmBroadcastReceiver} intent = Intent { act=com.google.android.c2dm.intent.RECEIVE flg=0x1080010 pkg=com.google.android.googlequicksearchbox cmp=com.google.android.googlequicksearchbox/com.google.android.apps.gsa.gcm.GcmBroadcastReceiver (has extras) } sync = true hasCode = 39251661
10-20 14:11:44.889 19991 14248 V ActivityThread: scheduleReceiver info = ActivityInfo{d5f19de com.google.firebase.iid.FirebaseInstanceIdReceiver} intent = Intent { act=com.google.android.c2dm.intent.RECEIVE flg=0x1080010 pkg=com.google.android.googlequicksearchbox cmp=com.google.android.googlequicksearchbox/com.google.firebase.iid.FirebaseInstanceIdReceiver (has extras) } sync = true hasCode = 267553488
10-20 14:11:44.894  3169  5679 V ActivityThread: scheduleRegisteredReceiver receiver= android.app.LoadedApk$ReceiverDispatcher$InnerReceiver@bb525f6 intent= Intent { act=com.google.android.c2dm.intent.RECEIVE flg=0x1080010 pkg=com.google.android.googlequicksearchbox (has extras) } ordered= false sticky = false
10-20 14:11:44.894  3169  3169 I ActivityThread: Dispatching broadcast com.google.android.c2dm.intent.RECEIVE to com.google.android.gms.gcm.DataMessageManager$BroadcastDoneReceiver@ff64df7
10-20 14:11:46.169  1439  3946 I chatty  : uid=1000(system) Binder:1439_10 expire 8 lines
10-20 14:11:46.839  1439  6047 I chatty  : uid=1000(system) Binder:1439_1D expire 1 line
10-20 14:11:47.684  1439 13360 I chatty  : uid=1000(system) Binder:1439_20 expire 4 lines
10-20 14:11:51.253   711   735 E NetlinkEvent: NetlinkEvent::FindParam(): Parameter 'INTERFACE' not found
10-20 14:11:51.253   711   735 E NetlinkEvent: NetlinkEvent::FindParam(): Parameter 'STATE' not found
10-20 14:11:51.253   711   735 E NetlinkEvent: NetlinkEvent::FindParam(): Parameter 'TIME_NS' not found
10-20 14:11:51.253   711   735 E NetlinkEvent: NetlinkEvent::FindParam(): Parameter 'UID' not found
10-20 14:11:57.131   711   735 E NetlinkEvent: NetlinkEvent::FindParam(): Parameter 'INTERFACE' not found
10-20 14:11:57.131   711   735 E NetlinkEvent: NetlinkEvent::FindParam(): Parameter 'STATE' not found
10-20 14:11:57.131   711   735 E NetlinkEvent: NetlinkEvent::FindParam(): Parameter 'TIME_NS' not found
10-20 14:11:57.131   711   735 E NetlinkEvent: NetlinkEvent::FindParam(): Parameter 'UID' not found
10-20 14:12:03.026   711   735 E NetlinkEvent: NetlinkEvent::FindParam(): Parameter 'INTERFACE' not found
10-20 14:12:03.026   711   735 E NetlinkEvent: NetlinkEvent::FindParam(): Parameter 'STATE' not found
10-20 14:12:03.026   711   735 E NetlinkEvent: NetlinkEvent::FindParam(): Parameter 'TIME_NS' not found
10-20 14:12:03.026   711   735 E NetlinkEvent: NetlinkEvent::FindParam(): Parameter 'UID' not found
10-20 14:12:08.914   711   735 E NetlinkEvent: NetlinkEvent::FindParam(): Parameter 'INTERFACE' not found
10-20 14:12:08.914   711   735 E NetlinkEvent: NetlinkEvent::FindParam(): Parameter 'STATE' not found
10-20 14:12:08.914   711   735 E NetlinkEvent: NetlinkEvent::FindParam(): Parameter 'TIME_NS' not found
10-20 14:12:08.914   711   735 E NetlinkEvent: NetlinkEvent::FindParam(): Parameter 'UID' not found
10-20 14:12:10.381  1439  1673 I chatty  : uid=1000(system) Binder:1439_3 expire 4 lines
10-20 14:12:14.800   711   735 E NetlinkEvent: NetlinkEvent::FindParam(): Parameter 'INTERFACE' not found
10-20 14:12:14.800   711   735 E NetlinkEvent: NetlinkEvent::FindParam(): Parameter 'STATE' not found
10-20 14:12:14.800   711   735 E NetlinkEvent: NetlinkEvent::FindParam(): Parameter 'TIME_NS' not found
10-20 14:12:14.800   711   735 E NetlinkEvent: NetlinkEvent::FindParam(): Parameter 'UID' not found
10-20 14:12:17.409  1190  1340 E storaged: getDiskStats failed with result NOT_SUPPORTED and size 0
10-20 14:12:48.588   711   735 E NetlinkEvent: NetlinkEvent::FindParam(): Parameter 'INTERFACE' not found
10-20 14:12:48.588   711   735 E NetlinkEvent: NetlinkEvent::FindParam(): Parameter 'STATE' not found
10-20 14:12:48.588   711   735 E NetlinkEvent: NetlinkEvent::FindParam(): Parameter 'TIME_NS' not found
10-20 14:12:48.588   711   735 E NetlinkEvent: NetlinkEvent::FindParam(): Parameter 'UID' not found
10-20 14:12:49.483   711   735 E NetlinkEvent: NetlinkEvent::FindParam(): Parameter 'INTERFACE' not found
10-20 14:12:49.483   711   735 E NetlinkEvent: NetlinkEvent::FindParam(): Parameter 'STATE' not found
10-20 14:12:49.483   711   735 E NetlinkEvent: NetlinkEvent::FindParam(): Parameter 'TIME_NS' not found
10-20 14:12:49.483   711   735 E NetlinkEvent: NetlinkEvent::FindParam(): Parameter 'UID' not found
10-20 14:12:55.483   711   735 E NetlinkEvent: NetlinkEvent::FindParam(): Parameter 'INTERFACE' not found
10-20 14:12:55.483   711   735 E NetlinkEvent: NetlinkEvent::FindParam(): Parameter 'STATE' not found
10-20 14:12:55.483   711   735 E NetlinkEvent: NetlinkEvent::FindParam(): Parameter 'TIME_NS' not found
10-20 14:12:55.483   711   735 E NetlinkEvent: NetlinkEvent::FindParam(): Parameter 'UID' not found
10-20 14:13:01.102  1439  5664 I chatty  : uid=1000(system) Binder:1439_1A expire 5 lines
10-20 14:13:01.130  1439  2858 I chatty  : uid=1000(system) Binder:1439_9 expire 9 lines
10-20 14:13:01.357  1439  1990 I chatty  : uid=1000(system) android.anim expire 6 lines
10-20 14:13:01.358   711   735 E NetlinkEvent: NetlinkEvent::FindParam(): Parameter 'INTERFACE' not found
10-20 14:13:01.358   711   735 E NetlinkEvent: NetlinkEvent::FindParam(): Parameter 'STATE' not found
10-20 14:13:01.358   711   735 E NetlinkEvent: NetlinkEvent::FindParam(): Parameter 'TIME_NS' not found
