10-20 14:00:23.341  8826  8826 E AndroidRuntime: 	at android.os.Looper.loop(Looper.java:227)
10-20 14:00:23.341  8826  8826 E AndroidRuntime: 	at android.app.ActivityThread.main(ActivityThread.java:7200)
10-20 14:00:23.341  8826  8826 E AndroidRuntime: 	at java.lang.reflect.Method.invoke(Native Method)
10-20 14:00:23.341  8826  8826 E AndroidRuntime: 	at com.android.internal.os.RuntimeInit$MethodAndArgsCaller.run(RuntimeInit.java:575)
10-20 14:00:23.341  8826  8826 E AndroidRuntime: 	at com.android.internal.os.ZygoteInit.main(ZygoteInit.java:903)
10-20 14:00:23.341  8826  8826 E AndroidRuntime: Caused by: java.lang.NullPointerException: Attempt to get length of null array
10-20 14:00:23.341  8826  8826 E AndroidRuntime: 	at com.google.mediapipe.apps.edgedetectiongpu.MainActivity.onCreate(MainActivity.java:141)
10-20 14:00:23.341  8826  8826 E AndroidRuntime: 	at android.app.Activity.performCreate(Activity.java:7315)
10-20 14:00:23.341  8826  8826 E AndroidRuntime: 	at android.app.Activity.performCreate(Activity.java:7306)
10-20 14:00:23.341  8826  8826 E AndroidRuntime: 	at android.app.Instrumentation.callActivityOnCreate(Instrumentation.java:1272)
10-20 14:00:23.341  8826  8826 E AndroidRuntime: 	at android.app.ActivityThread.performLaunchActivity(ActivityThread.java:3118)
10-20 14:00:23.341  8826  8826 E AndroidRuntime: 	... 11 more
10-20 14:00:23.345  1439  3946 I chatty  : uid=1000(system) Binder:1439_10 expire 2 lines
10-20 14:00:23.347  1439  8849 I chatty  : uid=1000 system_server expire 5 lines
10-20 14:00:23.354  1439  1991 I chatty  : uid=1000(system) android.anim.lf expire 2 lines
10-20 14:00:23.376  1439  3946 I chatty  : uid=1000(system) Binder:1439_10 expire 2 lines
10-20 14:00:23.377  1439  1585 I chatty  : uid=1000(system) android.ui expire 1 line
10-20 14:00:23.392  1439  2209 I chatty  : uid=1000(system) MotorManager expire 1 line
10-20 14:00:23.394  1439  3946 I chatty  : uid=1000(system) Binder:1439_10 expire 5 lines
10-20 14:00:23.416  1439  3000 I chatty  : uid=1000(system) Binder:1439_A expire 1 line
10-20 14:00:23.422  1439  1990 I chatty  : uid=1000(system) android.anim expire 1 line
10-20 14:00:23.433  1439  2858 I chatty  : uid=1000(system) Binder:1439_9 expire 2 lines
10-20 14:00:23.436  1439  1585 I chatty  : uid=1000(system) android.ui expire 1 line
10-20 14:00:23.436  1439  2858 I chatty  : uid=1000(system) Binder:1439_9 expire 4 lines
10-20 14:00:23.463  1439  1990 I chatty  : uid=1000(system) android.anim expire 1 line
10-20 14:00:23.491  1439  3000 I chatty  : uid=1000(system) Binder:1439_A expire 1 line
10-20 14:00:23.699  1439  1669 I chatty  : uid=1000(system) android.display expire 1 line
10-20 14:00:23.743  1439  1585 I chatty  : uid=1000(system) android.ui expire 1 line
10-20 14:00:24.164  1439  3000 I chatty  : uid=1000(system) Binder:1439_A expire 3 lines
10-20 14:00:24.198  1439  2209 I chatty  : uid=1000(system) MotorManager expire 1 line
10-20 14:00:24.212  1439  1990 I chatty  : uid=1000(system) android.anim expire 1 line
10-20 14:00:24.262  1439  1589 I chatty  : uid=1000(system) ActivityManager expire 1 line
10-20 14:00:24.286  1439  2858 I chatty  : uid=1000(system) Binder:1439_9 expire 3 lines
10-20 14:00:24.304  1439  1585 I chatty  : uid=1000(system) android.ui expire 4 lines
10-20 14:00:24.322  1439  1990 I chatty  : uid=1000(system) android.anim expire 1 line
10-20 14:00:24.338  1439  1991 I chatty  : uid=1000(system) android.anim.lf expire 35 lines
10-20 14:00:24.346  1439  1585 I chatty  : uid=1000(system) android.ui expire 9 lines
10-20 14:00:24.558  8869  8869 E AndroidRuntime: FATAL EXCEPTION: main
10-20 14:00:24.558  8869  8869 E AndroidRuntime: Process: com.google.mediapipe.apps.edgedetectiongpu, PID: 8869
10-20 14:00:24.558  8869  8869 E AndroidRuntime: java.lang.RuntimeException: Unable to start activity ComponentInfo{com.google.mediapipe.apps.edgedetectiongpu/com.google.mediapipe.apps.edgedetectiongpu.MainActivity}: java.lang.NullPointerException: Attempt to get length of null array
10-20 14:00:24.558  8869  8869 E AndroidRuntime: 	at android.app.ActivityThread.performLaunchActivity(ActivityThread.java:3138)
10-20 14:00:24.558  8869  8869 E AndroidRuntime: 	at android.app.ActivityThread.handleLaunchActivity(ActivityThread.java:3289)
10-20 14:00:24.558  8869  8869 E AndroidRuntime: 	at android.app.servertransaction.LaunchActivityItem.execute(LaunchActivityItem.java:78)
10-20 14:00:24.558  8869  8869 E AndroidRuntime: 	at android.app.servertransaction.TransactionExecutor.executeCallbacks(TransactionExecutor.java:108)
10-20 14:00:24.558  8869  8869 E AndroidRuntime: 	at android.app.servertransaction.TransactionExecutor.execute(TransactionExecutor.java:68)
10-20 14:00:24.558  8869  8869 E AndroidRuntime: 	at android.app.ActivityThread$H.handleMessage(ActivityThread.java:2012)
10-20 14:00:24.558  8869  8869 E AndroidRuntime: 	at android.os.Handler.dispatchMessage(Handler.java:106)
10-20 14:00:24.558  8869  8869 E AndroidRuntime: 	at android.os.Looper.loop(Looper.java:227)
10-20 14:00:24.558  8869  8869 E AndroidRuntime: 	at android.app.ActivityThread.main(ActivityThread.java:7200)
10-20 14:00:24.558  8869  8869 E AndroidRuntime: 	at java.lang.reflect.Method.invoke(Native Method)
10-20 14:00:24.558  8869  8869 E AndroidRuntime: 	at com.android.internal.os.RuntimeInit$MethodAndArgsCaller.run(RuntimeInit.java:575)
10-20 14:00:24.558  8869  8869 E AndroidRuntime: 	at com.android.internal.os.ZygoteInit.main(ZygoteInit.java:903)
10-20 14:00:24.558  8869  8869 E AndroidRuntime: Caused by: java.lang.NullPointerException: Attempt to get length of null array
10-20 14:00:24.558  8869  8869 E AndroidRuntime: 	at com.google.mediapipe.apps.edgedetectiongpu.MainActivity.onCreate(MainActivity.java:141)
10-20 14:00:24.558  8869  8869 E AndroidRuntime: 	at android.app.Activity.performCreate(Activity.java:7315)
10-20 14:00:24.558  8869  8869 E AndroidRuntime: 	at android.app.Activity.performCreate(Activity.java:7306)
10-20 14:00:24.558  8869  8869 E AndroidRuntime: 	at android.app.Instrumentation.callActivityOnCreate(Instrumentation.java:1272)
10-20 14:00:24.558  8869  8869 E AndroidRuntime: 	at android.app.ActivityThread.performLaunchActivity(ActivityThread.java:3118)
10-20 14:00:24.558  8869  8869 E AndroidRuntime: 	... 11 more
10-20 14:00:24.564  1439  4123 I chatty  : uid=1000(system) Binder:1439_16 expire 2 lines
10-20 14:00:24.597  1439  2461 I chatty  : uid=1000(system) oppocrashclear expire 8 lines
10-20 14:00:24.618  1439  3960 I chatty  : uid=1000(system) Binder:1439_11 expire 8 lines
10-20 14:00:24.623  1439  1990 I chatty  : uid=1000(system) android.anim expire 11 lines
10-20 14:00:24.631  1439  8894 I chatty  : uid=1000 system_server expire 6 lines
10-20 14:00:24.650  1439  2209 I chatty  : uid=1000(system) MotorManager expire 2 lines
10-20 14:00:24.664  1439  5664 I chatty  : uid=1000(system) Binder:1439_1A expire 1 line
10-20 14:00:24.704  1439  1587 I chatty  : uid=1000(system) BroadcastQueue expire 4 lines
10-20 14:00:24.731  1439  5665 I chatty  : uid=1000(system) Binder:1439_1B expire 1 line
10-20 14:00:24.799  1439  3130 I chatty  : uid=1000(system) Binder:1439_B expire 6 lines
10-20 14:00:24.912  1439  8849 I chatty  : uid=1000 system_server expire 1 line
10-20 14:00:24.921  1439  1669 I chatty  : uid=1000(system) android.display expire 1 line
10-20 14:00:25.552  1439  1584 I chatty  : uid=1000(system) ActivityManager expire 2 lines
10-20 14:00:28.949   711   735 E NetlinkEvent: NetlinkEvent::FindParam(): Parameter 'INTERFACE' not found
10-20 14:00:28.949   711   735 E NetlinkEvent: NetlinkEvent::FindParam(): Parameter 'STATE' not found
10-20 14:00:28.949   711   735 E NetlinkEvent: NetlinkEvent::FindParam(): Parameter 'TIME_NS' not found
10-20 14:00:28.949   711   735 E NetlinkEvent: NetlinkEvent::FindParam(): Parameter 'UID' not found
10-20 14:00:29.319  1439  2858 I chatty  : uid=1000(system) Binder:1439_9 expire 1 line
10-20 14:00:29.381  1439  1589 I chatty  : uid=1000(system) ActivityManager expire 1 line
10-20 14:00:29.673  8921  8921 E AndroidRuntime: FATAL EXCEPTION: main
10-20 14:00:29.673  8921  8921 E AndroidRuntime: Process: com.google.mediapipe.apps.edgedetectiongpu, PID: 8921
10-20 14:00:29.673  8921  8921 E AndroidRuntime: java.lang.RuntimeException: Unable to start activity ComponentInfo{com.google.mediapipe.apps.edgedetectiongpu/com.google.mediapipe.apps.edgedetectiongpu.MainActivity}: java.lang.NullPointerException: Attempt to get length of null array
10-20 14:00:29.673  8921  8921 E AndroidRuntime: 	at android.app.ActivityThread.performLaunchActivity(ActivityThread.java:3138)
10-20 14:00:29.673  8921  8921 E AndroidRuntime: 	at android.app.ActivityThread.handleLaunchActivity(ActivityThread.java:3289)
10-20 14:00:29.673  8921  8921 E AndroidRuntime: 	at android.app.servertransaction.LaunchActivityItem.execute(LaunchActivityItem.java:78)
10-20 14:00:29.673  8921  8921 E AndroidRuntime: 	at android.app.servertransaction.TransactionExecutor.executeCallbacks(TransactionExecutor.java:108)
10-20 14:00:29.673  8921  8921 E AndroidRuntime: 	at android.app.servertransaction.TransactionExecutor.execute(TransactionExecutor.java:68)
10-20 14:00:29.673  8921  8921 E AndroidRuntime: 	at android.app.ActivityThread$H.handleMessage(ActivityThread.java:2012)
10-20 14:00:29.673  8921  8921 E AndroidRuntime: 	at android.os.Handler.dispatchMessage(Handler.java:106)
10-20 14:00:29.673  8921  8921 E AndroidRuntime: 	at android.os.Looper.loop(Looper.java:227)
10-20 14:00:29.673  8921  8921 E AndroidRuntime: 	at android.app.ActivityThread.main(ActivityThread.java:7200)
10-20 14:00:29.673  8921  8921 E AndroidRuntime: 	at java.lang.reflect.Method.invoke(Native Method)
10-20 14:00:29.673  8921  8921 E AndroidRuntime: 	at com.android.internal.os.RuntimeInit$MethodAndArgsCaller.run(RuntimeInit.java:575)
10-20 14:00:29.673  8921  8921 E AndroidRuntime: 	at com.android.internal.os.ZygoteInit.main(ZygoteInit.java:903)
10-20 14:00:29.673  8921  8921 E AndroidRuntime: Caused by: java.lang.NullPointerException: Attempt to get length of null array
10-20 14:00:29.673  8921  8921 E AndroidRuntime: 	at com.google.mediapipe.apps.edgedetectiongpu.MainActivity.onCreate(MainActivity.java:141)
10-20 14:00:29.673  8921  8921 E AndroidRuntime: 	at android.app.Activity.performCreate(Activity.java:7315)
10-20 14:00:29.673  8921  8921 E AndroidRuntime: 	at android.app.Activity.performCreate(Activity.java:7306)
10-20 14:00:29.673  8921  8921 E AndroidRuntime: 	at android.app.Instrumentation.callActivityOnCreate(Instrumentation.java:1272)
10-20 14:00:29.673  8921  8921 E AndroidRuntime: 	at android.app.ActivityThread.performLaunchActivity(ActivityThread.java:3118)
10-20 14:00:29.673  8921  8921 E AndroidRuntime: 	... 11 more
10-20 14:00:29.676  1439  4111 I chatty  : uid=1000(system) Binder:1439_14 expire 2 lines
10-20 14:00:29.676  1439  1991 I chatty  : uid=1000(system) android.anim.lf expire 3 lines
10-20 14:00:29.711  1439  1990 I chatty  : uid=1000(system) android.anim expire 1 line
10-20 14:00:29.711  1439  3130 I chatty  : uid=1000(system) Binder:1439_B expire 2 lines
10-20 14:00:29.713  1439  1585 I chatty  : uid=1000(system) android.ui expire 1 line
10-20 14:00:29.721  1439  1990 I chatty  : uid=1000(system) android.anim expire 1 line
10-20 14:00:29.724  1439  8943 I chatty  : uid=1000 system_server expire 5 lines
10-20 14:00:29.732  1439  1990 I chatty  : uid=1000(system) android.anim expire 1 line
10-20 14:00:29.735  1439  2490 I chatty  : uid=1000(system) Binder:1439_5 expire 9 lines
10-20 14:00:29.740  1439  8943 I chatty  : uid=1000 system_server expire 1 line
10-20 14:00:29.758  1439  2209 I chatty  : uid=1000(system) MotorManager expire 4 lines
10-20 14:00:29.771  1439  3130 I chatty  : uid=1000(system) Binder:1439_B expire 4 lines
10-20 14:00:29.806  1439  1585 I chatty  : uid=1000(system) android.ui expire 11 lines
10-20 14:00:29.821  1439  2834 I chatty  : uid=1000(system) Binder:1439_7 expire 11 lines
10-20 14:00:29.852  1439  1587 I chatty  : uid=1000(system) BroadcastQueue expire 6 lines
10-20 14:00:29.878  1439  1676 I chatty  : uid=1000(system) Binder:1439_4 expire 2 lines
10-20 14:00:30.029  1439  1669 I chatty  : uid=1000(system) android.display expire 2 lines
10-20 14:00:31.005  1439  1589 I chatty  : uid=1000(system) ActivityManager expire 2 lines
10-20 14:00:31.028  1439  2858 I chatty  : uid=1000(system) Binder:1439_9 expire 8 lines
10-20 14:00:31.049  1439  1990 I chatty  : uid=1000(system) android.anim expire 5 lines
10-20 14:00:31.061  1439  1991 I chatty  : uid=1000(system) android.anim.lf expire 38 lines
10-20 14:00:31.281  1439  2614 I chatty  : uid=1000(system) watchdog expire 1 line
10-20 14:00:31.298  8952  8952 E AndroidRuntime: FATAL EXCEPTION: main
10-20 14:00:31.298  8952  8952 E AndroidRuntime: Process: com.google.mediapipe.apps.edgedetectiongpu, PID: 8952
10-20 14:00:31.298  8952  8952 E AndroidRuntime: java.lang.RuntimeException: Unable to start activity ComponentInfo{com.google.mediapipe.apps.edgedetectiongpu/com.google.mediapipe.apps.edgedetectiongpu.MainActivity}: java.lang.NullPointerException: Attempt to get length of null array
10-20 14:00:31.298  8952  8952 E AndroidRuntime: 	at android.app.ActivityThread.performLaunchActivity(ActivityThread.java:3138)
10-20 14:00:31.298  8952  8952 E AndroidRuntime: 	at android.app.ActivityThread.handleLaunchActivity(ActivityThread.java:3289)
10-20 14:00:31.298  8952  8952 E AndroidRuntime: 	at android.app.servertransaction.LaunchActivityItem.execute(LaunchActivityItem.java:78)
10-20 14:00:31.298  8952  8952 E AndroidRuntime: 	at android.app.servertransaction.TransactionExecutor.executeCallbacks(TransactionExecutor.java:108)
10-20 14:00:31.298  8952  8952 E AndroidRuntime: 	at android.app.servertransaction.TransactionExecutor.execute(TransactionExecutor.java:68)
10-20 14:00:31.298  8952  8952 E AndroidRuntime: 	at android.app.ActivityThread$H.handleMessage(ActivityThread.java:2012)
10-20 14:00:31.298  8952  8952 E AndroidRuntime: 	at android.os.Handler.dispatchMessage(Handler.java:106)
10-20 14:00:31.298  8952  8952 E AndroidRuntime: 	at android.os.Looper.loop(Looper.java:227)
10-20 14:00:31.298  8952  8952 E AndroidRuntime: 	at android.app.ActivityThread.main(ActivityThread.java:7200)
10-20 14:00:31.298  8952  8952 E AndroidRuntime: 	at java.lang.reflect.Method.invoke(Native Method)
10-20 14:00:31.298  8952  8952 E AndroidRuntime: 	at com.android.internal.os.RuntimeInit$MethodAndArgsCaller.run(RuntimeInit.java:575)
10-20 14:00:31.298  8952  8952 E AndroidRuntime: 	at com.android.internal.os.ZygoteInit.main(ZygoteInit.java:903)
10-20 14:00:31.298  8952  8952 E AndroidRuntime: Caused by: java.lang.NullPointerException: Attempt to get length of null array
10-20 14:00:31.298  8952  8952 E AndroidRuntime: 	at com.google.mediapipe.apps.edgedetectiongpu.MainActivity.onCreate(MainActivity.java:141)
10-20 14:00:31.298  8952  8952 E AndroidRuntime: 	at android.app.Activity.performCreate(Activity.java:7315)
10-20 14:00:31.298  8952  8952 E AndroidRuntime: 	at android.app.Activity.performCreate(Activity.java:7306)
10-20 14:00:31.298  8952  8952 E AndroidRuntime: 	at android.app.Instrumentation.callActivityOnCreate(Instrumentation.java:1272)
10-20 14:00:31.298  8952  8952 E AndroidRuntime: 	at android.app.ActivityThread.performLaunchActivity(ActivityThread.java:3118)
10-20 14:00:31.298  8952  8952 E AndroidRuntime: 	... 11 more
10-20 14:00:31.301  1439  8974 I chatty  : uid=1000 system_server expire 6 lines
10-20 14:00:31.356  1439  2839 I chatty  : uid=1000(system) Binder:1439_8 expire 13 lines
10-20 14:00:32.384  8984  8984 E AndroidRuntime: FATAL EXCEPTION: main
10-20 14:00:32.384  8984  8984 E AndroidRuntime: Process: com.google.mediapipe.apps.edgedetectiongpu, PID: 8984
10-20 14:00:32.384  8984  8984 E AndroidRuntime: java.lang.RuntimeException: Unable to start activity ComponentInfo{com.google.mediapipe.apps.edgedetectiongpu/com.google.mediapipe.apps.edgedetectiongpu.MainActivity}: java.lang.NullPointerException: Attempt to get length of null array
10-20 14:00:32.384  8984  8984 E AndroidRuntime: 	at android.app.ActivityThread.performLaunchActivity(ActivityThread.java:3138)
10-20 14:00:32.384  8984  8984 E AndroidRuntime: 	at android.app.ActivityThread.handleLaunchActivity(ActivityThread.java:3289)
10-20 14:00:32.384  8984  8984 E AndroidRuntime: 	at android.app.servertransaction.LaunchActivityItem.execute(LaunchActivityItem.java:78)
10-20 14:00:32.384  8984  8984 E AndroidRuntime: 	at android.app.servertransaction.TransactionExecutor.executeCallbacks(TransactionExecutor.java:108)
10-20 14:00:32.384  8984  8984 E AndroidRuntime: 	at android.app.servertransaction.TransactionExecutor.execute(TransactionExecutor.java:68)
10-20 14:00:32.384  8984  8984 E AndroidRuntime: 	at android.app.ActivityThread$H.handleMessage(ActivityThread.java:2012)
10-20 14:00:32.384  8984  8984 E AndroidRuntime: 	at android.os.Handler.dispatchMessage(Handler.java:106)
10-20 14:00:32.384  8984  8984 E AndroidRuntime: 	at android.os.Looper.loop(Looper.java:227)
10-20 14:00:32.384  8984  8984 E AndroidRuntime: 	at android.app.ActivityThread.main(ActivityThread.java:7200)
10-20 14:00:32.384  8984  8984 E AndroidRuntime: 	at java.lang.reflect.Method.invoke(Native Method)
10-20 14:00:32.384  8984  8984 E AndroidRuntime: 	at com.android.internal.os.RuntimeInit$MethodAndArgsCaller.run(RuntimeInit.java:575)
10-20 14:00:32.384  8984  8984 E AndroidRuntime: 	at com.android.internal.os.ZygoteInit.main(ZygoteInit.java:903)
10-20 14:00:32.384  8984  8984 E AndroidRuntime: Caused by: java.lang.NullPointerException: Attempt to get length of null array
10-20 14:00:32.384  8984  8984 E AndroidRuntime: 	at com.google.mediapipe.apps.edgedetectiongpu.MainActivity.onCreate(MainActivity.java:141)
10-20 14:00:32.384  8984  8984 E AndroidRuntime: 	at android.app.Activity.performCreate(Activity.java:7315)
10-20 14:00:32.384  8984  8984 E AndroidRuntime: 	at android.app.Activity.performCreate(Activity.java:7306)
10-20 14:00:32.384  8984  8984 E AndroidRuntime: 	at android.app.Instrumentation.callActivityOnCreate(Instrumentation.java:1272)
10-20 14:00:32.384  8984  8984 E AndroidRuntime: 	at android.app.ActivityThread.performLaunchActivity(ActivityThread.java:3118)
10-20 14:00:32.384  8984  8984 E AndroidRuntime: 	... 11 more
10-20 14:00:32.387  1439  9006 I chatty  : uid=1000 system_server expire 6 lines
10-20 14:00:32.432  1439  2461 I chatty  : uid=1000(system) oppocrashclear expire 4 lines
10-20 14:00:32.438  1439  1990 I chatty  : uid=1000(system) android.anim expire 1 line
10-20 14:00:32.438  1439  2839 I chatty  : uid=1000(system) Binder:1439_8 expire 2 lines
10-20 14:00:32.439  1439  1585 I chatty  : uid=1000(system) android.ui expire 1 line
10-20 14:00:32.464  1439  1990 I chatty  : uid=1000(system) android.anim expire 3 lines
10-20 14:00:32.475  1439  2209 I chatty  : uid=1000(system) MotorManager expire 1 line
10-20 14:00:32.482  1439  2839 I chatty  : uid=1000(system) Binder:1439_8 expire 3 lines
10-20 14:00:32.486  1439  2490 I chatty  : uid=1000(system) Binder:1439_5 expire 1 line
10-20 14:00:32.500  1439  2839 I chatty  : uid=1000(system) Binder:1439_8 expire 1 line
10-20 14:00:32.537  1439  3379 I chatty  : uid=1000(system) Binder:1439_C expire 5 lines
10-20 14:00:32.563  1439  3130 I chatty  : uid=1000(system) Binder:1439_B expire 1 line
10-20 14:00:32.761  1439  1669 I chatty  : uid=1000(system) android.display expire 1 line
10-20 14:00:33.287  1439  1584 I chatty  : uid=1000(system) ActivityManager expire 1 line
10-20 14:00:33.294  1439  2461 I chatty  : uid=1000(system) oppocrashclear expire 4 lines
10-20 14:00:33.316  1439  1584 I chatty  : uid=1000(system) ActivityManager expire 1 line
10-20 14:00:40.271   711   735 E NetlinkEvent: NetlinkEvent::FindParam(): Parameter 'INTERFACE' not found
10-20 14:00:40.271   711   735 E NetlinkEvent: NetlinkEvent::FindParam(): Parameter 'STATE' not found
10-20 14:00:40.271   711   735 E NetlinkEvent: NetlinkEvent::FindParam(): Parameter 'TIME_NS' not found
10-20 14:00:40.271   711   735 E NetlinkEvent: NetlinkEvent::FindParam(): Parameter 'UID' not found
10-20 14:00:42.993  1439  1655 I chatty  : uid=1000(system) batterystats-wo expire 1 line
10-20 14:00:43.068  1439  9031 I chatty  : uid=1000 system_server expire 1 line
10-20 14:00:46.163   711   735 E NetlinkEvent: NetlinkEvent::FindParam(): Parameter 'INTERFACE' not found
10-20 14:00:46.163   711   735 E NetlinkEvent: NetlinkEvent::FindParam(): Parameter 'STATE' not found
10-20 14:00:46.163   711   735 E NetlinkEvent: NetlinkEvent::FindParam(): Parameter 'TIME_NS' not found
10-20 14:00:46.163   711   735 E NetlinkEvent: NetlinkEvent::FindParam(): Parameter 'UID' not found
10-20 14:00:52.053   711   735 E NetlinkEvent: NetlinkEvent::FindParam(): Parameter 'INTERFACE' not found
10-20 14:00:52.053   711   735 E NetlinkEvent: NetlinkEvent::FindParam(): Parameter 'STATE' not found
10-20 14:00:52.053   711   735 E NetlinkEvent: NetlinkEvent::FindParam(): Parameter 'TIME_NS' not found
10-20 14:00:52.053   711   735 E NetlinkEvent: NetlinkEvent::FindParam(): Parameter 'UID' not found
10-20 14:00:53.479  1439  3130 I chatty  : uid=1000(system) Binder:1439_B expire 1 line
10-20 14:00:57.921   711   735 E NetlinkEvent: NetlinkEvent::FindParam(): Parameter 'INTERFACE' not found
10-20 14:00:57.921   711   735 E NetlinkEvent: NetlinkEvent::FindParam(): Parameter 'STATE' not found
10-20 14:00:57.921   711   735 E NetlinkEvent: NetlinkEvent::FindParam(): Parameter 'TIME_NS' not found
10-20 14:00:57.921   711   735 E NetlinkEvent: NetlinkEvent::FindParam(): Parameter 'UID' not found
10-20 14:00:58.869  1439  1587 I chatty  : uid=1000(system) BroadcastQueue expire 1 line
10-20 14:00:58.927  1439  1589 I chatty  : uid=1000(system) ActivityManager expire 1 line
10-20 14:00:58.958  1439  2834 I chatty  : uid=1000(system) Binder:1439_7 expire 2 lines
10-20 14:00:58.970  9075  9087 V ActivityThread: scheduleReceiver info = ActivityInfo{dd3d8a5 com.google.firebase.iid.FirebaseInstanceIdReceiver} intent = Intent { act=com.google.android.c2dm.intent.RECEIVE flg=0x11080010 pkg=com.Slack cmp=com.Slack/com.google.firebase.iid.FirebaseInstanceIdReceiver (has extras) } sync = true hasCode = 85784071
10-20 14:00:59.692  3169  5501 V ActivityThread: scheduleRegisteredReceiver receiver= android.app.LoadedApk$ReceiverDispatcher$InnerReceiver@afb5a6e intent= Intent { act=com.google.android.c2dm.intent.RECEIVE flg=0x11080010 pkg=com.Slack (has extras) } ordered= false sticky = false
10-20 14:00:59.693  3169  3169 I ActivityThread: Dispatching broadcast com.google.android.c2dm.intent.RECEIVE to com.google.android.gms.gcm.DataMessageManager$BroadcastDoneReceiver@1a7350f
10-20 14:01:00.740  1439  2490 I chatty  : uid=1000(system) Binder:1439_5 expire 1 line
10-20 14:01:01.282  1439  2614 I chatty  : uid=1000(system) watchdog expire 1 line
10-20 14:01:03.831   711   735 E NetlinkEvent: NetlinkEvent::FindParam(): Parameter 'INTERFACE' not found
10-20 14:01:03.831   711   735 E NetlinkEvent: NetlinkEvent::FindParam(): Parameter 'STATE' not found
10-20 14:01:03.831   711   735 E NetlinkEvent: NetlinkEvent::FindParam(): Parameter 'TIME_NS' not found
10-20 14:01:03.831   711   735 E NetlinkEvent: NetlinkEvent::FindParam(): Parameter 'UID' not found
10-20 14:01:17.235  1190  1340 E storaged: getDiskStats failed with result NOT_SUPPORTED and size 0
10-20 14:01:20.295   711   735 E NetlinkEvent: NetlinkEvent::FindParam(): Parameter 'INTERFACE' not found
10-20 14:01:20.295   711   735 E NetlinkEvent: NetlinkEvent::FindParam(): Parameter 'STATE' not found
10-20 14:01:20.295   711   735 E NetlinkEvent: NetlinkEvent::FindParam(): Parameter 'TIME_NS' not found
10-20 14:01:20.295   711   735 E NetlinkEvent: NetlinkEvent::FindParam(): Parameter 'UID' not found
10-20 14:01:21.174   711   735 E NetlinkEvent: NetlinkEvent::FindParam(): Parameter 'INTERFACE' not found
10-20 14:01:21.174   711   735 E NetlinkEvent: NetlinkEvent::FindParam(): Parameter 'STATE' not found
10-20 14:01:21.174   711   735 E NetlinkEvent: NetlinkEvent::FindParam(): Parameter 'TIME_NS' not found
10-20 14:01:21.174   711   735 E NetlinkEvent: NetlinkEvent::FindParam(): Parameter 'UID' not found
10-20 14:01:26.398  1439  2839 I chatty  : uid=1000(system) Binder:1439_8 expire 6 lines
10-20 14:01:31.285  1439  2614 I chatty  : uid=1000(system) watchdog expire 8 lines
10-20 14:01:37.115   711   735 E NetlinkEvent: NetlinkEvent::FindParam(): Parameter 'INTERFACE' not found
10-20 14:01:37.115   711   735 E NetlinkEvent: NetlinkEvent::FindParam(): Parameter 'STATE' not found
10-20 14:01:37.115   711   735 E NetlinkEvent: NetlinkEvent::FindParam(): Parameter 'TIME_NS' not found
10-20 14:01:37.115   711   735 E NetlinkEvent: NetlinkEvent::FindParam(): Parameter 'UID' not found
10-20 14:01:42.987   711   735 E NetlinkEvent: NetlinkEvent::FindParam(): Parameter 'INTERFACE' not found
10-20 14:01:42.987   711   735 E NetlinkEvent: NetlinkEvent::FindParam(): Parameter 'STATE' not found
10-20 14:01:42.987   711   735 E NetlinkEvent: NetlinkEvent::FindParam(): Parameter 'TIME_NS' not found
10-20 14:01:42.987   711   735 E NetlinkEvent: NetlinkEvent::FindParam(): Parameter 'UID' not found
10-20 14:01:48.888   711   735 E NetlinkEvent: NetlinkEvent::FindParam(): Parameter 'INTERFACE' not found
10-20 14:01:48.889   711   735 E NetlinkEvent: NetlinkEvent::FindParam(): Parameter 'STATE' not found
10-20 14:01:48.889   711   735 E NetlinkEvent: NetlinkEvent::FindParam(): Parameter 'TIME_NS' not found
10-20 14:01:48.889   711   735 E NetlinkEvent: NetlinkEvent::FindParam(): Parameter 'UID' not found
10-20 14:01:53.824  1439  2490 I chatty  : uid=1000(system) Binder:1439_5 expire 7 lines
10-20 14:01:53.880  1439  1585 I chatty  : uid=1000(system) android.ui expire 13 lines
10-20 14:01:54.762   711   735 E NetlinkEvent: NetlinkEvent::FindParam(): Parameter 'INTERFACE' not found
10-20 14:01:54.762   711   735 E NetlinkEvent: NetlinkEvent::FindParam(): Parameter 'STATE' not found
10-20 14:01:54.762   711   735 E NetlinkEvent: NetlinkEvent::FindParam(): Parameter 'TIME_NS' not found
10-20 14:01:54.762   711   735 E NetlinkEvent: NetlinkEvent::FindParam(): Parameter 'UID' not found
10-20 14:02:00.659   711   735 E NetlinkEvent: NetlinkEvent::FindParam(): Parameter 'INTERFACE' not found
10-20 14:02:00.659   711   735 E NetlinkEvent: NetlinkEvent::FindParam(): Parameter 'STATE' not found
10-20 14:02:00.659   711   735 E NetlinkEvent: NetlinkEvent::FindParam(): Parameter 'TIME_NS' not found
10-20 14:02:00.659   711   735 E NetlinkEvent: NetlinkEvent::FindParam(): Parameter 'UID' not found
10-20 14:02:06.407  3906 13029 V ActivityThread: scheduleReceiver info = ActivityInfo{bd44ba1 com.google.firebase.iid.FirebaseInstanceIdReceiver} intent = Intent { act=com.google.android.c2dm.intent.RECEIVE flg=0x1080010 pkg=com.twitter.android cmp=com.twitter.android/com.google.firebase.iid.FirebaseInstanceIdReceiver (has extras) } sync = true hasCode = 94239151
10-20 14:02:06.515  3169  5501 V ActivityThread: scheduleRegisteredReceiver receiver= android.app.LoadedApk$ReceiverDispatcher$InnerReceiver@d620918 intent= Intent { act=com.google.android.c2dm.intent.RECEIVE flg=0x1080010 pkg=com.twitter.android (has extras) } ordered= false sticky = false
10-20 14:02:06.515  3169  3169 I ActivityThread: Dispatching broadcast com.google.android.c2dm.intent.RECEIVE to com.google.android.gms.gcm.DataMessageManager$BroadcastDoneReceiver@2135f71
10-20 14:02:13.293  1439  1473 I chatty  : uid=1000(system) Binder:1439_1 expire 10 lines
10-20 14:02:17.237  1190  1340 E storaged: getDiskStats failed with result NOT_SUPPORTED and size 0
10-20 14:02:23.961   711   735 E NetlinkEvent: NetlinkEvent::FindParam(): Parameter 'INTERFACE' not found
10-20 14:02:23.961   711   735 E NetlinkEvent: NetlinkEvent::FindParam(): Parameter 'STATE' not found
10-20 14:02:23.961   711   735 E NetlinkEvent: NetlinkEvent::FindParam(): Parameter 'TIME_NS' not found
10-20 14:02:23.961   711   735 E NetlinkEvent: NetlinkEvent::FindParam(): Parameter 'UID' not found
10-20 14:02:29.836   711   735 E NetlinkEvent: NetlinkEvent::FindParam(): Parameter 'INTERFACE' not found
10-20 14:02:29.837   711   735 E NetlinkEvent: NetlinkEvent::FindParam(): Parameter 'STATE' not found
10-20 14:02:29.837   711   735 E NetlinkEvent: NetlinkEvent::FindParam(): Parameter 'TIME_NS' not found
10-20 14:02:29.837   711   735 E NetlinkEvent: NetlinkEvent::FindParam(): Parameter 'UID' not found
10-20 14:02:30.715   711   735 E NetlinkEvent: NetlinkEvent::FindParam(): Parameter 'INTERFACE' not found
10-20 14:02:30.716   711   735 E NetlinkEvent: NetlinkEvent::FindParam(): Parameter 'STATE' not found
10-20 14:02:30.716   711   735 E NetlinkEvent: NetlinkEvent::FindParam(): Parameter 'TIME_NS' not found
10-20 14:02:30.716   711   735 E NetlinkEvent: NetlinkEvent::FindParam(): Parameter 'UID' not found
10-20 14:02:34.284  2422  9390 E ActivityThread: Failed to find provider info for com.facebook.mlite.sso.MessengerLoggedInUserProvider
10-20 14:02:35.516  1439  3130 I chatty  : uid=1000(system) Binder:1439_B expire 14 lines
10-20 14:02:35.590  1439  4111 I chatty  : uid=1000(system) Binder:1439_14 expire 10 lines
10-20 14:02:35.679  1439  2834 I chatty  : uid=1000(system) Binder:1439_7 expire 3 lines
10-20 14:02:35.781  1439  1990 I chatty  : uid=1000(system) android.anim expire 18 lines
10-20 14:02:42.389   711   735 E NetlinkEvent: NetlinkEvent::FindParam(): Parameter 'INTERFACE' not found
10-20 14:02:42.389   711   735 E NetlinkEvent: NetlinkEvent::FindParam(): Parameter 'STATE' not found
10-20 14:02:42.389   711   735 E NetlinkEvent: NetlinkEvent::FindParam(): Parameter 'TIME_NS' not found
10-20 14:02:42.389   711   735 E NetlinkEvent: NetlinkEvent::FindParam(): Parameter 'UID' not found
10-20 14:02:48.278   711   735 E NetlinkEvent: NetlinkEvent::FindParam(): Parameter 'INTERFACE' not found
10-20 14:02:48.278   711   735 E NetlinkEvent: NetlinkEvent::FindParam(): Parameter 'STATE' not found
10-20 14:02:48.278   711   735 E NetlinkEvent: NetlinkEvent::FindParam(): Parameter 'TIME_NS' not found
10-20 14:02:48.278   711   735 E NetlinkEvent: NetlinkEvent::FindParam(): Parameter 'UID' not found
10-20 14:02:54.162   711   735 E NetlinkEvent: NetlinkEvent::FindParam(): Parameter 'INTERFACE' not found
10-20 14:02:54.162   711   735 E NetlinkEvent: NetlinkEvent::FindParam(): Parameter 'STATE' not found
10-20 14:02:54.162   711   735 E NetlinkEvent: NetlinkEvent::FindParam(): Parameter 'TIME_NS' not found
10-20 14:02:54.162   711   735 E NetlinkEvent: NetlinkEvent::FindParam(): Parameter 'UID' not found
10-20 14:03:15.668   711   735 E NetlinkEvent: NetlinkEvent::FindParam(): Parameter 'INTERFACE' not found
10-20 14:03:15.668   711   735 E NetlinkEvent: NetlinkEvent::FindParam(): Parameter 'STATE' not found
10-20 14:03:15.668   711   735 E NetlinkEvent: NetlinkEvent::FindParam(): Parameter 'TIME_NS' not found
10-20 14:03:15.668   711   735 E NetlinkEvent: NetlinkEvent::FindParam(): Parameter 'UID' not found
10-20 14:03:17.239  1190  1340 E storaged: getDiskStats failed with result NOT_SUPPORTED and size 0
10-20 14:03:21.560   711   735 E NetlinkEvent: NetlinkEvent::FindParam(): Parameter 'INTERFACE' not found
10-20 14:03:21.560   711   735 E NetlinkEvent: NetlinkEvent::FindParam(): Parameter 'STATE' not found
10-20 14:03:21.560   711   735 E NetlinkEvent: NetlinkEvent::FindParam(): Parameter 'TIME_NS' not found
10-20 14:03:21.560   711   735 E NetlinkEvent: NetlinkEvent::FindParam(): Parameter 'UID' not found
10-20 14:03:24.630   711   735 E NetlinkEvent: NetlinkEvent::FindParam(): Parameter 'INTERFACE' not found
10-20 14:03:24.630   711   735 E NetlinkEvent: NetlinkEvent::FindParam(): Parameter 'STATE' not found
10-20 14:03:24.630   711   735 E NetlinkEvent: NetlinkEvent::FindParam(): Parameter 'TIME_NS' not found
10-20 14:03:24.630   711   735 E NetlinkEvent: NetlinkEvent::FindParam(): Parameter 'UID' not found
10-20 14:03:30.507   711   735 E NetlinkEvent: NetlinkEvent::FindParam(): Parameter 'INTERFACE' not found
10-20 14:03:30.507   711   735 E NetlinkEvent: NetlinkEvent::FindParam(): Parameter 'STATE' not found
10-20 14:03:30.507   711   735 E NetlinkEvent: NetlinkEvent::FindParam(): Parameter 'TIME_NS' not found
10-20 14:03:30.507   711   735 E NetlinkEvent: NetlinkEvent::FindParam(): Parameter 'UID' not found
10-20 14:03:36.396   711   735 E NetlinkEvent: NetlinkEvent::FindParam(): Parameter 'INTERFACE' not found
10-20 14:03:36.396   711   735 E NetlinkEvent: NetlinkEvent::FindParam(): Parameter 'STATE' not found
10-20 14:03:36.396   711   735 E NetlinkEvent: NetlinkEvent::FindParam(): Parameter 'TIME_NS' not found
10-20 14:03:36.396   711   735 E NetlinkEvent: NetlinkEvent::FindParam(): Parameter 'UID' not found
10-20 14:03:42.303   711   735 E NetlinkEvent: NetlinkEvent::FindParam(): Parameter 'INTERFACE' not found
10-20 14:03:42.303   711   735 E NetlinkEvent: NetlinkEvent::FindParam(): Parameter 'STATE' not found
10-20 14:03:42.303   711   735 E NetlinkEvent: NetlinkEvent::FindParam(): Parameter 'TIME_NS' not found
10-20 14:03:42.303   711   735 E NetlinkEvent: NetlinkEvent::FindParam(): Parameter 'UID' not found
10-20 14:04:00.517   711   735 E NetlinkEvent: NetlinkEvent::FindParam(): Parameter 'INTERFACE' not found
10-20 14:04:00.517   711   735 E NetlinkEvent: NetlinkEvent::FindParam(): Parameter 'STATE' not found
10-20 14:04:00.517   711   735 E NetlinkEvent: NetlinkEvent::FindParam(): Parameter 'TIME_NS' not found
10-20 14:04:00.517   711   735 E NetlinkEvent: NetlinkEvent::FindParam(): Parameter 'UID' not found
10-20 14:04:16.602   711   735 E NetlinkEvent: NetlinkEvent::FindParam(): Parameter 'INTERFACE' not found
10-20 14:04:16.603   711   735 E NetlinkEvent: NetlinkEvent::FindParam(): Parameter 'STATE' not found
10-20 14:04:16.603   711   735 E NetlinkEvent: NetlinkEvent::FindParam(): Parameter 'TIME_NS' not found
10-20 14:04:16.603   711   735 E NetlinkEvent: NetlinkEvent::FindParam(): Parameter 'UID' not found
10-20 14:04:17.241  1190  1340 E storaged: getDiskStats failed with result NOT_SUPPORTED and size 0
10-20 14:04:22.477   711   735 E NetlinkEvent: NetlinkEvent::FindParam(): Parameter 'INTERFACE' not found
10-20 14:04:22.478   711   735 E NetlinkEvent: NetlinkEvent::FindParam(): Parameter 'STATE' not found
10-20 14:04:22.478   711   735 E NetlinkEvent: NetlinkEvent::FindParam(): Parameter 'TIME_NS' not found
10-20 14:04:22.478   711   735 E NetlinkEvent: NetlinkEvent::FindParam(): Parameter 'UID' not found
10-20 14:04:28.378   711   735 E NetlinkEvent: NetlinkEvent::FindParam(): Parameter 'INTERFACE' not found
10-20 14:04:28.378   711   735 E NetlinkEvent: NetlinkEvent::FindParam(): Parameter 'STATE' not found
10-20 14:04:28.378   711   735 E NetlinkEvent: NetlinkEvent::FindParam(): Parameter 'TIME_NS' not found
10-20 14:04:28.378   711   735 E NetlinkEvent: NetlinkEvent::FindParam(): Parameter 'UID' not found
10-20 14:04:34.269   711   735 E NetlinkEvent: NetlinkEvent::FindParam(): Parameter 'INTERFACE' not found
10-20 14:04:34.269   711   735 E NetlinkEvent: NetlinkEvent::FindParam(): Parameter 'STATE' not found
10-20 14:04:34.269   711   735 E NetlinkEvent: NetlinkEvent::FindParam(): Parameter 'TIME_NS' not found
10-20 14:04:34.269   711   735 E NetlinkEvent: NetlinkEvent::FindParam(): Parameter 'UID' not found
10-20 14:04:40.146   711   735 E NetlinkEvent: NetlinkEvent::FindParam(): Parameter 'INTERFACE' not found
10-20 14:04:40.146   711   735 E NetlinkEvent: NetlinkEvent::FindParam(): Parameter 'STATE' not found
10-20 14:04:40.146   711   735 E NetlinkEvent: NetlinkEvent::FindParam(): Parameter 'TIME_NS' not found
10-20 14:04:40.146   711   735 E NetlinkEvent: NetlinkEvent::FindParam(): Parameter 'UID' not found
10-20 14:04:51.020  1439  1584 I chatty  : uid=1000(system) ActivityManager expire 8 lines
10-20 14:04:53.082 21456 26944 E ActivityThread: Failed to find provider info for com.coloros.speechassist.instruction
10-20 14:04:53.133  1439  1589 I chatty  : uid=1000(system) ActivityManager expire 4 lines
10-20 14:04:53.448  1439  1587 I chatty  : uid=1000(system) BroadcastQueue expire 14 lines
10-20 14:04:53.455  1439  1439 I chatty  : uid=1000 system_server expire 9 lines
10-20 14:04:53.557  1439  2209 I chatty  : uid=1000(system) MotorManager expire 2 lines
10-20 14:04:53.606  1439  5665 I chatty  : uid=1000(system) Binder:1439_1B expire 3 lines
10-20 14:04:53.785  9687  9687 E SchedPolicy: set_timerslack_ns write failed: Operation not permitted
10-20 14:04:53.855  1439  3130 I chatty  : uid=1000(system) Binder:1439_B expire 1 line
10-20 14:04:58.825  1439  4123 I chatty  : uid=1000(system) Binder:1439_16 expire 1 line
10-20 14:04:59.805  2774  2774 D ViewRootImpl: Swipe From Bottom Rotation 0 mIgnoring true downY 2321 mScreenHeight 2340 mStatusBarHeight 54 globalScale 1.3235294
10-20 14:05:01.935  1439  1585 I chatty  : uid=1000(system) android.ui expire 3 lines
10-20 14:05:16.526  1439  1974 I chatty  : uid=1000(system) PackageInstalle expire 2 lines
10-20 14:05:17.242  1190  1340 E storaged: getDiskStats failed with result NOT_SUPPORTED and size 0
10-20 14:05:17.516  1439  1713 I chatty  : uid=1000(system) PackageManager expire 33 lines
10-20 14:05:19.438  1439  1587 I chatty  : uid=1000(system) BroadcastQueue expire 56 lines
10-20 14:05:19.634  1439  1676 I chatty  : uid=1000(system) Binder:1439_4 expire 1 line
10-20 14:05:19.858  1439  1667 I chatty  : uid=1000(system) android.fg expire 1 line
10-20 14:05:20.187  7602  7602 E ActivityThread: Service com.firebase.jobdispatcher.GooglePlayReceiver has leaked ServiceConnection auq@ddef38a that was originally bound here
10-20 14:05:20.187  7602  7602 E ActivityThread: android.app.ServiceConnectionLeaked: Service com.firebase.jobdispatcher.GooglePlayReceiver has leaked ServiceConnection auq@ddef38a that was originally bound here
10-20 14:05:20.187  7602  7602 E ActivityThread: 	at android.app.LoadedApk$ServiceDispatcher.<init>(LoadedApk.java:1771)
10-20 14:05:20.187  7602  7602 E ActivityThread: 	at android.app.LoadedApk.getServiceDispatcher(LoadedApk.java:1663)
10-20 14:05:20.187  7602  7602 E ActivityThread: 	at android.app.ContextImpl.bindServiceCommon(ContextImpl.java:1713)
10-20 14:05:20.187  7602  7602 E ActivityThread: 	at android.app.ContextImpl.bindService(ContextImpl.java:1666)
10-20 14:05:20.187  7602  7602 E ActivityThread: 	at android.content.ContextWrapper.bindService(ContextWrapper.java:709)
10-20 14:05:20.187  7602  7602 E ActivityThread: 	at aub.a(Unknown Source:18)
10-20 14:05:20.187  7602  7602 E ActivityThread: 	at aub.a(Unknown Source:169)
10-20 14:05:20.187  7602  7602 E ActivityThread: 	at auh.handleMessage(Unknown Source:116)
10-20 14:05:20.187  7602  7602 E ActivityThread: 	at android.os.Handler.dispatchMessage(Handler.java:106)
10-20 14:05:20.187  7602  7602 E ActivityThread: 	at android.os.Looper.loop(Looper.java:227)
10-20 14:05:20.187  7602  7602 E ActivityThread: 	at android.app.ActivityThread.main(ActivityThread.java:7200)
10-20 14:05:20.187  7602  7602 E ActivityThread: 	at java.lang.reflect.Method.invoke(Native Method)
10-20 14:05:20.187  7602  7602 E ActivityThread: 	at com.android.internal.os.RuntimeInit$MethodAndArgsCaller.run(RuntimeInit.java:575)
10-20 14:05:20.187  7602  7602 E ActivityThread: 	at com.android.internal.os.ZygoteInit.main(ZygoteInit.java:903)
10-20 14:05:20.190  1439  1587 I chatty  : uid=1000(system) BroadcastQueue expire 3 lines
10-20 14:05:20.207  1439  1584 I chatty  : uid=1000(system) ActivityManager expire 1 line
10-20 14:05:20.253  1439  1439 I chatty  : uid=1000 system_server expire 6 lines
10-20 14:05:20.959  1439  1582 I chatty  : uid=1000(system) android.bg expire 1 line
10-20 14:05:21.320  1439  3130 I chatty  : uid=1000(system) Binder:1439_B expire 4 lines
10-20 14:05:21.349  1439  1673 I chatty  : uid=1000(system) Binder:1439_3 expire 2 lines
10-20 14:05:21.428  1439  2490 I chatty  : uid=1000(system) Binder:1439_5 expire 5 lines
10-20 14:05:21.502  1439  2839 I chatty  : uid=1000(system) Binder:1439_8 expire 13 lines
10-20 14:05:21.523  1439  1589 I chatty  : uid=1000(system) ActivityManager expire 3 lines
10-20 14:05:21.536  1439  4120 I chatty  : uid=1000(system) Binder:1439_15 expire 12 lines
10-20 14:05:22.220  1439  3381 I chatty  : uid=1000(system) Binder:1439_E expire 4 lines
10-20 14:05:22.279  1439  2209 I chatty  : uid=1000(system) MotorManager expire 3 lines
10-20 14:05:22.388  1439  1585 I chatty  : uid=1000(system) android.ui expire 9 lines
10-20 14:05:22.398  1439  1990 I chatty  : uid=1000(system) android.anim expire 8 lines
10-20 14:05:22.403  1439  1991 I chatty  : uid=1000(system) android.anim.lf expire 28 lines
10-20 14:05:22.718  9995  9995 E AndroidRuntime: FATAL EXCEPTION: main
10-20 14:05:22.718  9995  9995 E AndroidRuntime: Process: com.google.mediapipe.apps.edgedetectiongpu, PID: 9995
10-20 14:05:22.718  9995  9995 E AndroidRuntime: java.lang.RuntimeException: Unable to start activity ComponentInfo{com.google.mediapipe.apps.edgedetectiongpu/com.google.mediapipe.apps.edgedetectiongpu.MainActivity}: java.lang.NullPointerException: Attempt to get length of null array
10-20 14:05:22.718  9995  9995 E AndroidRuntime: 	at android.app.ActivityThread.performLaunchActivity(ActivityThread.java:3138)
10-20 14:05:22.718  9995  9995 E AndroidRuntime: 	at android.app.ActivityThread.handleLaunchActivity(ActivityThread.java:3289)
10-20 14:05:22.718  9995  9995 E AndroidRuntime: 	at android.app.servertransaction.LaunchActivityItem.execute(LaunchActivityItem.java:78)
10-20 14:05:22.718  9995  9995 E AndroidRuntime: 	at android.app.servertransaction.TransactionExecutor.executeCallbacks(TransactionExecutor.java:108)
10-20 14:05:22.718  9995  9995 E AndroidRuntime: 	at android.app.servertransaction.TransactionExecutor.execute(TransactionExecutor.java:68)
10-20 14:05:22.718  9995  9995 E AndroidRuntime: 	at android.app.ActivityThread$H.handleMessage(ActivityThread.java:2012)
10-20 14:05:22.718  9995  9995 E AndroidRuntime: 	at android.os.Handler.dispatchMessage(Handler.java:106)
10-20 14:05:22.718  9995  9995 E AndroidRuntime: 	at android.os.Looper.loop(Looper.java:227)
10-20 14:05:22.718  9995  9995 E AndroidRuntime: 	at android.app.ActivityThread.main(ActivityThread.java:7200)
10-20 14:05:22.718  9995  9995 E AndroidRuntime: 	at java.lang.reflect.Method.invoke(Native Method)
10-20 14:05:22.718  9995  9995 E AndroidRuntime: 	at com.android.internal.os.RuntimeInit$MethodAndArgsCaller.run(RuntimeInit.java:575)
10-20 14:05:22.718  9995  9995 E AndroidRuntime: 	at com.android.internal.os.ZygoteInit.main(ZygoteInit.java:903)
10-20 14:05:22.718  9995  9995 E AndroidRuntime: Caused by: java.lang.NullPointerException: Attempt to get length of null array
10-20 14:05:22.718  9995  9995 E AndroidRuntime: 	at com.google.mediapipe.apps.edgedetectiongpu.MainActivity.onCreate(MainActivity.java:141)
10-20 14:05:22.718  9995  9995 E AndroidRuntime: 	at android.app.Activity.performCreate(Activity.java:7315)
10-20 14:05:22.718  9995  9995 E AndroidRuntime: 	at android.app.Activity.performCreate(Activity.java:7306)
10-20 14:05:22.718  9995  9995 E AndroidRuntime: 	at android.app.Instrumentation.callActivityOnCreate(Instrumentation.java:1272)
10-20 14:05:22.718  9995  9995 E AndroidRuntime: 	at android.app.ActivityThread.performLaunchActivity(ActivityThread.java:3118)
10-20 14:05:22.718  9995  9995 E AndroidRuntime: 	... 11 more
10-20 14:05:22.769  1439 10016 I chatty  : uid=1000 system_server expire 6 lines
10-20 14:05:22.982  1439  1669 I chatty  : uid=1000(system) android.display expire 1 line
10-20 14:05:23.125  1439  3912 I chatty  : uid=1000(system) backup expire 2 lines
10-20 14:05:23.741  1439  3946 I chatty  : uid=1000(system) Binder:1439_10 expire 2 lines
10-20 14:05:23.870  1439  1676 I chatty  : uid=1000(system) Binder:1439_4 expire 4 lines
10-20 14:05:24.021  1439  1991 I chatty  : uid=1000(system) android.anim.lf expire 29 lines
10-20 14:05:24.141 10026 10026 E AndroidRuntime: FATAL EXCEPTION: main
10-20 14:05:24.141 10026 10026 E AndroidRuntime: Process: com.google.mediapipe.apps.edgedetectiongpu, PID: 10026
10-20 14:05:24.141 10026 10026 E AndroidRuntime: java.lang.RuntimeException: Unable to start activity ComponentInfo{com.google.mediapipe.apps.edgedetectiongpu/com.google.mediapipe.apps.edgedetectiongpu.MainActivity}: java.lang.NullPointerException: Attempt to get length of null array
10-20 14:05:24.141 10026 10026 E AndroidRuntime: 	at android.app.ActivityThread.performLaunchActivity(ActivityThread.java:3138)
10-20 14:05:24.141 10026 10026 E AndroidRuntime: 	at android.app.ActivityThread.handleLaunchActivity(ActivityThread.java:3289)
10-20 14:05:24.141 10026 10026 E AndroidRuntime: 	at android.app.servertransaction.LaunchActivityItem.execute(LaunchActivityItem.java:78)
10-20 14:05:24.141 10026 10026 E AndroidRuntime: 	at android.app.servertransaction.TransactionExecutor.executeCallbacks(TransactionExecutor.java:108)
10-20 14:05:24.141 10026 10026 E AndroidRuntime: 	at android.app.servertransaction.TransactionExecutor.execute(TransactionExecutor.java:68)
10-20 14:05:24.141 10026 10026 E AndroidRuntime: 	at android.app.ActivityThread$H.handleMessage(ActivityThread.java:2012)
10-20 14:05:24.141 10026 10026 E AndroidRuntime: 	at android.os.Handler.dispatchMessage(Handler.java:106)
10-20 14:05:24.141 10026 10026 E AndroidRuntime: 	at android.os.Looper.loop(Looper.java:227)
10-20 14:05:24.141 10026 10026 E AndroidRuntime: 	at android.app.ActivityThread.main(ActivityThread.java:7200)
10-20 14:05:24.141 10026 10026 E AndroidRuntime: 	at java.lang.reflect.Method.invoke(Native Method)
10-20 14:05:24.141 10026 10026 E AndroidRuntime: 	at com.android.internal.os.RuntimeInit$MethodAndArgsCaller.run(RuntimeInit.java:575)
10-20 14:05:24.141 10026 10026 E AndroidRuntime: 	at com.android.internal.os.ZygoteInit.main(ZygoteInit.java:903)
10-20 14:05:24.141 10026 10026 E AndroidRuntime: Caused by: java.lang.NullPointerException: Attempt to get length of null array
10-20 14:05:24.141 10026 10026 E AndroidRuntime: 	at com.google.mediapipe.apps.edgedetectiongpu.MainActivity.onCreate(MainActivity.java:141)
10-20 14:05:24.141 10026 10026 E AndroidRuntime: 	at android.app.Activity.performCreate(Activity.java:7315)
10-20 14:05:24.141 10026 10026 E AndroidRuntime: 	at android.app.Activity.performCreate(Activity.java:7306)
10-20 14:05:24.141 10026 10026 E AndroidRuntime: 	at android.app.Instrumentation.callActivityOnCreate(Instrumentation.java:1272)
10-20 14:05:24.141 10026 10026 E AndroidRuntime: 	at android.app.ActivityThread.performLaunchActivity(ActivityThread.java:3118)
10-20 14:05:24.141 10026 10026 E AndroidRuntime: 	... 11 more
10-20 14:05:24.144  1439 10046 I chatty  : uid=1000 system_server expire 6 lines
10-20 14:05:24.145  1439  3381 I chatty  : uid=1000(system) Binder:1439_E expire 7 lines
10-20 14:05:24.161  1439  1587 I chatty  : uid=1000(system) BroadcastQueue expire 61 lines
10-20 14:05:24.172  1439  1990 I chatty  : uid=1000(system) android.anim expire 7 lines
10-20 14:05:24.191  1439  4111 I chatty  : uid=1000(system) Binder:1439_14 expire 11 lines
10-20 14:05:24.192  1439  1585 I chatty  : uid=1000(system) android.ui expire 9 lines
10-20 14:05:24.205  1439  2490 I chatty  : uid=1000(system) Binder:1439_5 expire 8 lines
10-20 14:05:24.223  1439  2209 I chatty  : uid=1000(system) MotorManager expire 3 lines
10-20 14:05:24.245  1439  2839 I chatty  : uid=1000(system) Binder:1439_8 expire 1 line
10-20 14:05:24.293  1439  5664 I chatty  : uid=1000(system) Binder:1439_1A expire 3 lines
10-20 14:05:24.497  1439  1669 I chatty  : uid=1000(system) android.display expire 2 lines
10-20 14:05:25.079  1439  3946 I chatty  : uid=1000(system) Binder:1439_10 expire 4 lines
10-20 14:05:25.130  1439  1589 I chatty  : uid=1000(system) ActivityManager expire 1 line
10-20 14:05:25.153  1439  1673 I chatty  : uid=1000(system) Binder:1439_3 expire 4 lines
10-20 14:05:25.420 10056 10056 E AndroidRuntime: FATAL EXCEPTION: main
10-20 14:05:25.420 10056 10056 E AndroidRuntime: Process: com.google.mediapipe.apps.edgedetectiongpu, PID: 10056
10-20 14:05:25.420 10056 10056 E AndroidRuntime: java.lang.RuntimeException: Unable to start activity ComponentInfo{com.google.mediapipe.apps.edgedetectiongpu/com.google.mediapipe.apps.edgedetectiongpu.MainActivity}: java.lang.NullPointerException: Attempt to get length of null array
10-20 14:05:25.420 10056 10056 E AndroidRuntime: 	at android.app.ActivityThread.performLaunchActivity(ActivityThread.java:3138)
10-20 14:05:25.420 10056 10056 E AndroidRuntime: 	at android.app.ActivityThread.handleLaunchActivity(ActivityThread.java:3289)
10-20 14:05:25.420 10056 10056 E AndroidRuntime: 	at android.app.servertransaction.LaunchActivityItem.execute(LaunchActivityItem.java:78)
10-20 14:05:25.420 10056 10056 E AndroidRuntime: 	at android.app.servertransaction.TransactionExecutor.executeCallbacks(TransactionExecutor.java:108)
10-20 14:05:25.420 10056 10056 E AndroidRuntime: 	at android.app.servertransaction.TransactionExecutor.execute(TransactionExecutor.java:68)
10-20 14:05:25.420 10056 10056 E AndroidRuntime: 	at android.app.ActivityThread$H.handleMessage(ActivityThread.java:2012)
10-20 14:05:25.420 10056 10056 E AndroidRuntime: 	at android.os.Handler.dispatchMessage(Handler.java:106)
10-20 14:05:25.420 10056 10056 E AndroidRuntime: 	at android.os.Looper.loop(Looper.java:227)
10-20 14:05:25.420 10056 10056 E AndroidRuntime: 	at android.app.ActivityThread.main(ActivityThread.java:7200)
10-20 14:05:25.420 10056 10056 E AndroidRuntime: 	at java.lang.reflect.Method.invoke(Native Method)
10-20 14:05:25.420 10056 10056 E AndroidRuntime: 	at com.android.internal.os.RuntimeInit$MethodAndArgsCaller.run(RuntimeInit.java:575)
10-20 14:05:25.420 10056 10056 E AndroidRuntime: 	at com.android.internal.os.ZygoteInit.main(ZygoteInit.java:903)
