10-20 13:12:34.281  1439  1667 I chatty  : uid=1000(system) android.fg expire 12 lines
10-20 13:12:34.439  1439  3381 I chatty  : uid=1000(system) Binder:1439_E expire 14 lines
10-20 13:12:34.709 22215 22215 W FingerprintManager: Invalid acquired message: 6, 3
10-20 13:12:35.057  1439  1585 I chatty  : uid=1000(system) android.ui expire 16 lines
10-20 13:12:42.543  1439  1690 I chatty  : uid=1000(system) PowerManagerSer expire 32 lines
10-20 13:12:45.362  1439  1669 I chatty  : uid=1000(system) android.display expire 21 lines
10-20 13:12:51.248  1439  3000 I chatty  : uid=1000(system) Binder:1439_A expire 10 lines
10-20 13:13:00.981  1439  2614 I chatty  : uid=1000(system) watchdog expire 10 lines
10-20 13:14:17.124  1190  1340 I chatty  : uid=0(root) /system/bin/storaged expire 1 line
10-20 13:14:19.100   711   735 I chatty  : uid=0(root) /system/bin/netd expire 99 lines
10-20 13:14:51.931  1439 32663 I chatty  : uid=1000 system_server expire 1 line
10-20 13:15:17.126  1190  1340 I chatty  : uid=0(root) /system/bin/storaged expire 4 lines
10-20 13:18:01.016  1439  2614 I chatty  : uid=1000(system) watchdog expire 16 lines
10-20 13:18:22.161 31359 31700 V ActivityThread: scheduleReceiver info = ActivityInfo{90fb803 com.google.firebase.iid.FirebaseInstanceIdReceiver} intent = Intent { act=com.google.android.c2dm.intent.RECEIVE flg=0x1080010 pkg=in.startv.hotstar cmp=in.startv.hotstar/com.google.firebase.iid.FirebaseInstanceIdReceiver (has extras) } sync = true hasCode = 24811130
10-20 13:18:22.182  7602  7602 E ActivityThread: Service com.firebase.jobdispatcher.GooglePlayReceiver has leaked ServiceConnection auq@ba29bd1 that was originally bound here
10-20 13:18:22.182  7602  7602 E ActivityThread: android.app.ServiceConnectionLeaked: Service com.firebase.jobdispatcher.GooglePlayReceiver has leaked ServiceConnection auq@ba29bd1 that was originally bound here
10-20 13:18:22.182  7602  7602 E ActivityThread: 	at android.app.LoadedApk$ServiceDispatcher.<init>(LoadedApk.java:1771)
10-20 13:18:22.182  7602  7602 E ActivityThread: 	at android.app.LoadedApk.getServiceDispatcher(LoadedApk.java:1663)
10-20 13:18:22.182  7602  7602 E ActivityThread: 	at android.app.ContextImpl.bindServiceCommon(ContextImpl.java:1713)
10-20 13:18:22.182  7602  7602 E ActivityThread: 	at android.app.ContextImpl.bindService(ContextImpl.java:1666)
10-20 13:18:22.182  7602  7602 E ActivityThread: 	at android.content.ContextWrapper.bindService(ContextWrapper.java:709)
10-20 13:18:22.182  7602  7602 E ActivityThread: 	at aub.a(Unknown Source:18)
10-20 13:18:22.182  7602  7602 E ActivityThread: 	at aub.a(Unknown Source:169)
10-20 13:18:22.182  7602  7602 E ActivityThread: 	at auh.handleMessage(Unknown Source:116)
10-20 13:18:22.182  7602  7602 E ActivityThread: 	at android.os.Handler.dispatchMessage(Handler.java:106)
10-20 13:18:22.182  7602  7602 E ActivityThread: 	at android.os.Looper.loop(Looper.java:227)
10-20 13:18:22.182  7602  7602 E ActivityThread: 	at android.app.ActivityThread.main(ActivityThread.java:7200)
10-20 13:18:22.182  7602  7602 E ActivityThread: 	at java.lang.reflect.Method.invoke(Native Method)
10-20 13:18:22.182  7602  7602 E ActivityThread: 	at com.android.internal.os.RuntimeInit$MethodAndArgsCaller.run(RuntimeInit.java:575)
10-20 13:18:22.182  7602  7602 E ActivityThread: 	at com.android.internal.os.ZygoteInit.main(ZygoteInit.java:903)
10-20 13:18:22.240  3169  3186 V ActivityThread: scheduleRegisteredReceiver receiver= android.app.LoadedApk$ReceiverDispatcher$InnerReceiver@ea13402 intent= Intent { act=com.google.android.c2dm.intent.RECEIVE flg=0x1080010 pkg=in.startv.hotstar (has extras) } ordered= false sticky = false
10-20 13:18:22.241  3169  3169 I ActivityThread: Dispatching broadcast com.google.android.c2dm.intent.RECEIVE to com.google.android.gms.gcm.DataMessageManager$BroadcastDoneReceiver@407f113
10-20 13:18:22.553   711   735 I chatty  : uid=0(root) /system/bin/netd expire 12 lines
10-20 13:18:50.440  1439  2105 I chatty  : uid=1000(system) InputReader expire 26 lines
10-20 13:18:50.688  1439  2165 I chatty  : uid=1000(system) ConnectivitySer expire 7 lines
10-20 13:18:50.851 22215 22215 W FingerprintManager: Invalid acquired message: 6, 3
10-20 13:18:51.669  1439  3960 I chatty  : uid=1000(system) Binder:1439_11 expire 21 lines
10-20 13:18:55.404 22215 22279 D MotorManager: upMotorBySystemApp
10-20 13:18:55.404 22215 22279 D MotorManager: call service upMotorBySystemApp
10-20 13:18:55.419  1439  2708 I chatty  : uid=1000(system) HwBinder:1439_4 expire 4 lines
10-20 13:18:55.494  1439  2210 I chatty  : uid=1000(system) MotorManagerSoc expire 10 lines
10-20 13:18:55.494  1439  2209 I chatty  : uid=1000(system) MotorManager expire 17 lines
10-20 13:18:56.590 22215 22279 W FingerprintManager: resetTimeout, packageName = com.android.systemui
10-20 13:18:56.591 22215 22279 D MotorManager: downMotorBySystemApp
10-20 13:18:56.591 22215 22279 D MotorManager: call service downMotorBySystemApp
10-20 13:18:56.702 22215 22215 W FingerprintManager: resetTimeout, packageName = com.android.systemui
10-20 13:18:56.803  1439  1439 I chatty  : uid=1000 system_server expire 56 lines
10-20 13:19:16.062   711   735 I chatty  : uid=0(root) /system/bin/netd expire 40 lines
10-20 13:19:17.137  1190  1340 I chatty  : uid=0(root) /system/bin/storaged expire 4 lines
10-20 13:19:48.995  1439  1344 I chatty  : uid=1000 system_server expire 1 line
10-20 13:20:16.111  1439  1690 I chatty  : uid=1000(system) PowerManagerSer expire 37 lines
10-20 13:20:25.325 29870   821 V ActivityThread: scheduleReceiver info = ActivityInfo{17f05ae com.google.firebase.iid.FirebaseInstanceIdReceiver} intent = Intent { act=com.google.android.c2dm.intent.RECEIVE flg=0x1080010 pkg=com.google.android.apps.nbu.paisa.user cmp=com.google.android.apps.nbu.paisa.user/com.google.firebase.iid.FirebaseInstanceIdReceiver (has extras) } sync = true hasCode = 11992870
10-20 13:20:25.371 29870 29895 V ActivityThread: scheduleReceiver info = ActivityInfo{c05e961 com.google.android.libraries.notifications.entrypoints.gcm.GcmBroadcastReceiver} intent = Intent { act=com.google.android.c2dm.intent.RECEIVE flg=0x1080010 pkg=com.google.android.apps.nbu.paisa.user cmp=com.google.android.apps.nbu.paisa.user/com.google.android.libraries.notifications.entrypoints.gcm.GcmBroadcastReceiver (has extras) } sync = true hasCode = 198684857
10-20 13:20:25.496  3169  3193 V ActivityThread: scheduleRegisteredReceiver receiver= android.app.LoadedApk$ReceiverDispatcher$InnerReceiver@5a72815 intent= Intent { act=com.google.android.c2dm.intent.RECEIVE flg=0x1080010 pkg=com.google.android.apps.nbu.paisa.user (has extras) } ordered= false sticky = false
10-20 13:20:25.497  3169  3169 I ActivityThread: Dispatching broadcast com.google.android.c2dm.intent.RECEIVE to com.google.android.gms.gcm.DataMessageManager$BroadcastDoneReceiver@ba0a72a
10-20 13:20:25.692   711   735 I chatty  : uid=0(root) /system/bin/netd expire 76 lines
10-20 13:20:35.335  1439  1504 I chatty  : uid=1000 system_server expire 1 line
10-20 13:22:45.520  1439  2834 I chatty  : uid=1000(system) Binder:1439_7 expire 34 lines
10-20 13:23:17.145  1190  1340 I chatty  : uid=0(root) /system/bin/storaged expire 7 lines
10-20 13:24:04.745  1439  3960 I chatty  : uid=1000(system) Binder:1439_11 expire 11 lines
10-20 13:24:04.995  1439  1667 I chatty  : uid=1000(system) android.fg expire 21 lines
10-20 13:24:05.043  1439 13358 I chatty  : uid=1000(system) Binder:1439_1F expire 42 lines
10-20 13:24:05.233  1439  1990 I chatty  : uid=1000(system) android.anim expire 37 lines
10-20 13:24:05.267  1439  3380 I chatty  : uid=1000(system) Binder:1439_D expire 15 lines
10-20 13:24:05.373  1439  2209 I chatty  : uid=1000(system) MotorManager expire 10 lines
10-20 13:24:05.392  1439  1582 I chatty  : uid=1000(system) android.bg expire 11 lines
10-20 13:24:05.656 22215 22215 W FingerprintManager: Invalid acquired message: 6, 3
10-20 13:24:05.745  1439  1585 I chatty  : uid=1000(system) android.ui expire 15 lines
10-20 13:24:27.312   711   735 I chatty  : uid=0(root) /system/bin/netd expire 56 lines
10-20 13:26:01.077  1439  2614 I chatty  : uid=1000(system) watchdog expire 16 lines
10-20 13:26:13.955  1439  1690 I chatty  : uid=1000(system) PowerManagerSer expire 17 lines
10-20 13:26:17.056  1439  2552 I chatty  : uid=1000 system_server expire 1 line
10-20 13:26:26.899 22215 22215 W FingerprintManager: Invalid acquired message: 6, 3
10-20 13:26:26.906  1439  4104 I chatty  : uid=1000(system) Binder:1439_13 expire 10 lines
10-20 13:26:27.375  1439  1439 I chatty  : uid=1000 system_server expire 76 lines
10-20 13:26:27.925   711   735 I chatty  : uid=0(root) /system/bin/netd expire 16 lines
10-20 13:27:09.843  1439  2105 I chatty  : uid=1000(system) InputReader expire 6 lines
10-20 13:27:09.844  1439  3380 I chatty  : uid=1000(system) Binder:1439_D expire 12 lines
10-20 13:27:09.893  1439  1669 I chatty  : uid=1000(system) android.display expire 20 lines
10-20 13:27:09.903  1439  4111 I chatty  : uid=1000(system) Binder:1439_14 expire 12 lines
10-20 13:27:10.153  1439  1473 I chatty  : uid=1000(system) Binder:1439_1 expire 22 lines
10-20 13:27:10.157 22215 22215 W FingerprintManager: Invalid acquired message: 6, 3
10-20 13:27:11.095  1439  2839 I chatty  : uid=1000(system) Binder:1439_8 expire 41 lines
10-20 13:27:17.835  1439  1690 I chatty  : uid=1000(system) PowerManagerSer expire 41 lines
10-20 13:27:20.430  1439  2834 I chatty  : uid=1000(system) Binder:1439_7 expire 13 lines
10-20 13:27:20.495  1439  3381 I chatty  : uid=1000(system) Binder:1439_E expire 14 lines
10-20 13:27:20.556  1439 13360 I chatty  : uid=1000(system) Binder:1439_20 expire 13 lines
10-20 13:27:25.512   711   735 I chatty  : uid=0(root) /system/bin/netd expire 36 lines
10-20 13:27:25.613  1439  2226 I chatty  : uid=1000(system) aceService.Main expire 8 lines
10-20 13:27:26.160  1439  1676 I chatty  : uid=1000(system) Binder:1439_4 expire 7 lines
10-20 13:27:26.419  1439  1582 I chatty  : uid=1000(system) android.bg expire 13 lines
10-20 13:27:26.647  1439 13358 I chatty  : uid=1000(system) Binder:1439_1F expire 17 lines
10-20 13:27:26.720  1439  1673 I chatty  : uid=1000(system) Binder:1439_3 expire 11 lines
10-20 13:27:35.846 22215 22215 W FingerprintManager: Invalid acquired message: 6, 3
10-20 13:27:36.059  1439  1690 I chatty  : uid=1000(system) PowerManagerSer expire 11 lines
10-20 13:27:36.507  1439  1439 I chatty  : uid=1000 system_server expire 11 lines
10-20 13:27:39.934  1439  3946 I chatty  : uid=1000(system) Binder:1439_10 expire 15 lines
10-20 13:27:40.953  1439  4120 I chatty  : uid=1000(system) Binder:1439_15 expire 12 lines
10-20 13:28:43.413 22215 22215 W FingerprintManager: Invalid acquired message: 6, 3
10-20 13:28:43.439  1439  1669 I chatty  : uid=1000(system) android.display expire 11 lines
10-20 13:28:45.921   711   735 I chatty  : uid=0(root) /system/bin/netd expire 30 lines
10-20 13:28:45.928  1439  1690 I chatty  : uid=1000(system) PowerManagerSer expire 12 lines
10-20 13:28:54.689 22215 22215 W FingerprintManager: Invalid acquired message: 6, 3
10-20 13:28:56.224 22215 22215 W FingerprintManager: resetTimeout, packageName = com.android.systemui
10-20 13:28:56.269 22215 22215 W FingerprintManager: resetTimeout, packageName = com.android.systemui
10-20 13:28:56.283  1439 13360 I chatty  : uid=1000(system) Binder:1439_20 expire 10 lines
10-20 13:28:56.316  1439  1439 I chatty  : uid=1000 system_server expire 51 lines
10-20 13:28:56.344  1439  1587 I chatty  : uid=1000(system) BroadcastQueue expire 12 lines
10-20 13:28:56.355  1439 13358 I chatty  : uid=1000(system) Binder:1439_1F expire 10 lines
10-20 13:28:56.423  1439  4125 I chatty  : uid=1000(system) Binder:1439_17 expire 17 lines
10-20 13:28:56.438  1439  1585 I chatty  : uid=1000(system) android.ui expire 25 lines
10-20 13:28:56.770 30572 30572 D ViewRootImpl: Swipe From Bottom Rotation 0 mIgnoring true downY 2326 mScreenHeight 2340 mStatusBarHeight 54 globalScale 1.3235294
10-20 13:28:58.000  1439  1991 I chatty  : uid=1000(system) android.anim.lf expire 19 lines
10-20 13:28:58.086  1439  1710 I chatty  : uid=1000(system) Thread-4 expire 3 lines
10-20 13:28:58.486  1439  1690 I chatty  : uid=1000(system) PowerManagerSer expire 32 lines
10-20 13:28:58.939  1439  4120 I chatty  : uid=1000(system) Binder:1439_15 expire 13 lines
10-20 13:28:58.982  1439  3945 I chatty  : uid=1000(system) Binder:1439_F expire 13 lines
10-20 13:28:59.644  1439  4111 I chatty  : uid=1000(system) Binder:1439_14 expire 21 lines
10-20 13:29:00.128  1439  2210 I chatty  : uid=1000(system) MotorManagerSoc expire 5 lines
10-20 13:29:00.589  1439  1990 I chatty  : uid=1000(system) android.anim expire 11 lines
10-20 13:30:08.076   711   735 I chatty  : uid=0(root) /system/bin/netd expire 30 lines
10-20 13:30:17.167  1190  1340 I chatty  : uid=0(root) /system/bin/storaged expire 9 lines
10-20 13:31:53.243  2422  2422 E SchedPolicy: set_timerslack_ns write failed: Operation not permitted
10-20 13:31:54.017   711   735 I chatty  : uid=0(root) /system/bin/netd expire 96 lines
10-20 13:31:54.319  1439  1589 I chatty  : uid=1000(system) ActivityManager expire 10 lines
10-20 13:31:56.245  1439  4347 I chatty  : uid=1000 system_server expire 1 line
10-20 13:31:56.548  1439  4125 I chatty  : uid=1000(system) Binder:1439_17 expire 13 lines
10-20 13:31:57.697  1439  3970 I chatty  : uid=1000(system) Binder:1439_12 expire 12 lines
10-20 13:32:08.996  1439  1439 I chatty  : uid=1000 system_server expire 116 lines
10-20 13:33:02.746  1439  2060 I chatty  : uid=1000(system) AlarmManager expire 2 lines
10-20 13:34:01.122  1439  2614 I chatty  : uid=1000(system) watchdog expire 10 lines
10-20 13:35:56.463 19991 14248 V ActivityThread: scheduleReceiver info = ActivityInfo{909e441 com.google.android.apps.gsa.gcm.GcmBroadcastReceiver} intent = Intent { act=com.google.android.c2dm.intent.RECEIVE flg=0x1080010 pkg=com.google.android.googlequicksearchbox cmp=com.google.android.googlequicksearchbox/com.google.android.apps.gsa.gcm.GcmBroadcastReceiver (has extras) } sync = true hasCode = 33972397
10-20 13:35:56.574 19991 14248 V ActivityThread: scheduleReceiver info = ActivityInfo{31ccae9 com.google.firebase.iid.FirebaseInstanceIdReceiver} intent = Intent { act=com.google.android.c2dm.intent.RECEIVE flg=0x1080010 pkg=com.google.android.googlequicksearchbox cmp=com.google.android.googlequicksearchbox/com.google.firebase.iid.FirebaseInstanceIdReceiver (has extras) } sync = true hasCode = 150900272
10-20 13:35:56.580  3169  3186 V ActivityThread: scheduleRegisteredReceiver receiver= android.app.LoadedApk$ReceiverDispatcher$InnerReceiver@a514eae intent= Intent { act=com.google.android.c2dm.intent.RECEIVE flg=0x1080010 pkg=com.google.android.googlequicksearchbox (has extras) } ordered= false sticky = false
10-20 13:35:56.580  3169  3169 I ActivityThread: Dispatching broadcast com.google.android.c2dm.intent.RECEIVE to com.google.android.gms.gcm.DataMessageManager$BroadcastDoneReceiver@32bb44f
10-20 13:35:56.864   711   735 I chatty  : uid=0(root) /system/bin/netd expire 57 lines
10-20 13:38:16.394  1439  5203 I chatty  : uid=1000 system_server expire 1 line
10-20 13:38:22.710   711   735 E NetlinkEvent: NetlinkEvent::FindParam(): Parameter 'STATE' not found
10-20 13:38:22.710   711   735 E NetlinkEvent: NetlinkEvent::FindParam(): Parameter 'TIME_NS' not found
10-20 13:38:22.710   711   735 E NetlinkEvent: NetlinkEvent::FindParam(): Parameter 'UID' not found
10-20 13:38:27.575  7602  7602 E ActivityThread: Service com.firebase.jobdispatcher.GooglePlayReceiver has leaked ServiceConnection auq@a3aec47 that was originally bound here
10-20 13:38:27.575  7602  7602 E ActivityThread: android.app.ServiceConnectionLeaked: Service com.firebase.jobdispatcher.GooglePlayReceiver has leaked ServiceConnection auq@a3aec47 that was originally bound here
10-20 13:38:27.575  7602  7602 E ActivityThread: 	at android.app.LoadedApk$ServiceDispatcher.<init>(LoadedApk.java:1771)
10-20 13:38:27.575  7602  7602 E ActivityThread: 	at android.app.LoadedApk.getServiceDispatcher(LoadedApk.java:1663)
10-20 13:38:27.575  7602  7602 E ActivityThread: 	at android.app.ContextImpl.bindServiceCommon(ContextImpl.java:1713)
10-20 13:38:27.575  7602  7602 E ActivityThread: 	at android.app.ContextImpl.bindService(ContextImpl.java:1666)
10-20 13:38:27.575  7602  7602 E ActivityThread: 	at android.content.ContextWrapper.bindService(ContextWrapper.java:709)
10-20 13:38:27.575  7602  7602 E ActivityThread: 	at aub.a(Unknown Source:18)
10-20 13:38:27.575  7602  7602 E ActivityThread: 	at aub.a(Unknown Source:169)
10-20 13:38:27.575  7602  7602 E ActivityThread: 	at auh.handleMessage(Unknown Source:116)
10-20 13:38:27.575  7602  7602 E ActivityThread: 	at android.os.Handler.dispatchMessage(Handler.java:106)
10-20 13:38:27.575  7602  7602 E ActivityThread: 	at android.os.Looper.loop(Looper.java:227)
10-20 13:38:27.575  7602  7602 E ActivityThread: 	at android.app.ActivityThread.main(ActivityThread.java:7200)
10-20 13:38:27.575  7602  7602 E ActivityThread: 	at java.lang.reflect.Method.invoke(Native Method)
10-20 13:38:27.575  7602  7602 E ActivityThread: 	at com.android.internal.os.RuntimeInit$MethodAndArgsCaller.run(RuntimeInit.java:575)
10-20 13:38:27.575  7602  7602 E ActivityThread: 	at com.android.internal.os.ZygoteInit.main(ZygoteInit.java:903)
10-20 13:38:27.587  1439  3130 I chatty  : uid=1000(system) Binder:1439_B expire 17 lines
10-20 13:38:28.559   711   735 E NetlinkEvent: NetlinkEvent::FindParam(): Parameter 'INTERFACE' not found
10-20 13:38:28.559   711   735 E NetlinkEvent: NetlinkEvent::FindParam(): Parameter 'STATE' not found
10-20 13:38:28.559   711   735 E NetlinkEvent: NetlinkEvent::FindParam(): Parameter 'TIME_NS' not found
10-20 13:38:28.559   711   735 E NetlinkEvent: NetlinkEvent::FindParam(): Parameter 'UID' not found
10-20 13:38:34.463   711   735 E NetlinkEvent: NetlinkEvent::FindParam(): Parameter 'INTERFACE' not found
10-20 13:38:34.463   711   735 E NetlinkEvent: NetlinkEvent::FindParam(): Parameter 'STATE' not found
10-20 13:38:34.463   711   735 E NetlinkEvent: NetlinkEvent::FindParam(): Parameter 'TIME_NS' not found
10-20 13:38:34.463   711   735 E NetlinkEvent: NetlinkEvent::FindParam(): Parameter 'UID' not found
10-20 13:38:40.265  1439  1687 I chatty  : uid=1000(system) CpuTracker expire 10 lines
10-20 13:38:40.359   711   735 E NetlinkEvent: NetlinkEvent::FindParam(): Parameter 'INTERFACE' not found
10-20 13:38:40.359   711   735 E NetlinkEvent: NetlinkEvent::FindParam(): Parameter 'STATE' not found
10-20 13:38:40.359   711   735 E NetlinkEvent: NetlinkEvent::FindParam(): Parameter 'TIME_NS' not found
10-20 13:38:40.359   711   735 E NetlinkEvent: NetlinkEvent::FindParam(): Parameter 'UID' not found
10-20 13:38:57.242  1439  5665 I chatty  : uid=1000(system) Binder:1439_1B expire 10 lines
10-20 13:38:57.709   711   735 E NetlinkEvent: NetlinkEvent::FindParam(): Parameter 'INTERFACE' not found
10-20 13:38:57.709   711   735 E NetlinkEvent: NetlinkEvent::FindParam(): Parameter 'STATE' not found
10-20 13:38:57.709   711   735 E NetlinkEvent: NetlinkEvent::FindParam(): Parameter 'TIME_NS' not found
10-20 13:38:57.709   711   735 E NetlinkEvent: NetlinkEvent::FindParam(): Parameter 'UID' not found
10-20 13:38:58.572   711   735 E NetlinkEvent: NetlinkEvent::FindParam(): Parameter 'INTERFACE' not found
10-20 13:38:58.572   711   735 E NetlinkEvent: NetlinkEvent::FindParam(): Parameter 'STATE' not found
10-20 13:38:58.572   711   735 E NetlinkEvent: NetlinkEvent::FindParam(): Parameter 'TIME_NS' not found
10-20 13:38:58.572   711   735 E NetlinkEvent: NetlinkEvent::FindParam(): Parameter 'UID' not found
10-20 13:39:01.154  1439  2614 I chatty  : uid=1000(system) watchdog expire 17 lines
10-20 13:39:14.668   711   735 E NetlinkEvent: NetlinkEvent::FindParam(): Parameter 'INTERFACE' not found
10-20 13:39:14.668   711   735 E NetlinkEvent: NetlinkEvent::FindParam(): Parameter 'STATE' not found
10-20 13:39:14.668   711   735 E NetlinkEvent: NetlinkEvent::FindParam(): Parameter 'TIME_NS' not found
10-20 13:39:14.668   711   735 E NetlinkEvent: NetlinkEvent::FindParam(): Parameter 'UID' not found
10-20 13:39:17.188  1190  1340 E storaged: getDiskStats failed with result NOT_SUPPORTED and size 0
10-20 13:39:20.572   711   735 E NetlinkEvent: NetlinkEvent::FindParam(): Parameter 'INTERFACE' not found
10-20 13:39:20.572   711   735 E NetlinkEvent: NetlinkEvent::FindParam(): Parameter 'STATE' not found
10-20 13:39:20.572   711   735 E NetlinkEvent: NetlinkEvent::FindParam(): Parameter 'TIME_NS' not found
10-20 13:39:20.572   711   735 E NetlinkEvent: NetlinkEvent::FindParam(): Parameter 'UID' not found
10-20 13:39:26.438   711   735 E NetlinkEvent: NetlinkEvent::FindParam(): Parameter 'INTERFACE' not found
10-20 13:39:26.438   711   735 E NetlinkEvent: NetlinkEvent::FindParam(): Parameter 'STATE' not found
10-20 13:39:26.438   711   735 E NetlinkEvent: NetlinkEvent::FindParam(): Parameter 'TIME_NS' not found
10-20 13:39:26.438   711   735 E NetlinkEvent: NetlinkEvent::FindParam(): Parameter 'UID' not found
10-20 13:39:32.349   711   735 E NetlinkEvent: NetlinkEvent::FindParam(): Parameter 'INTERFACE' not found
10-20 13:39:32.349   711   735 E NetlinkEvent: NetlinkEvent::FindParam(): Parameter 'STATE' not found
10-20 13:39:32.349   711   735 E NetlinkEvent: NetlinkEvent::FindParam(): Parameter 'TIME_NS' not found
10-20 13:39:32.349   711   735 E NetlinkEvent: NetlinkEvent::FindParam(): Parameter 'UID' not found
10-20 13:39:38.250   711   735 E NetlinkEvent: NetlinkEvent::FindParam(): Parameter 'INTERFACE' not found
10-20 13:39:38.250   711   735 E NetlinkEvent: NetlinkEvent::FindParam(): Parameter 'STATE' not found
10-20 13:39:38.250   711   735 E NetlinkEvent: NetlinkEvent::FindParam(): Parameter 'TIME_NS' not found
10-20 13:39:38.250   711   735 E NetlinkEvent: NetlinkEvent::FindParam(): Parameter 'UID' not found
10-20 13:40:13.790   711   735 E NetlinkEvent: NetlinkEvent::FindParam(): Parameter 'INTERFACE' not found
10-20 13:40:13.790   711   735 E NetlinkEvent: NetlinkEvent::FindParam(): Parameter 'STATE' not found
10-20 13:40:13.790   711   735 E NetlinkEvent: NetlinkEvent::FindParam(): Parameter 'TIME_NS' not found
10-20 13:40:13.790   711   735 E NetlinkEvent: NetlinkEvent::FindParam(): Parameter 'UID' not found
10-20 13:40:17.191  1190  1340 E storaged: getDiskStats failed with result NOT_SUPPORTED and size 0
10-20 13:40:19.710   711   735 E NetlinkEvent: NetlinkEvent::FindParam(): Parameter 'INTERFACE' not found
10-20 13:40:19.710   711   735 E NetlinkEvent: NetlinkEvent::FindParam(): Parameter 'STATE' not found
10-20 13:40:19.710   711   735 E NetlinkEvent: NetlinkEvent::FindParam(): Parameter 'TIME_NS' not found
10-20 13:40:19.710   711   735 E NetlinkEvent: NetlinkEvent::FindParam(): Parameter 'UID' not found
10-20 13:40:25.627   711   735 E NetlinkEvent: NetlinkEvent::FindParam(): Parameter 'INTERFACE' not found
10-20 13:40:25.627   711   735 E NetlinkEvent: NetlinkEvent::FindParam(): Parameter 'STATE' not found
10-20 13:40:25.627   711   735 E NetlinkEvent: NetlinkEvent::FindParam(): Parameter 'TIME_NS' not found
10-20 13:40:25.627   711   735 E NetlinkEvent: NetlinkEvent::FindParam(): Parameter 'UID' not found
10-20 13:40:31.710   711   735 E NetlinkEvent: NetlinkEvent::FindParam(): Parameter 'INTERFACE' not found
10-20 13:40:31.710   711   735 E NetlinkEvent: NetlinkEvent::FindParam(): Parameter 'STATE' not found
10-20 13:40:31.710   711   735 E NetlinkEvent: NetlinkEvent::FindParam(): Parameter 'TIME_NS' not found
10-20 13:40:31.710   711   735 E NetlinkEvent: NetlinkEvent::FindParam(): Parameter 'UID' not found
10-20 13:40:37.619   711   735 E NetlinkEvent: NetlinkEvent::FindParam(): Parameter 'INTERFACE' not found
10-20 13:40:37.619   711   735 E NetlinkEvent: NetlinkEvent::FindParam(): Parameter 'STATE' not found
10-20 13:40:37.619   711   735 E NetlinkEvent: NetlinkEvent::FindParam(): Parameter 'TIME_NS' not found
10-20 13:40:37.619   711   735 E NetlinkEvent: NetlinkEvent::FindParam(): Parameter 'UID' not found
10-20 13:40:59.079   711   735 E NetlinkEvent: NetlinkEvent::FindParam(): Parameter 'INTERFACE' not found
10-20 13:40:59.079   711   735 E NetlinkEvent: NetlinkEvent::FindParam(): Parameter 'STATE' not found
10-20 13:40:59.079   711   735 E NetlinkEvent: NetlinkEvent::FindParam(): Parameter 'TIME_NS' not found
10-20 13:40:59.079   711   735 E NetlinkEvent: NetlinkEvent::FindParam(): Parameter 'UID' not found
10-20 13:41:14.968   711   735 E NetlinkEvent: NetlinkEvent::FindParam(): Parameter 'INTERFACE' not found
10-20 13:41:14.968   711   735 E NetlinkEvent: NetlinkEvent::FindParam(): Parameter 'STATE' not found
10-20 13:41:14.968   711   735 E NetlinkEvent: NetlinkEvent::FindParam(): Parameter 'TIME_NS' not found
10-20 13:41:14.968   711   735 E NetlinkEvent: NetlinkEvent::FindParam(): Parameter 'UID' not found
10-20 13:41:17.193  1190  1340 E storaged: getDiskStats failed with result NOT_SUPPORTED and size 0
10-20 13:41:20.881   711   735 E NetlinkEvent: NetlinkEvent::FindParam(): Parameter 'INTERFACE' not found
10-20 13:41:20.881   711   735 E NetlinkEvent: NetlinkEvent::FindParam(): Parameter 'STATE' not found
10-20 13:41:20.881   711   735 E NetlinkEvent: NetlinkEvent::FindParam(): Parameter 'TIME_NS' not found
10-20 13:41:20.881   711   735 E NetlinkEvent: NetlinkEvent::FindParam(): Parameter 'UID' not found
10-20 13:41:26.793   711   735 E NetlinkEvent: NetlinkEvent::FindParam(): Parameter 'INTERFACE' not found
10-20 13:41:26.793   711   735 E NetlinkEvent: NetlinkEvent::FindParam(): Parameter 'STATE' not found
10-20 13:41:26.793   711   735 E NetlinkEvent: NetlinkEvent::FindParam(): Parameter 'TIME_NS' not found
10-20 13:41:26.793   711   735 E NetlinkEvent: NetlinkEvent::FindParam(): Parameter 'UID' not found
10-20 13:41:29.389   711   735 E NetlinkEvent: NetlinkEvent::FindParam(): Parameter 'INTERFACE' not found
10-20 13:41:29.389   711   735 E NetlinkEvent: NetlinkEvent::FindParam(): Parameter 'STATE' not found
10-20 13:41:29.389   711   735 E NetlinkEvent: NetlinkEvent::FindParam(): Parameter 'TIME_NS' not found
10-20 13:41:29.389   711   735 E NetlinkEvent: NetlinkEvent::FindParam(): Parameter 'UID' not found
10-20 13:41:31.550 31359 31372 V ActivityThread: scheduleReceiver info = ActivityInfo{dd3298 com.google.firebase.iid.FirebaseInstanceIdReceiver} intent = Intent { act=com.google.android.c2dm.intent.RECEIVE flg=0x1080010 pkg=in.startv.hotstar cmp=in.startv.hotstar/com.google.firebase.iid.FirebaseInstanceIdReceiver (has extras) } sync = true hasCode = 265361503
10-20 13:41:31.580  3169  3186 V ActivityThread: scheduleRegisteredReceiver receiver= android.app.LoadedApk$ReceiverDispatcher$InnerReceiver@f0950d5 intent= Intent { act=com.google.android.c2dm.intent.RECEIVE flg=0x1080010 pkg=in.startv.hotstar (has extras) } ordered= false sticky = false
10-20 13:41:31.580  3169  3169 I ActivityThread: Dispatching broadcast com.google.android.c2dm.intent.RECEIVE to com.google.android.gms.gcm.DataMessageManager$BroadcastDoneReceiver@75680ea
10-20 13:41:35.466   711   735 E NetlinkEvent: NetlinkEvent::FindParam(): Parameter 'INTERFACE' not found
10-20 13:41:35.466   711   735 E NetlinkEvent: NetlinkEvent::FindParam(): Parameter 'STATE' not found
10-20 13:41:35.466   711   735 E NetlinkEvent: NetlinkEvent::FindParam(): Parameter 'TIME_NS' not found
10-20 13:41:35.466   711   735 E NetlinkEvent: NetlinkEvent::FindParam(): Parameter 'UID' not found
10-20 13:41:41.339   711   735 E NetlinkEvent: NetlinkEvent::FindParam(): Parameter 'INTERFACE' not found
10-20 13:41:41.339   711   735 E NetlinkEvent: NetlinkEvent::FindParam(): Parameter 'STATE' not found
10-20 13:41:41.339   711   735 E NetlinkEvent: NetlinkEvent::FindParam(): Parameter 'TIME_NS' not found
10-20 13:41:41.339   711   735 E NetlinkEvent: NetlinkEvent::FindParam(): Parameter 'UID' not found
10-20 13:41:54.156  1439  3381 I chatty  : uid=1000(system) Binder:1439_E expire 26 lines
10-20 13:41:54.162  1439  5664 I chatty  : uid=1000(system) Binder:1439_1A expire 17 lines
10-20 13:41:54.196  1439  1673 I chatty  : uid=1000(system) Binder:1439_3 expire 84 lines
10-20 13:41:54.202  1439  3379 I chatty  : uid=1000(system) Binder:1439_C expire 14 lines
10-20 13:41:54.375  1439  1690 I chatty  : uid=1000(system) PowerManagerSer expire 20 lines
10-20 13:41:54.377  1439  1667 I chatty  : uid=1000(system) android.fg expire 10 lines
10-20 13:41:54.524  1439  1439 I chatty  : uid=1000 system_server expire 67 lines
10-20 13:41:54.544  1439  5822 I chatty  : uid=1000(system) Binder:1439_1C expire 18 lines
10-20 13:41:54.624  1439  5665 I chatty  : uid=1000(system) Binder:1439_1B expire 5 lines
10-20 13:41:54.672  1439  1669 I chatty  : uid=1000(system) android.display expire 11 lines
10-20 13:41:55.045 22215 22215 W FingerprintManager: Invalid acquired message: 6, 3
10-20 13:41:55.489  1439  1585 I chatty  : uid=1000(system) android.ui expire 16 lines
10-20 13:42:05.632 22215 22215 W FingerprintManager: Invalid acquired message: 6, 3
10-20 13:42:06.556  1439  2072 I chatty  : uid=1000(system) PhoneWinHandler expire 4 lines
10-20 13:42:08.110 22215 22215 W FingerprintManager: resetTimeout, packageName = com.android.systemui
10-20 13:42:08.385 22215 22215 W FingerprintManager: resetTimeout, packageName = com.android.systemui
10-20 13:42:08.435  1439  1690 I chatty  : uid=1000(system) PowerManagerSer expire 11 lines
10-20 13:42:08.435  1439  1439 I chatty  : uid=1000 system_server expire 104 lines
10-20 13:42:08.582  1439 12510 I chatty  : uid=1000(system) Binder:1439_1E expire 9 lines
10-20 13:42:08.899   711   735 E NetlinkEvent: NetlinkEvent::FindParam(): Parameter 'INTERFACE' not found
10-20 13:42:08.899   711   735 E NetlinkEvent: NetlinkEvent::FindParam(): Parameter 'STATE' not found
10-20 13:42:08.899   711   735 E NetlinkEvent: NetlinkEvent::FindParam(): Parameter 'TIME_NS' not found
10-20 13:42:08.899   711   735 E NetlinkEvent: NetlinkEvent::FindParam(): Parameter 'UID' not found
10-20 13:42:08.925  1439  3381 I chatty  : uid=1000(system) Binder:1439_E expire 17 lines
10-20 13:42:09.450  3489  3489 D ViewRootImpl: Swipe From Bottom Rotation 0 mIgnoring true downY 2320 mScreenHeight 2340 mStatusBarHeight 54 globalScale 1.3235294
10-20 13:42:09.529  1439  1990 I chatty  : uid=1000(system) android.anim expire 20 lines
10-20 13:42:09.701  1439  3379 I chatty  : uid=1000(system) Binder:1439_C expire 18 lines
10-20 13:42:09.717  1439  2209 I chatty  : uid=1000(system) MotorManager expire 10 lines
10-20 13:42:09.775  1439  1584 I chatty  : uid=1000(system) ActivityManager expire 23 lines
10-20 13:42:09.925  1439  4120 I chatty  : uid=1000(system) Binder:1439_15 expire 19 lines
10-20 13:42:10.409  2774  2774 D ViewRootImpl: Swipe From Bottom Rotation 0 mIgnoring true downY 2307 mScreenHeight 2340 mStatusBarHeight 54 globalScale 1.3235294
10-20 13:42:17.195  1190  1340 E storaged: getDiskStats failed with result NOT_SUPPORTED and size 0
10-20 13:42:24.848   711   735 E NetlinkEvent: NetlinkEvent::FindParam(): Parameter 'INTERFACE' not found
10-20 13:42:24.848   711   735 E NetlinkEvent: NetlinkEvent::FindParam(): Parameter 'STATE' not found
10-20 13:42:24.848   711   735 E NetlinkEvent: NetlinkEvent::FindParam(): Parameter 'TIME_NS' not found
10-20 13:42:24.848   711   735 E NetlinkEvent: NetlinkEvent::FindParam(): Parameter 'UID' not found
10-20 13:42:30.747   711   735 E NetlinkEvent: NetlinkEvent::FindParam(): Parameter 'INTERFACE' not found
10-20 13:42:30.747   711   735 E NetlinkEvent: NetlinkEvent::FindParam(): Parameter 'STATE' not found
10-20 13:42:30.747   711   735 E NetlinkEvent: NetlinkEvent::FindParam(): Parameter 'TIME_NS' not found
10-20 13:42:30.747   711   735 E NetlinkEvent: NetlinkEvent::FindParam(): Parameter 'UID' not found
10-20 13:42:36.637   711   735 E NetlinkEvent: NetlinkEvent::FindParam(): Parameter 'INTERFACE' not found
10-20 13:42:36.637   711   735 E NetlinkEvent: NetlinkEvent::FindParam(): Parameter 'STATE' not found
10-20 13:42:36.637   711   735 E NetlinkEvent: NetlinkEvent::FindParam(): Parameter 'TIME_NS' not found
10-20 13:42:36.637   711   735 E NetlinkEvent: NetlinkEvent::FindParam(): Parameter 'UID' not found
10-20 13:42:42.524   711   735 E NetlinkEvent: NetlinkEvent::FindParam(): Parameter 'INTERFACE' not found
10-20 13:42:42.524   711   735 E NetlinkEvent: NetlinkEvent::FindParam(): Parameter 'STATE' not found
10-20 13:42:42.524   711   735 E NetlinkEvent: NetlinkEvent::FindParam(): Parameter 'TIME_NS' not found
10-20 13:42:42.524   711   735 E NetlinkEvent: NetlinkEvent::FindParam(): Parameter 'UID' not found
10-20 13:42:48.403   711   735 E NetlinkEvent: NetlinkEvent::FindParam(): Parameter 'INTERFACE' not found
10-20 13:42:48.403   711   735 E NetlinkEvent: NetlinkEvent::FindParam(): Parameter 'STATE' not found
10-20 13:42:48.403   711   735 E NetlinkEvent: NetlinkEvent::FindParam(): Parameter 'TIME_NS' not found
10-20 13:42:48.403   711   735 E NetlinkEvent: NetlinkEvent::FindParam(): Parameter 'UID' not found
10-20 13:43:09.909   711   735 E NetlinkEvent: NetlinkEvent::FindParam(): Parameter 'INTERFACE' not found
10-20 13:43:09.909   711   735 E NetlinkEvent: NetlinkEvent::FindParam(): Parameter 'STATE' not found
10-20 13:43:09.909   711   735 E NetlinkEvent: NetlinkEvent::FindParam(): Parameter 'TIME_NS' not found
10-20 13:43:09.909   711   735 E NetlinkEvent: NetlinkEvent::FindParam(): Parameter 'UID' not found
10-20 13:43:15.797   711   735 E NetlinkEvent: NetlinkEvent::FindParam(): Parameter 'INTERFACE' not found
10-20 13:43:15.797   711   735 E NetlinkEvent: NetlinkEvent::FindParam(): Parameter 'STATE' not found
10-20 13:43:15.797   711   735 E NetlinkEvent: NetlinkEvent::FindParam(): Parameter 'TIME_NS' not found
10-20 13:43:15.797   711   735 E NetlinkEvent: NetlinkEvent::FindParam(): Parameter 'UID' not found
10-20 13:43:17.197  1190  1340 E storaged: getDiskStats failed with result NOT_SUPPORTED and size 0
10-20 13:43:21.682   711   735 E NetlinkEvent: NetlinkEvent::FindParam(): Parameter 'INTERFACE' not found
10-20 13:43:21.682   711   735 E NetlinkEvent: NetlinkEvent::FindParam(): Parameter 'STATE' not found
10-20 13:43:21.682   711   735 E NetlinkEvent: NetlinkEvent::FindParam(): Parameter 'TIME_NS' not found
10-20 13:43:21.682   711   735 E NetlinkEvent: NetlinkEvent::FindParam(): Parameter 'UID' not found
10-20 13:43:27.572   711   735 E NetlinkEvent: NetlinkEvent::FindParam(): Parameter 'INTERFACE' not found
10-20 13:43:27.572   711   735 E NetlinkEvent: NetlinkEvent::FindParam(): Parameter 'STATE' not found
10-20 13:43:27.572   711   735 E NetlinkEvent: NetlinkEvent::FindParam(): Parameter 'TIME_NS' not found
10-20 13:43:27.572   711   735 E NetlinkEvent: NetlinkEvent::FindParam(): Parameter 'UID' not found
10-20 13:43:37.813   711   735 E NetlinkEvent: NetlinkEvent::FindParam(): Parameter 'INTERFACE' not found
10-20 13:43:37.813   711   735 E NetlinkEvent: NetlinkEvent::FindParam(): Parameter 'STATE' not found
10-20 13:43:37.813   711   735 E NetlinkEvent: NetlinkEvent::FindParam(): Parameter 'TIME_NS' not found
10-20 13:43:37.813   711   735 E NetlinkEvent: NetlinkEvent::FindParam(): Parameter 'UID' not found
10-20 13:44:17.199  1190  1340 E storaged: getDiskStats failed with result NOT_SUPPORTED and size 0
10-20 13:45:14.118  1439  6051 I chatty  : uid=1000 system_server expire 1 line
10-20 13:45:17.201  1190  1340 E storaged: getDiskStats failed with result NOT_SUPPORTED and size 0
10-20 13:45:32.416   711   735 E NetlinkEvent: NetlinkEvent::FindParam(): Parameter 'INTERFACE' not found
10-20 13:45:32.416   711   735 E NetlinkEvent: NetlinkEvent::FindParam(): Parameter 'STATE' not found
10-20 13:45:32.416   711   735 E NetlinkEvent: NetlinkEvent::FindParam(): Parameter 'TIME_NS' not found
10-20 13:45:32.416   711   735 E NetlinkEvent: NetlinkEvent::FindParam(): Parameter 'UID' not found
10-20 13:45:33.303   711   735 E NetlinkEvent: NetlinkEvent::FindParam(): Parameter 'INTERFACE' not found
10-20 13:45:33.303   711   735 E NetlinkEvent: NetlinkEvent::FindParam(): Parameter 'STATE' not found
10-20 13:45:33.303   711   735 E NetlinkEvent: NetlinkEvent::FindParam(): Parameter 'TIME_NS' not found
10-20 13:45:33.303   711   735 E NetlinkEvent: NetlinkEvent::FindParam(): Parameter 'UID' not found
10-20 13:45:49.136   711   735 E NetlinkEvent: NetlinkEvent::FindParam(): Parameter 'INTERFACE' not found
10-20 13:45:49.136   711   735 E NetlinkEvent: NetlinkEvent::FindParam(): Parameter 'STATE' not found
10-20 13:45:49.136   711   735 E NetlinkEvent: NetlinkEvent::FindParam(): Parameter 'TIME_NS' not found
10-20 13:45:49.136   711   735 E NetlinkEvent: NetlinkEvent::FindParam(): Parameter 'UID' not found
10-20 13:45:55.032   711   735 E NetlinkEvent: NetlinkEvent::FindParam(): Parameter 'INTERFACE' not found
10-20 13:45:55.032   711   735 E NetlinkEvent: NetlinkEvent::FindParam(): Parameter 'STATE' not found
10-20 13:45:55.032   711   735 E NetlinkEvent: NetlinkEvent::FindParam(): Parameter 'TIME_NS' not found
10-20 13:45:55.032   711   735 E NetlinkEvent: NetlinkEvent::FindParam(): Parameter 'UID' not found
10-20 13:45:55.236  1439  1439 I chatty  : uid=1000 system_server expire 45 lines
10-20 13:45:55.326  1439  5661 I chatty  : uid=1000(system) Binder:1439_19 expire 9 lines
10-20 13:46:00.908   711   735 E NetlinkEvent: NetlinkEvent::FindParam(): Parameter 'INTERFACE' not found
10-20 13:46:00.908   711   735 E NetlinkEvent: NetlinkEvent::FindParam(): Parameter 'STATE' not found
10-20 13:46:00.908   711   735 E NetlinkEvent: NetlinkEvent::FindParam(): Parameter 'TIME_NS' not found
10-20 13:46:00.908   711   735 E NetlinkEvent: NetlinkEvent::FindParam(): Parameter 'UID' not found
10-20 13:46:06.800   711   735 E NetlinkEvent: NetlinkEvent::FindParam(): Parameter 'INTERFACE' not found
10-20 13:46:06.800   711   735 E NetlinkEvent: NetlinkEvent::FindParam(): Parameter 'STATE' not found
10-20 13:46:06.800   711   735 E NetlinkEvent: NetlinkEvent::FindParam(): Parameter 'TIME_NS' not found
10-20 13:46:06.800   711   735 E NetlinkEvent: NetlinkEvent::FindParam(): Parameter 'UID' not found
10-20 13:46:12.681   711   735 E NetlinkEvent: NetlinkEvent::FindParam(): Parameter 'INTERFACE' not found
10-20 13:46:12.681   711   735 E NetlinkEvent: NetlinkEvent::FindParam(): Parameter 'STATE' not found
10-20 13:46:12.681   711   735 E NetlinkEvent: NetlinkEvent::FindParam(): Parameter 'TIME_NS' not found
10-20 13:46:12.681   711   735 E NetlinkEvent: NetlinkEvent::FindParam(): Parameter 'UID' not found
10-20 13:46:17.203  1190  1340 E storaged: getDiskStats failed with result NOT_SUPPORTED and size 0
10-20 13:46:34.212   711   735 E NetlinkEvent: NetlinkEvent::FindParam(): Parameter 'INTERFACE' not found
10-20 13:46:34.212   711   735 E NetlinkEvent: NetlinkEvent::FindParam(): Parameter 'STATE' not found
10-20 13:46:34.212   711   735 E NetlinkEvent: NetlinkEvent::FindParam(): Parameter 'TIME_NS' not found
10-20 13:46:34.212   711   735 E NetlinkEvent: NetlinkEvent::FindParam(): Parameter 'UID' not found
10-20 13:46:40.095   711   735 E NetlinkEvent: NetlinkEvent::FindParam(): Parameter 'INTERFACE' not found
10-20 13:46:40.095   711   735 E NetlinkEvent: NetlinkEvent::FindParam(): Parameter 'STATE' not found
10-20 13:46:40.095   711   735 E NetlinkEvent: NetlinkEvent::FindParam(): Parameter 'TIME_NS' not found
10-20 13:46:40.095   711   735 E NetlinkEvent: NetlinkEvent::FindParam(): Parameter 'UID' not found
10-20 13:46:45.971   711   735 E NetlinkEvent: NetlinkEvent::FindParam(): Parameter 'INTERFACE' not found
10-20 13:46:45.971   711   735 E NetlinkEvent: NetlinkEvent::FindParam(): Parameter 'STATE' not found
10-20 13:46:45.971   711   735 E NetlinkEvent: NetlinkEvent::FindParam(): Parameter 'TIME_NS' not found
10-20 13:46:45.971   711   735 E NetlinkEvent: NetlinkEvent::FindParam(): Parameter 'UID' not found
10-20 13:46:51.866   711   735 E NetlinkEvent: NetlinkEvent::FindParam(): Parameter 'INTERFACE' not found
10-20 13:46:51.866   711   735 E NetlinkEvent: NetlinkEvent::FindParam(): Parameter 'STATE' not found
10-20 13:46:51.866   711   735 E NetlinkEvent: NetlinkEvent::FindParam(): Parameter 'TIME_NS' not found
10-20 13:46:51.866   711   735 E NetlinkEvent: NetlinkEvent::FindParam(): Parameter 'UID' not found
10-20 13:46:57.724   711   735 E NetlinkEvent: NetlinkEvent::FindParam(): Parameter 'INTERFACE' not found
10-20 13:46:57.724   711   735 E NetlinkEvent: NetlinkEvent::FindParam(): Parameter 'STATE' not found
10-20 13:46:57.724   711   735 E NetlinkEvent: NetlinkEvent::FindParam(): Parameter 'TIME_NS' not found
10-20 13:46:57.724   711   735 E NetlinkEvent: NetlinkEvent::FindParam(): Parameter 'UID' not found
10-20 13:47:07.219  3548  8988 V ActivityThread: scheduleReceiver info = ActivityInfo{3527aeb com.google.android.gms.checkin.CheckinServiceTriggerReceiver} intent = Intent { act=com.google.android.c2dm.intent.RECEIVE flg=0x1080010 pkg=com.google.android.gms cmp=com.google.android.gms/.checkin.CheckinServiceTriggerReceiver (has extras) } sync = true hasCode = 200441682
10-20 13:47:07.223  3548  8988 V ActivityThread: scheduleReceiver info = ActivityInfo{8542048 com.google.android.gms.gcm.GcmInternalReceiver} intent = Intent { act=com.google.android.c2dm.intent.RECEIVE flg=0x1080010 pkg=com.google.android.gms cmp=com.google.android.gms/.gcm.GcmInternalReceiver (has extras) } sync = true hasCode = 74932771
10-20 13:47:07.235  3169  3186 V ActivityThread: scheduleRegisteredReceiver receiver= android.app.LoadedApk$ReceiverDispatcher$InnerReceiver@3ae3c4e intent= Intent { act=com.google.android.c2dm.intent.RECEIVE flg=0x1080010 pkg=com.google.android.gms (has extras) } ordered= false sticky = false
10-20 13:47:07.235  3169  3169 I ActivityThread: Dispatching broadcast com.google.android.c2dm.intent.RECEIVE to com.google.android.gms.gcm.DataMessageManager$BroadcastDoneReceiver@9e3a16f
10-20 13:47:07.350  1439  1673 I chatty  : uid=1000(system) Binder:1439_3 expire 3 lines
10-20 13:47:17.205  1190  1340 E storaged: getDiskStats failed with result NOT_SUPPORTED and size 0
10-20 13:47:31.204  1439  2614 I chatty  : uid=1000(system) watchdog expire 17 lines
10-20 13:47:52.454   711   735 E NetlinkEvent: NetlinkEvent::FindParam(): Parameter 'INTERFACE' not found
10-20 13:47:52.454   711   735 E NetlinkEvent: NetlinkEvent::FindParam(): Parameter 'STATE' not found
10-20 13:47:52.454   711   735 E NetlinkEvent: NetlinkEvent::FindParam(): Parameter 'TIME_NS' not found
10-20 13:47:52.454   711   735 E NetlinkEvent: NetlinkEvent::FindParam(): Parameter 'UID' not found
10-20 13:47:53.352   711   735 E NetlinkEvent: NetlinkEvent::FindParam(): Parameter 'INTERFACE' not found
10-20 13:47:53.352   711   735 E NetlinkEvent: NetlinkEvent::FindParam(): Parameter 'STATE' not found
10-20 13:47:53.352   711   735 E NetlinkEvent: NetlinkEvent::FindParam(): Parameter 'TIME_NS' not found
10-20 13:47:53.353   711   735 E NetlinkEvent: NetlinkEvent::FindParam(): Parameter 'UID' not found
10-20 13:48:02.588  1439  1587 I chatty  : uid=1000(system) BroadcastQueue expire 11 lines
10-20 13:48:02.724  6303  6315 V ActivityThread: scheduleReceiver info = ActivityInfo{dd3d8a5 com.google.firebase.iid.FirebaseInstanceIdReceiver} intent = Intent { act=com.google.android.c2dm.intent.RECEIVE flg=0x1080010 pkg=com.netflix.mediaclient cmp=com.netflix.mediaclient/com.google.firebase.iid.FirebaseInstanceIdReceiver (has extras) } sync = true hasCode = 175749470
10-20 13:48:03.771  3169  3186 V ActivityThread: scheduleRegisteredReceiver receiver= android.app.LoadedApk$ReceiverDispatcher$InnerReceiver@f6e834f intent= Intent { act=com.google.android.c2dm.intent.RECEIVE flg=0x1080010 pkg=com.netflix.mediaclient (has extras) } ordered= false sticky = false
10-20 13:48:03.772  3169  3169 I ActivityThread: Dispatching broadcast com.google.android.c2dm.intent.RECEIVE to com.google.android.gms.gcm.DataMessageManager$BroadcastDoneReceiver@c2a2adc
10-20 13:48:09.431   711   735 E NetlinkEvent: NetlinkEvent::FindParam(): Parameter 'INTERFACE' not found
10-20 13:48:09.431   711   735 E NetlinkEvent: NetlinkEvent::FindParam(): Parameter 'STATE' not found
10-20 13:48:09.431   711   735 E NetlinkEvent: NetlinkEvent::FindParam(): Parameter 'TIME_NS' not found
10-20 13:48:09.431   711   735 E NetlinkEvent: NetlinkEvent::FindParam(): Parameter 'UID' not found
10-20 13:48:15.315   711   735 E NetlinkEvent: NetlinkEvent::FindParam(): Parameter 'INTERFACE' not found
10-20 13:48:15.315   711   735 E NetlinkEvent: NetlinkEvent::FindParam(): Parameter 'STATE' not found
10-20 13:48:15.315   711   735 E NetlinkEvent: NetlinkEvent::FindParam(): Parameter 'TIME_NS' not found
10-20 13:48:15.315   711   735 E NetlinkEvent: NetlinkEvent::FindParam(): Parameter 'UID' not found
10-20 13:48:17.208  1190  1340 E storaged: getDiskStats failed with result NOT_SUPPORTED and size 0
10-20 13:48:21.198   711   735 E NetlinkEvent: NetlinkEvent::FindParam(): Parameter 'INTERFACE' not found
10-20 13:48:21.198   711   735 E NetlinkEvent: NetlinkEvent::FindParam(): Parameter 'STATE' not found
10-20 13:48:21.198   711   735 E NetlinkEvent: NetlinkEvent::FindParam(): Parameter 'TIME_NS' not found
10-20 13:48:21.198   711   735 E NetlinkEvent: NetlinkEvent::FindParam(): Parameter 'UID' not found
10-20 13:48:27.106   711   735 E NetlinkEvent: NetlinkEvent::FindParam(): Parameter 'INTERFACE' not found
10-20 13:48:27.106   711   735 E NetlinkEvent: NetlinkEvent::FindParam(): Parameter 'STATE' not found
10-20 13:48:27.106   711   735 E NetlinkEvent: NetlinkEvent::FindParam(): Parameter 'TIME_NS' not found
10-20 13:48:27.106   711   735 E NetlinkEvent: NetlinkEvent::FindParam(): Parameter 'UID' not found
10-20 13:48:32.970   711   735 E NetlinkEvent: NetlinkEvent::FindParam(): Parameter 'INTERFACE' not found
10-20 13:48:32.970   711   735 E NetlinkEvent: NetlinkEvent::FindParam(): Parameter 'STATE' not found
10-20 13:48:32.970   711   735 E NetlinkEvent: NetlinkEvent::FindParam(): Parameter 'TIME_NS' not found
10-20 13:48:32.970   711   735 E NetlinkEvent: NetlinkEvent::FindParam(): Parameter 'UID' not found
10-20 13:48:33.811  1439  3380 I chatty  : uid=1000(system) Binder:1439_D expire 10 lines
10-20 13:48:34.005  1439  1585 I chatty  : uid=1000(system) android.ui expire 18 lines
10-20 13:48:34.035  1439  1669 I chatty  : uid=1000(system) android.display expire 11 lines
10-20 13:48:55.373 31359 31372 V ActivityThread: scheduleReceiver info = ActivityInfo{8c88d57 com.google.firebase.iid.FirebaseInstanceIdReceiver} intent = Intent { act=com.google.android.c2dm.intent.RECEIVE flg=0x1080010 pkg=in.startv.hotstar cmp=in.startv.hotstar/com.google.firebase.iid.FirebaseInstanceIdReceiver (has extras) } sync = true hasCode = 146735036
10-20 13:48:55.416  3169  5062 V ActivityThread: scheduleRegisteredReceiver receiver= android.app.LoadedApk$ReceiverDispatcher$InnerReceiver@65006c9 intent= Intent { act=com.google.android.c2dm.intent.RECEIVE flg=0x1080010 pkg=in.startv.hotstar (has extras) } ordered= false sticky = false
10-20 13:48:55.416  3169  3169 I ActivityThread: Dispatching broadcast com.google.android.c2dm.intent.RECEIVE to com.google.android.gms.gcm.DataMessageManager$BroadcastDoneReceiver@a9a51ce
10-20 13:48:55.803   711   735 E NetlinkEvent: NetlinkEvent::FindParam(): Parameter 'INTERFACE' not found
10-20 13:48:55.803   711   735 E NetlinkEvent: NetlinkEvent::FindParam(): Parameter 'STATE' not found
10-20 13:48:55.803   711   735 E NetlinkEvent: NetlinkEvent::FindParam(): Parameter 'TIME_NS' not found
10-20 13:48:55.803   711   735 E NetlinkEvent: NetlinkEvent::FindParam(): Parameter 'UID' not found
10-20 13:49:11.638   711   735 E NetlinkEvent: NetlinkEvent::FindParam(): Parameter 'INTERFACE' not found
10-20 13:49:11.638   711   735 E NetlinkEvent: NetlinkEvent::FindParam(): Parameter 'STATE' not found
10-20 13:49:11.638   711   735 E NetlinkEvent: NetlinkEvent::FindParam(): Parameter 'TIME_NS' not found
10-20 13:49:11.638   711   735 E NetlinkEvent: NetlinkEvent::FindParam(): Parameter 'UID' not found
10-20 13:49:17.209  1190  1340 E storaged: getDiskStats failed with result NOT_SUPPORTED and size 0
10-20 13:49:17.525   711   735 E NetlinkEvent: NetlinkEvent::FindParam(): Parameter 'INTERFACE' not found
10-20 13:49:17.525   711   735 E NetlinkEvent: NetlinkEvent::FindParam(): Parameter 'STATE' not found
10-20 13:49:17.525   711   735 E NetlinkEvent: NetlinkEvent::FindParam(): Parameter 'TIME_NS' not found
10-20 13:49:17.525   711   735 E NetlinkEvent: NetlinkEvent::FindParam(): Parameter 'UID' not found
10-20 13:49:23.416   711   735 E NetlinkEvent: NetlinkEvent::FindParam(): Parameter 'INTERFACE' not found
10-20 13:49:23.416   711   735 E NetlinkEvent: NetlinkEvent::FindParam(): Parameter 'STATE' not found
10-20 13:49:23.416   711   735 E NetlinkEvent: NetlinkEvent::FindParam(): Parameter 'TIME_NS' not found
10-20 13:49:23.416   711   735 E NetlinkEvent: NetlinkEvent::FindParam(): Parameter 'UID' not found
10-20 13:49:29.294   711   735 E NetlinkEvent: NetlinkEvent::FindParam(): Parameter 'INTERFACE' not found
10-20 13:49:29.294   711   735 E NetlinkEvent: NetlinkEvent::FindParam(): Parameter 'STATE' not found
10-20 13:49:29.294   711   735 E NetlinkEvent: NetlinkEvent::FindParam(): Parameter 'TIME_NS' not found
10-20 13:49:29.294   711   735 E NetlinkEvent: NetlinkEvent::FindParam(): Parameter 'UID' not found
10-20 13:49:35.192   711   735 E NetlinkEvent: NetlinkEvent::FindParam(): Parameter 'INTERFACE' not found
10-20 13:49:35.192   711   735 E NetlinkEvent: NetlinkEvent::FindParam(): Parameter 'STATE' not found
10-20 13:49:35.192   711   735 E NetlinkEvent: NetlinkEvent::FindParam(): Parameter 'TIME_NS' not found
10-20 13:49:35.192   711   735 E NetlinkEvent: NetlinkEvent::FindParam(): Parameter 'UID' not found
10-20 13:49:54.324  1439  6673 I chatty  : uid=1000 system_server expire 1 line
10-20 13:50:03.243  1439  6676 I chatty  : uid=1000 system_server expire 1 line
