10-20 01:31:24.298  8643  8643 E AndroidRuntime: Caused by: java.lang.RuntimeException: Failure delivering result ResultInfo{who=@android:requestPermissions:, request=0, result=-1, data=Intent { act=android.content.pm.action.REQUEST_PERMISSIONS (has extras) }} to activity {smartsolutions.explorer.tools.filemanager/smartsolutions.explorer.tools.filemanager.activities.MainActivity}: java.lang.NullPointerException: Attempt to invoke interface method 'void smartsolutions.explorer.tools.filemanager.activities.superclasses.PermissionsActivity$OnPermissionGranted.onPermissionGranted()' on a null object reference
10-20 01:31:24.298  8643  8643 E AndroidRuntime: 	at android.app.ActivityThread.deliverResults(ActivityThread.java:4701)
10-20 01:31:24.298  8643  8643 E AndroidRuntime: 	at android.app.ActivityThread.performResumeActivity(ActivityThread.java:4071)
10-20 01:31:24.298  8643  8643 E AndroidRuntime: 	... 11 more
10-20 01:31:24.298  8643  8643 E AndroidRuntime: Caused by: java.lang.NullPointerException: Attempt to invoke interface method 'void smartsolutions.explorer.tools.filemanager.activities.superclasses.PermissionsActivity$OnPermissionGranted.onPermissionGranted()' on a null object reference
10-20 01:31:24.298  8643  8643 E AndroidRuntime: 	at smartsolutions.explorer.tools.filemanager.activities.superclasses.PermissionsActivity.onRequestPermissionsResult(PermissionsActivity.java:30)
10-20 01:31:24.298  8643  8643 E AndroidRuntime: 	at android.app.Activity.dispatchRequestPermissionsResult(Activity.java:7834)
10-20 01:31:24.298  8643  8643 E AndroidRuntime: 	at android.app.Activity.dispatchActivityResult(Activity.java:7684)
10-20 01:31:24.298  8643  8643 E AndroidRuntime: 	at android.app.ActivityThread.deliverResults(ActivityThread.java:4694)
10-20 01:31:24.298  8643  8643 E AndroidRuntime: 	... 12 more
10-20 01:31:28.231  8787  8787 E AndroidRuntime: FATAL EXCEPTION: main
10-20 01:31:28.231  8787  8787 E AndroidRuntime: Process: smartsolutions.explorer.tools.filemanager, PID: 8787
10-20 01:31:28.231  8787  8787 E AndroidRuntime: java.lang.RuntimeException: Unable to resume activity {smartsolutions.explorer.tools.filemanager/smartsolutions.explorer.tools.filemanager.activities.MainActivity}: java.lang.StringIndexOutOfBoundsException: String index out of range: -1
10-20 01:31:28.231  8787  8787 E AndroidRuntime: 	at android.app.ActivityThread.performResumeActivity(ActivityThread.java:4082)
10-20 01:31:28.231  8787  8787 E AndroidRuntime: 	at android.app.ActivityThread.handleResumeActivity(ActivityThread.java:4119)
10-20 01:31:28.231  8787  8787 E AndroidRuntime: 	at android.app.servertransaction.ResumeActivityItem.execute(ResumeActivityItem.java:51)
10-20 01:31:28.231  8787  8787 E AndroidRuntime: 	at android.app.servertransaction.TransactionExecutor.executeLifecycleState(TransactionExecutor.java:145)
10-20 01:31:28.231  8787  8787 E AndroidRuntime: 	at android.app.servertransaction.TransactionExecutor.execute(TransactionExecutor.java:70)
10-20 01:31:28.231  8787  8787 E AndroidRuntime: 	at android.app.ActivityThread$H.handleMessage(ActivityThread.java:2012)
10-20 01:31:28.231  8787  8787 E AndroidRuntime: 	at android.os.Handler.dispatchMessage(Handler.java:106)
10-20 01:31:28.231  8787  8787 E AndroidRuntime: 	at android.os.Looper.loop(Looper.java:227)
10-20 01:31:28.231  8787  8787 E AndroidRuntime: 	at android.app.ActivityThread.main(ActivityThread.java:7200)
10-20 01:31:28.231  8787  8787 E AndroidRuntime: 	at java.lang.reflect.Method.invoke(Native Method)
10-20 01:31:28.231  8787  8787 E AndroidRuntime: 	at com.android.internal.os.RuntimeInit$MethodAndArgsCaller.run(RuntimeInit.java:575)
10-20 01:31:28.231  8787  8787 E AndroidRuntime: 	at com.android.internal.os.ZygoteInit.main(ZygoteInit.java:903)
10-20 01:31:28.231  8787  8787 E AndroidRuntime: Caused by: java.lang.StringIndexOutOfBoundsException: String index out of range: -1
10-20 01:31:28.231  8787  8787 E AndroidRuntime: 	at java.lang.String.substring(String.java:2036)
10-20 01:31:28.231  8787  8787 E AndroidRuntime: 	at smartsolutions.explorer.tools.filemanager.fragments.CompressedExplorerFragment.onActivityCreated(CompressedExplorerFragment.java:212)
10-20 01:31:28.231  8787  8787 E AndroidRuntime: 	at androidx.fragment.app.Fragment.performActivityCreated(Fragment.java:2460)
10-20 01:31:28.231  8787  8787 E AndroidRuntime: 	at androidx.fragment.app.FragmentManagerImpl.moveToState(FragmentManager.java:1483)
10-20 01:31:28.231  8787  8787 E AndroidRuntime: 	at androidx.fragment.app.FragmentManagerImpl.moveFragmentToExpectedState(FragmentManager.java:1784)
10-20 01:31:28.231  8787  8787 E AndroidRuntime: 	at androidx.fragment.app.FragmentManagerImpl.moveToState(FragmentManager.java:1852)
10-20 01:31:28.231  8787  8787 E AndroidRuntime: 	at androidx.fragment.app.BackStackRecord.executeOps(BackStackRecord.java:802)
10-20 01:31:28.231  8787  8787 E AndroidRuntime: 	at androidx.fragment.app.FragmentManagerImpl.executeOps(FragmentManager.java:2625)
10-20 01:31:28.231  8787  8787 E AndroidRuntime: 	at androidx.fragment.app.FragmentManagerImpl.executeOpsTogether(FragmentManager.java:2411)
10-20 01:31:28.231  8787  8787 E AndroidRuntime: 	at androidx.fragment.app.FragmentManagerImpl.removeRedundantOperationsAndExecute(FragmentManager.java:2366)
10-20 01:31:28.231  8787  8787 E AndroidRuntime: 	at androidx.fragment.app.FragmentManagerImpl.execPendingActions(FragmentManager.java:2273)
10-20 01:31:28.231  8787  8787 E AndroidRuntime: 	at androidx.fragment.app.FragmentManagerImpl.dispatchStateChange(FragmentManager.java:3273)
10-20 01:31:28.231  8787  8787 E AndroidRuntime: 	at androidx.fragment.app.FragmentManagerImpl.dispatchResume(FragmentManager.java:3241)
10-20 01:31:28.231  8787  8787 E AndroidRuntime: 	at androidx.fragment.app.FragmentController.dispatchResume(FragmentController.java:223)
10-20 01:31:28.231  8787  8787 E AndroidRuntime: 	at androidx.fragment.app.FragmentActivity.onResumeFragments(FragmentActivity.java:538)
10-20 01:31:28.231  8787  8787 E AndroidRuntime: 	at androidx.fragment.app.FragmentActivity.onPostResume(FragmentActivity.java:527)
10-20 01:31:28.231  8787  8787 E AndroidRuntime: 	at androidx.appcompat.app.AppCompatActivity.onPostResume(AppCompatActivity.java:172)
10-20 01:31:28.231  8787  8787 E AndroidRuntime: 	at android.app.Activity.performResume(Activity.java:7529)
10-20 01:31:28.231  8787  8787 E AndroidRuntime: 	at android.app.ActivityThread.performResumeActivity(ActivityThread.java:4074)
10-20 01:31:28.231  8787  8787 E AndroidRuntime: 	... 11 more
10-20 01:31:30.663  8970  8970 E AndroidRuntime: FATAL EXCEPTION: main
10-20 01:31:30.663  8970  8970 E AndroidRuntime: Process: smartsolutions.explorer.tools.filemanager, PID: 8970
10-20 01:31:30.663  8970  8970 E AndroidRuntime: java.lang.RuntimeException: Unable to resume activity {smartsolutions.explorer.tools.filemanager/smartsolutions.explorer.tools.filemanager.activities.MainActivity}: java.lang.StringIndexOutOfBoundsException: String index out of range: -1
10-20 01:31:30.663  8970  8970 E AndroidRuntime: 	at android.app.ActivityThread.performResumeActivity(ActivityThread.java:4082)
10-20 01:31:30.663  8970  8970 E AndroidRuntime: 	at android.app.ActivityThread.handleResumeActivity(ActivityThread.java:4119)
10-20 01:31:30.663  8970  8970 E AndroidRuntime: 	at android.app.servertransaction.ResumeActivityItem.execute(ResumeActivityItem.java:51)
10-20 01:31:30.663  8970  8970 E AndroidRuntime: 	at android.app.servertransaction.TransactionExecutor.executeLifecycleState(TransactionExecutor.java:145)
10-20 01:31:30.663  8970  8970 E AndroidRuntime: 	at android.app.servertransaction.TransactionExecutor.execute(TransactionExecutor.java:70)
10-20 01:31:30.663  8970  8970 E AndroidRuntime: 	at android.app.ActivityThread$H.handleMessage(ActivityThread.java:2012)
10-20 01:31:30.663  8970  8970 E AndroidRuntime: 	at android.os.Handler.dispatchMessage(Handler.java:106)
10-20 01:31:30.663  8970  8970 E AndroidRuntime: 	at android.os.Looper.loop(Looper.java:227)
10-20 01:31:30.663  8970  8970 E AndroidRuntime: 	at android.app.ActivityThread.main(ActivityThread.java:7200)
10-20 01:31:30.663  8970  8970 E AndroidRuntime: 	at java.lang.reflect.Method.invoke(Native Method)
10-20 01:31:30.663  8970  8970 E AndroidRuntime: 	at com.android.internal.os.RuntimeInit$MethodAndArgsCaller.run(RuntimeInit.java:575)
10-20 01:31:30.663  8970  8970 E AndroidRuntime: 	at com.android.internal.os.ZygoteInit.main(ZygoteInit.java:903)
10-20 01:31:30.663  8970  8970 E AndroidRuntime: Caused by: java.lang.StringIndexOutOfBoundsException: String index out of range: -1
10-20 01:31:30.663  8970  8970 E AndroidRuntime: 	at java.lang.String.substring(String.java:2036)
10-20 01:31:30.663  8970  8970 E AndroidRuntime: 	at smartsolutions.explorer.tools.filemanager.fragments.CompressedExplorerFragment.onActivityCreated(CompressedExplorerFragment.java:212)
10-20 01:31:30.663  8970  8970 E AndroidRuntime: 	at androidx.fragment.app.Fragment.performActivityCreated(Fragment.java:2460)
10-20 01:31:30.663  8970  8970 E AndroidRuntime: 	at androidx.fragment.app.FragmentManagerImpl.moveToState(FragmentManager.java:1483)
10-20 01:31:30.663  8970  8970 E AndroidRuntime: 	at androidx.fragment.app.FragmentManagerImpl.moveFragmentToExpectedState(FragmentManager.java:1784)
10-20 01:31:30.663  8970  8970 E AndroidRuntime: 	at androidx.fragment.app.FragmentManagerImpl.moveToState(FragmentManager.java:1852)
10-20 01:31:30.663  8970  8970 E AndroidRuntime: 	at androidx.fragment.app.BackStackRecord.executeOps(BackStackRecord.java:802)
10-20 01:31:30.663  8970  8970 E AndroidRuntime: 	at androidx.fragment.app.FragmentManagerImpl.executeOps(FragmentManager.java:2625)
10-20 01:31:30.663  8970  8970 E AndroidRuntime: 	at androidx.fragment.app.FragmentManagerImpl.executeOpsTogether(FragmentManager.java:2411)
10-20 01:31:30.663  8970  8970 E AndroidRuntime: 	at androidx.fragment.app.FragmentManagerImpl.removeRedundantOperationsAndExecute(FragmentManager.java:2366)
10-20 01:31:30.663  8970  8970 E AndroidRuntime: 	at androidx.fragment.app.FragmentManagerImpl.execPendingActions(FragmentManager.java:2273)
10-20 01:31:30.663  8970  8970 E AndroidRuntime: 	at androidx.fragment.app.FragmentManagerImpl.dispatchStateChange(FragmentManager.java:3273)
10-20 01:31:30.663  8970  8970 E AndroidRuntime: 	at androidx.fragment.app.FragmentManagerImpl.dispatchResume(FragmentManager.java:3241)
10-20 01:31:30.663  8970  8970 E AndroidRuntime: 	at androidx.fragment.app.FragmentController.dispatchResume(FragmentController.java:223)
10-20 01:31:30.663  8970  8970 E AndroidRuntime: 	at androidx.fragment.app.FragmentActivity.onResumeFragments(FragmentActivity.java:538)
10-20 01:31:30.663  8970  8970 E AndroidRuntime: 	at androidx.fragment.app.FragmentActivity.onPostResume(FragmentActivity.java:527)
10-20 01:31:30.663  8970  8970 E AndroidRuntime: 	at androidx.appcompat.app.AppCompatActivity.onPostResume(AppCompatActivity.java:172)
10-20 01:31:30.663  8970  8970 E AndroidRuntime: 	at android.app.Activity.performResume(Activity.java:7529)
10-20 01:31:30.663  8970  8970 E AndroidRuntime: 	at android.app.ActivityThread.performResumeActivity(ActivityThread.java:4074)
10-20 01:31:30.663  8970  8970 E AndroidRuntime: 	... 11 more
10-20 01:32:51.808  9155  9155 E AndroidRuntime: FATAL EXCEPTION: main
10-20 01:32:51.808  9155  9155 E AndroidRuntime: Process: smartsolutions.explorer.tools.filemanager, PID: 9155
10-20 01:32:51.808  9155  9155 E AndroidRuntime: java.lang.IndexOutOfBoundsException: Index: 3, Size: 3
10-20 01:32:51.808  9155  9155 E AndroidRuntime: 	at java.util.ArrayList.get(ArrayList.java:437)
10-20 01:32:51.808  9155  9155 E AndroidRuntime: 	at smartsolutions.explorer.tools.filemanager.adapters.glide.RecyclerPreloadModelProvider.getPreloadItems(RecyclerPreloadModelProvider.java:37)
10-20 01:32:51.808  9155  9155 E AndroidRuntime: 	at com.bumptech.glide.ListPreloader.preload(ListPreloader.java:173)
10-20 01:32:51.808  9155  9155 E AndroidRuntime: 	at com.bumptech.glide.ListPreloader.preload(ListPreloader.java:154)
10-20 01:32:51.808  9155  9155 E AndroidRuntime: 	at com.bumptech.glide.ListPreloader.onScroll(ListPreloader.java:142)
10-20 01:32:51.808  9155  9155 E AndroidRuntime: 	at com.bumptech.glide.integration.recyclerview.RecyclerToListViewScrollListener.onScrolled(RecyclerToListViewScrollListener.java:58)
10-20 01:32:51.808  9155  9155 E AndroidRuntime: 	at com.bumptech.glide.integration.recyclerview.RecyclerViewPreloader.onScrolled(RecyclerViewPreloader.java:96)
10-20 01:32:51.808  9155  9155 E AndroidRuntime: 	at androidx.recyclerview.widget.RecyclerView.dispatchOnScrolled(RecyclerView.java:4961)
10-20 01:32:51.808  9155  9155 E AndroidRuntime: 	at androidx.recyclerview.widget.RecyclerView.dispatchLayoutStep3(RecyclerView.java:4021)
10-20 01:32:51.808  9155  9155 E AndroidRuntime: 	at androidx.recyclerview.widget.RecyclerView.dispatchLayout(RecyclerView.java:3652)
10-20 01:32:51.808  9155  9155 E AndroidRuntime: 	at androidx.recyclerview.widget.RecyclerView.onLayout(RecyclerView.java:4194)
10-20 01:32:51.808  9155  9155 E AndroidRuntime: 	at android.view.View.layout(View.java:20983)
10-20 01:32:51.808  9155  9155 E AndroidRuntime: 	at android.view.ViewGroup.layout(ViewGroup.java:6330)
10-20 01:32:51.808  9155  9155 E AndroidRuntime: 	at androidx.swiperefreshlayout.widget.SwipeRefreshLayout.onLayout(SwipeRefreshLayout.java:625)
10-20 01:32:51.808  9155  9155 E AndroidRuntime: 	at android.view.View.layout(View.java:20983)
10-20 01:32:51.808  9155  9155 E AndroidRuntime: 	at android.view.ViewGroup.layout(ViewGroup.java:6330)
10-20 01:32:51.808  9155  9155 E AndroidRuntime: 	at android.widget.FrameLayout.layoutChildren(FrameLayout.java:323)
10-20 01:32:51.808  9155  9155 E AndroidRuntime: 	at android.widget.FrameLayout.onLayout(FrameLayout.java:261)
10-20 01:32:51.808  9155  9155 E AndroidRuntime: 	at android.view.View.layout(View.java:20983)
10-20 01:32:51.808  9155  9155 E AndroidRuntime: 	at android.view.ViewGroup.layout(ViewGroup.java:6330)
10-20 01:32:51.808  9155  9155 E AndroidRuntime: 	at androidx.viewpager.widget.ViewPager.onLayout(ViewPager.java:1775)
10-20 01:32:51.808  9155  9155 E AndroidRuntime: 	at android.view.View.layout(View.java:20983)
10-20 01:32:51.808  9155  9155 E AndroidRuntime: 	at android.view.ViewGroup.layout(ViewGroup.java:6330)
10-20 01:32:51.808  9155  9155 E AndroidRuntime: 	at android.widget.FrameLayout.layoutChildren(FrameLayout.java:323)
10-20 01:32:51.808  9155  9155 E AndroidRuntime: 	at android.widget.FrameLayout.onLayout(FrameLayout.java:261)
10-20 01:32:51.808  9155  9155 E AndroidRuntime: 	at android.view.View.layout(View.java:20983)
10-20 01:32:51.808  9155  9155 E AndroidRuntime: 	at android.view.ViewGroup.layout(ViewGroup.java:6330)
10-20 01:32:51.808  9155  9155 E AndroidRuntime: 	at com.google.android.material.appbar.HeaderScrollingViewBehavior.layoutChild(HeaderScrollingViewBehavior.java:142)
10-20 01:32:51.808  9155  9155 E AndroidRuntime: 	at com.google.android.material.appbar.ViewOffsetBehavior.onLayoutChild(ViewOffsetBehavior.java:41)
10-20 01:32:51.808  9155  9155 E AndroidRuntime: 	at com.google.android.material.appbar.AppBarLayout$ScrollingViewBehavior.onLayoutChild(AppBarLayout.java:1556)
10-20 01:32:51.808  9155  9155 E AndroidRuntime: 	at androidx.coordinatorlayout.widget.CoordinatorLayout.onLayout(CoordinatorLayout.java:888)
10-20 01:32:51.808  9155  9155 E AndroidRuntime: 	at android.view.View.layout(View.java:20983)
10-20 01:32:51.808  9155  9155 E AndroidRuntime: 	at android.view.ViewGroup.layout(ViewGroup.java:6330)
10-20 01:32:51.808  9155  9155 E AndroidRuntime: 	at android.widget.LinearLayout.setChildFrame(LinearLayout.java:1828)
10-20 01:32:51.808  9155  9155 E AndroidRuntime: 	at android.widget.LinearLayout.layoutVertical(LinearLayout.java:1656)
10-20 01:32:51.808  9155  9155 E AndroidRuntime: 	at android.widget.LinearLayout.onLayout(LinearLayout.java:1565)
10-20 01:32:51.808  9155  9155 E AndroidRuntime: 	at android.view.View.layout(View.java:20983)
10-20 01:32:51.808  9155  9155 E AndroidRuntime: 	at android.view.ViewGroup.layout(ViewGroup.java:6330)
10-20 01:32:51.808  9155  9155 E AndroidRuntime: 	at androidx.drawerlayout.widget.DrawerLayout.onLayout(DrawerLayout.java:1231)
10-20 01:32:51.808  9155  9155 E AndroidRuntime: 	at android.view.View.layout(View.java:20983)
10-20 01:32:51.808  9155  9155 E AndroidRuntime: 	at android.view.ViewGroup.layout(ViewGroup.java:6330)
10-20 01:32:51.808  9155  9155 E AndroidRuntime: 	at android.widget.FrameLayout.layoutChildren(FrameLayout.java:323)
10-20 01:32:51.808  9155  9155 E AndroidRuntime: 	at android.widget.FrameLayout.onLayout(FrameLayout.java:261)
10-20 01:32:51.808  9155  9155 E AndroidRuntime: 	at android.view.View.layout(View.java:20983)
10-20 01:32:51.808  9155  9155 E AndroidRuntime: 	at android.view.ViewGroup.layout(ViewGroup.java:6330)
10-20 01:32:51.808  9155  9155 E AndroidRuntime: 	at android.widget.FrameLayout.layoutChildren(FrameLayout.java:323)
10-20 01:32:51.808  9155  9155 E AndroidRuntime: 	at android.widget.FrameLayout.onLayout(FrameLayout.java:261)
10-20 01:32:51.808  9155  9155 E AndroidRuntime: 	at android.view.View.layout(View.java:20983)
10-20 01:32:51.808  9155  9155 E AndroidRuntime: 	at android.view.ViewGroup.layout(ViewGroup.java:6330)
10-20 01:32:51.808  9155  9155 E AndroidRuntime: 	at android.widget.FrameLayout.layoutChildren(FrameLayout.java:323)
10-20 01:32:51.808  9155  9155 E AndroidRuntime: 	at android.widget.FrameLayout.onLayout(FrameLayout.java:261)
10-20 01:32:51.808  9155  9155 E AndroidRuntime: 	at android.view.View.layout(View.java:20983)
10-20 01:32:51.808  9155  9155 E AndroidRuntime: 	at android.view.ViewGroup.layout(ViewGroup.java:6330)
10-20 01:32:51.808  9155  9155 E AndroidRuntime: 	at android.widget.LinearLayout.setChildFrame(LinearLayout.java:1828)
10-20 01:32:51.808  9155  9155 E AndroidRuntime: 	at android.widget.LinearLayout.layoutVertical(LinearLayout.java:1656)
10-20 01:32:51.808  9155  9155 E AndroidRuntime: 	at android.widget.LinearLayout.onLayout(LinearLayout.java:1565)
10-20 01:32:51.808  9155  9155 E AndroidRuntime: 	at android.view.View.layout(View.java:20983)
10-20 01:32:51.808  9155  9155 E AndroidRuntime: 	at android.view.ViewGroup.layout(ViewGroup.java:6330)
10-20 01:32:51.808  9155  9155 E AndroidRuntime: 	at android.widget.FrameLayout.layoutChildren(FrameLayout.java:323)
10-20 01:32:51.808  9155  9155 E AndroidRuntime: 	at android.widget.FrameLayout.onLayout(FrameLayout.java:261)
10-20 01:32:51.808  9155  9155 E AndroidRuntime: 	at com.android.internal.policy.DecorView.onLayout(DecorView.java:880)
10-20 01:32:51.808  9155  9155 E AndroidRuntime: 	at android.view.View.layout(View.java:20983)
10-20 01:32:51.808  9155  9155 E AndroidRuntime: 	at android.view.ViewGroup.layout(ViewGroup.java:6330)
10-20 01:32:51.808  9155  9155 E AndroidRuntime: 	at android.view.ViewRootImpl.performLayout(ViewRootImpl.java:3237)
10-20 01:32:51.808  9155  9155 E AndroidRuntime: 	at android.view.ViewRootImpl.performTraversals(ViewRootImpl.java:2713)
10-20 01:32:51.808  9155  9155 E AndroidRuntime: 	at android.view.ViewRootImpl.doTraversal(ViewRootImpl.java:1766)
10-20 01:32:51.808  9155  9155 E AndroidRuntime: 	at android.view.ViewRootImpl$TraversalRunnable.run(ViewRootImpl.java:7991)
10-20 01:32:51.808  9155  9155 E AndroidRuntime: 	at android.view.Choreographer$CallbackRecord.run(Choreographer.java:1084)
10-20 01:32:51.808  9155  9155 E AndroidRuntime: 	at android.view.Choreographer.doCallbacks(Choreographer.java:891)
10-20 01:32:51.808  9155  9155 E AndroidRuntime: 	at android.view.Choreographer.doFrame(Choreographer.java:818)
10-20 01:32:51.808  9155  9155 E AndroidRuntime: 	at android.view.Choreographer$FrameDisplayEventReceiver.run(Choreographer.java:1070)
10-20 01:32:51.808  9155  9155 E AndroidRuntime: 	at android.os.Handler.handleCallback(Handler.java:873)
10-20 01:32:51.808  9155  9155 E AndroidRuntime: 	at android.os.Handler.dispatchMessage(Handler.java:99)
10-20 01:32:51.808  9155  9155 E AndroidRuntime: 	at android.os.Looper.loop(Looper.java:227)
10-20 01:32:51.808  9155  9155 E AndroidRuntime: 	at android.app.ActivityThread.main(ActivityThread.java:7200)
10-20 01:32:51.808  9155  9155 E AndroidRuntime: 	at java.lang.reflect.Method.invoke(Native Method)
10-20 01:32:51.808  9155  9155 E AndroidRuntime: 	at com.android.internal.os.RuntimeInit$MethodAndArgsCaller.run(RuntimeInit.java:575)
10-20 01:32:51.808  9155  9155 E AndroidRuntime: 	at com.android.internal.os.ZygoteInit.main(ZygoteInit.java:903)
--------- beginning of system
10-20 11:28:59.714  1439 16131 I chatty  : uid=1000 system_server expire 1 line
10-20 11:29:46.817  1439 16202 I chatty  : uid=1000 system_server expire 1 line
10-20 11:29:57.477  1439  3130 I chatty  : uid=1000(system) Binder:1439_B expire 2 lines
10-20 11:29:57.496  1439  3380 I chatty  : uid=1000(system) Binder:1439_D expire 1 line
10-20 11:29:57.496  1439 12510 I chatty  : uid=1000(system) Binder:1439_1E expire 7 lines
10-20 11:29:57.496  1439  2165 I chatty  : uid=1000(system) ConnectivitySer expire 2 lines
10-20 11:30:02.636  1439 16238 I chatty  : uid=1000 system_server expire 1 line
10-20 11:30:15.667  1439 16266 I chatty  : uid=1000 system_server expire 1 line
10-20 11:30:27.441  1439  5665 I chatty  : uid=1000(system) Binder:1439_1B expire 15 lines
10-20 11:30:32.564  1439 16291 I chatty  : uid=1000 system_server expire 1 line
10-20 11:31:03.077  1439 16329 I chatty  : uid=1000 system_server expire 1 line
10-20 11:31:08.238  1439 16338 I chatty  : uid=1000 system_server expire 1 line
10-20 11:31:18.432  1439 16342 I chatty  : uid=1000 system_server expire 1 line
10-20 11:32:47.855 22215 22215 W FingerprintManager: Invalid acquired message: 6, 3
10-20 11:32:47.857  1439  1475 I chatty  : uid=1000(system) Binder:1439_2 expire 10 lines
10-20 11:32:48.176   711   735 I chatty  : uid=0(root) /system/bin/netd expire 12 lines
10-20 11:32:48.278  1439  1690 I chatty  : uid=1000(system) PowerManagerSer expire 12 lines
10-20 11:32:51.104  1439  2105 I chatty  : uid=1000(system) InputReader expire 1 line
10-20 11:32:51.262  1439  1990 I chatty  : uid=1000(system) android.anim expire 37 lines
10-20 11:32:51.268  1439  2072 I chatty  : uid=1000(system) PhoneWinHandler expire 1 line
10-20 11:32:52.386  1439  2708 I chatty  : uid=1000(system) HwBinder:1439_4 expire 5 lines
10-20 11:32:52.388 22215 22215 W FingerprintManager: resetTimeout, packageName = com.android.systemui
10-20 11:32:52.452 22215 22215 W FingerprintManager: resetTimeout, packageName = com.android.systemui
10-20 11:32:52.461  1439  2209 I chatty  : uid=1000(system) MotorManager expire 6 lines
10-20 11:32:52.519  1439  1439 I chatty  : uid=1000 system_server expire 16 lines
10-20 11:32:52.542  1439  1587 I chatty  : uid=1000(system) BroadcastQueue expire 34 lines
10-20 11:32:52.899  1439  2490 I chatty  : uid=1000(system) Binder:1439_5 expire 1 line
10-20 11:33:07.136  1439  1668 I chatty  : uid=1000(system) android.io expire 1 line
10-20 11:33:07.325  1439  3000 I chatty  : uid=1000(system) Binder:1439_A expire 15 lines
10-20 11:33:07.709  1439  4111 I chatty  : uid=1000(system) Binder:1439_14 expire 19 lines
10-20 11:33:10.141  1439  1667 I chatty  : uid=1000(system) android.fg expire 7 lines
10-20 11:33:12.150  1439  1670 I chatty  : uid=1000(system) BpmThread expire 1 line
10-20 11:33:12.303  1439  5822 I chatty  : uid=1000(system) Binder:1439_1C expire 6 lines
10-20 11:33:13.311  1439  2594 I chatty  : uid=1000(system) Binder:1439_6 expire 21 lines
10-20 11:33:13.320  1439  5664 I chatty  : uid=1000(system) Binder:1439_1A expire 8 lines
10-20 11:33:15.267  1439  1585 I chatty  : uid=1000(system) android.ui expire 10 lines
10-20 11:33:15.359 29893 29893 E ActivityThread: Activity com.android.settings.SubSettings has leaked ServiceConnection android.bluetooth.BluetoothA2dp$2@ccf6f46 that was originally bound here
10-20 11:33:15.359 29893 29893 E ActivityThread: android.app.ServiceConnectionLeaked: Activity com.android.settings.SubSettings has leaked ServiceConnection android.bluetooth.BluetoothA2dp$2@ccf6f46 that was originally bound here
10-20 11:33:15.359 29893 29893 E ActivityThread: 	at android.app.LoadedApk$ServiceDispatcher.<init>(LoadedApk.java:1771)
10-20 11:33:15.359 29893 29893 E ActivityThread: 	at android.app.LoadedApk.getServiceDispatcher(LoadedApk.java:1663)
10-20 11:33:15.359 29893 29893 E ActivityThread: 	at android.app.ContextImpl.bindServiceCommon(ContextImpl.java:1713)
10-20 11:33:15.359 29893 29893 E ActivityThread: 	at android.app.ContextImpl.bindServiceAsUser(ContextImpl.java:1673)
10-20 11:33:15.359 29893 29893 E ActivityThread: 	at android.content.ContextWrapper.bindServiceAsUser(ContextWrapper.java:716)
10-20 11:33:15.359 29893 29893 E ActivityThread: 	at android.bluetooth.BluetoothA2dp.doBind(BluetoothA2dp.java:263)
10-20 11:33:15.359 29893 29893 E ActivityThread: 	at android.bluetooth.BluetoothA2dp.<init>(BluetoothA2dp.java:256)
10-20 11:33:15.359 29893 29893 E ActivityThread: 	at android.bluetooth.BluetoothAdapter.getProfileProxy(BluetoothAdapter.java:2332)
10-20 11:33:15.359 29893 29893 E ActivityThread: 	at com.android.settings.development.DevelopmentSettings.onCreateView(SourceFile:1112)
10-20 11:33:15.359 29893 29893 E ActivityThread: 	at android.app.Fragment.performCreateView(Fragment.java:2522)
10-20 11:33:15.359 29893 29893 E ActivityThread: 	at android.app.FragmentManagerImpl.moveToState(FragmentManager.java:1298)
10-20 11:33:15.359 29893 29893 E ActivityThread: 	at android.app.FragmentManagerImpl.moveFragmentToExpectedState(FragmentManager.java:1576)
10-20 11:33:15.359 29893 29893 E ActivityThread: 	at android.app.FragmentManagerImpl.moveToState(FragmentManager.java:1637)
10-20 11:33:15.359 29893 29893 E ActivityThread: 	at android.app.FragmentManagerImpl.dispatchMoveToState(FragmentManager.java:3054)
10-20 11:33:15.359 29893 29893 E ActivityThread: 	at android.app.FragmentManagerImpl.dispatchActivityCreated(FragmentManager.java:3006)
10-20 11:33:15.359 29893 29893 E ActivityThread: 	at android.app.FragmentController.dispatchActivityCreated(FragmentController.java:182)
10-20 11:33:15.359 29893 29893 E ActivityThread: 	at android.app.Activity.performCreate(Activity.java:7322)
10-20 11:33:15.359 29893 29893 E ActivityThread: 	at android.app.Activity.performCreate(Activity.java:7306)
10-20 11:33:15.359 29893 29893 E ActivityThread: 	at android.app.Instrumentation.callActivityOnCreate(Instrumentation.java:1272)
10-20 11:33:15.359 29893 29893 E ActivityThread: 	at android.app.ActivityThread.performLaunchActivity(ActivityThread.java:3118)
10-20 11:33:15.359 29893 29893 E ActivityThread: 	at android.app.ActivityThread.handleLaunchActivity(ActivityThread.java:3289)
10-20 11:33:15.359 29893 29893 E ActivityThread: 	at android.app.servertransaction.LaunchActivityItem.execute(LaunchActivityItem.java:78)
10-20 11:33:15.359 29893 29893 E ActivityThread: 	at android.app.servertransaction.TransactionExecutor.executeCallbacks(TransactionExecutor.java:108)
10-20 11:33:15.359 29893 29893 E ActivityThread: 	at android.app.servertransaction.TransactionExecutor.execute(TransactionExecutor.java:68)
10-20 11:33:15.359 29893 29893 E ActivityThread: 	at android.app.ActivityThread$H.handleMessage(ActivityThread.java:2012)
10-20 11:33:15.359 29893 29893 E ActivityThread: 	at android.os.Handler.dispatchMessage(Handler.java:106)
10-20 11:33:15.359 29893 29893 E ActivityThread: 	at android.os.Looper.loop(Looper.java:227)
10-20 11:33:15.359 29893 29893 E ActivityThread: 	at android.app.ActivityThread.main(ActivityThread.java:7200)
10-20 11:33:15.359 29893 29893 E ActivityThread: 	at java.lang.reflect.Method.invoke(Native Method)
10-20 11:33:15.359 29893 29893 E ActivityThread: 	at com.android.internal.os.RuntimeInit$MethodAndArgsCaller.run(RuntimeInit.java:575)
10-20 11:33:15.359 29893 29893 E ActivityThread: 	at com.android.internal.os.ZygoteInit.main(ZygoteInit.java:903)
10-20 11:33:17.992  1439  3379 I chatty  : uid=1000(system) Binder:1439_C expire 12 lines
10-20 11:33:25.654  1439 16689 I chatty  : uid=1000 system_server expire 4 lines
10-20 11:33:26.691  1439 16699 I chatty  : uid=1000(system) UsbDebuggingMan expire 1 line
10-20 11:33:27.012  1439  1473 I chatty  : uid=1000(system) Binder:1439_1 expire 6 lines
10-20 11:33:27.022  1439  1475 I chatty  : uid=1000(system) Binder:1439_2 expire 7 lines
10-20 11:33:31.579   711   735 I chatty  : uid=0(root) /system/bin/netd expire 76 lines
10-20 11:33:51.984  1439  1655 I chatty  : uid=1000(system) batterystats-wo expire 7 lines
10-20 11:33:52.058  1439 16831 I chatty  : uid=1000 system_server expire 1 line
10-20 11:35:16.496  1190  1340 I chatty  : uid=0(root) /system/bin/storaged expire 8 lines
10-20 11:35:52.521  1439  5665 I chatty  : uid=1000(system) Binder:1439_1B expire 1 line
10-20 11:36:19.167  1439  2839 I chatty  : uid=1000(system) Binder:1439_8 expire 4 lines
10-20 11:36:39.936  1439  1690 I chatty  : uid=1000(system) PowerManagerSer expire 4 lines
10-20 11:36:40.024 16487 16487 D OppoLFEHJobService: onCreate--enter.
10-20 11:36:40.033 16487 16487 D OppoLFEHJobService: onStartJob--4105
10-20 11:36:40.055  1439  3379 I chatty  : uid=1000(system) Binder:1439_C expire 3 lines
10-20 11:36:40.056 16487 16487 D OppoLFEHJobService: onDestory--enter.
10-20 11:36:40.068 16487 16487 D OppoLFEHelper: initService OppoLFEHer#_1.0.0_98f5c7f2_20180717_1800:1001
10-20 11:36:40.071  1439 17119 I chatty  : uid=1000 system_server expire 1 line
10-20 11:36:40.083  1439  3912 I chatty  : uid=1000(system) backup expire 147 lines
10-20 11:36:40.099 16487 16487 D OppoLFEHelper: parseXmlParser android.content.res.XmlBlock$Parser@98e807
10-20 11:36:40.100 16487 16487 D OppoLFEHelper: RusEncodeFileSwitch  update to true
10-20 11:36:40.100 16487 16487 D OppoLFEHelper: RusDeleteSrcFile  update to true
10-20 11:36:40.122 16487 16487 V OppoLFEHelper: startEncodeFileHandlerThread
10-20 11:36:40.146 16487 16487 V OppoLFEHelper: onBind mBinder = null
10-20 11:36:40.150 16487 16487 D OppoLFEHelper: mServerkillSelfCountTimer count down,finished 179
10-20 11:36:41.057 16487 16487 D OppoLFEHelper: scanAndEncode
10-20 11:36:41.058 16487 17121 D OppoLFEHelper: handle receive msg 10001
10-20 11:36:41.070 16487 17121 V OppoLFEHelper: now - lastTime 296779210  281205736
10-20 11:36:41.098 16487 17121 D OppoLFEHelper: parseXmlParser android.content.res.XmlBlock$Parser@95775d
10-20 11:36:41.098 16487 17121 D OppoLFEHelper: RusEncodeFileSwitch  update to true
10-20 11:36:41.098 16487 17121 D OppoLFEHelper: RusDeleteSrcFile  update to true
10-20 11:36:41.111 16487 17121 V OppoLFEHelper: set time 296779251
10-20 11:36:47.191   711   735 I chatty  : uid=0(root) /system/bin/netd expire 32 lines
10-20 11:36:49.422  1439  4123 I chatty  : uid=1000(system) Binder:1439_16 expire 4 lines
10-20 11:36:50.116  1439  3130 I chatty  : uid=1000(system) Binder:1439_B expire 3 lines
10-20 11:36:55.540  1439  1587 I chatty  : uid=1000(system) BroadcastQueue expire 22 lines
10-20 11:37:00.034  1439  1439 I chatty  : uid=1000 system_server expire 79 lines
10-20 11:37:00.300  1439  2614 I chatty  : uid=1000(system) watchdog expire 10 lines
10-20 11:37:02.922  1439  3945 I chatty  : uid=1000(system) Binder:1439_F expire 7 lines
10-20 11:37:05.511  1439  1589 I chatty  : uid=1000(system) ActivityManager expire 4 lines
10-20 11:37:05.537  1439  3970 I chatty  : uid=1000(system) Binder:1439_12 expire 1 line
10-20 11:37:21.795  1439  3000 I chatty  : uid=1000(system) Binder:1439_A expire 2 lines
10-20 11:37:21.855  1439  1585 I chatty  : uid=1000(system) android.ui expire 2 lines
10-20 11:37:40.210 16487 16487 D OppoLFEHelper: mServerkillSelfCountTimer count down,finished 119
10-20 11:37:46.086   711   735 I chatty  : uid=0(root) /system/bin/netd expire 28 lines
10-20 11:38:40.191  1439  1687 I chatty  : uid=1000(system) CpuTracker expire 10 lines
10-20 11:38:40.270 16487 16487 D OppoLFEHelper: mServerkillSelfCountTimer count down,finished 59
10-20 11:38:43.151   711   735 I chatty  : uid=0(root) /system/bin/netd expire 32 lines
10-20 11:39:40.127 16487 16487 D OppoLFEHelper: kill Self
10-20 11:39:40.183  1439  1439 I chatty  : uid=1000 system_server expire 4 lines
10-20 11:39:40.254   711   735 I chatty  : uid=0(root) /system/bin/netd expire 96 lines
10-20 11:39:41.993  1439  1687 I chatty  : uid=1000(system) CpuTracker expire 2 lines
10-20 11:39:48.341  1439  1584 I chatty  : uid=1000(system) ActivityManager expire 3 lines
10-20 11:42:00.330  1439  2614 I chatty  : uid=1000(system) watchdog expire 15 lines
10-20 11:43:16.431  1439  1439 I chatty  : uid=1000 system_server expire 105 lines
10-20 11:43:16.520  1190  1340 I chatty  : uid=0(root) /system/bin/storaged expire 3 lines
10-20 11:43:23.368  1439  1690 I chatty  : uid=1000(system) PowerManagerSer expire 57 lines
10-20 11:43:23.373  1439  2226 I chatty  : uid=1000(system) aceService.Main expire 3 lines
10-20 11:43:23.690  1439  1673 I chatty  : uid=1000(system) Binder:1439_3 expire 16 lines
10-20 11:43:23.691  1439  4123 I chatty  : uid=1000(system) Binder:1439_16 expire 55 lines
10-20 11:43:23.697  1439  5665 I chatty  : uid=1000(system) Binder:1439_1B expire 4 lines
10-20 11:43:23.699  1439  1669 I chatty  : uid=1000(system) android.display expire 10 lines
10-20 11:43:23.747  1439  3130 I chatty  : uid=1000(system) Binder:1439_B expire 51 lines
10-20 11:43:23.753  1439  3945 I chatty  : uid=1000(system) Binder:1439_F expire 33 lines
10-20 11:43:23.910  1439  1667 I chatty  : uid=1000(system) android.fg expire 15 lines
10-20 11:43:23.959  1439  1589 I chatty  : uid=1000(system) ActivityManager expire 9 lines
10-20 11:43:24.212  1439 13360 I chatty  : uid=1000(system) Binder:1439_20 expire 1 line
10-20 11:43:24.252  1439  1582 I chatty  : uid=1000(system) android.bg expire 16 lines
10-20 11:43:24.283  1439  2209 I chatty  : uid=1000(system) MotorManager expire 1 line
10-20 11:43:24.459  1439  2839 I chatty  : uid=1000(system) Binder:1439_8 expire 17 lines
10-20 11:43:24.554 22215 22215 W FingerprintManager: Invalid acquired message: 6, 3
10-20 11:43:24.695  1439  1585 I chatty  : uid=1000(system) android.ui expire 10 lines
10-20 11:43:45.886  1439 18377 I chatty  : uid=1000 system_server expire 1 line
10-20 11:43:53.395   711   735 I chatty  : uid=0(root) /system/bin/netd expire 12 lines
10-20 11:43:53.709  1439  4120 I chatty  : uid=1000(system) Binder:1439_15 expire 7 lines
10-20 11:43:53.882  1439  2072 I chatty  : uid=1000(system) PhoneWinHandler expire 4 lines
10-20 11:43:53.972 22215 22215 W FingerprintManager: Invalid acquired message: 6, 3
10-20 11:43:54.887  1439  5661 I chatty  : uid=1000(system) Binder:1439_19 expire 6 lines
10-20 11:43:54.898  1439  1669 I chatty  : uid=1000(system) android.display expire 10 lines
10-20 11:44:04.317  1439  1439 I chatty  : uid=1000 system_server expire 10 lines
10-20 11:44:04.832  1439  1690 I chatty  : uid=1000(system) PowerManagerSer expire 16 lines
10-20 11:44:06.695  1439  2834 I chatty  : uid=1000(system) Binder:1439_7 expire 3 lines
10-20 11:44:08.376  1439  5664 I chatty  : uid=1000(system) Binder:1439_1A expire 5 lines
10-20 11:44:23.710  1439  3379 I chatty  : uid=1000(system) Binder:1439_C expire 2 lines
10-20 11:44:23.716  1439  5822 I chatty  : uid=1000(system) Binder:1439_1C expire 9 lines
10-20 11:44:23.972 22215 22215 W FingerprintManager: Invalid acquired message: 6, 3
10-20 11:44:24.000  1439  1439 I chatty  : uid=1000 system_server expire 58 lines
10-20 11:44:31.293   711   735 I chatty  : uid=0(root) /system/bin/netd expire 60 lines
10-20 11:44:31.814  1439  1690 I chatty  : uid=1000(system) PowerManagerSer expire 22 lines
10-20 11:44:34.093  1439  1669 I chatty  : uid=1000(system) android.display expire 6 lines
10-20 11:44:34.461  1439 12510 I chatty  : uid=1000(system) Binder:1439_1E expire 6 lines
10-20 11:44:36.827  1439  3000 I chatty  : uid=1000(system) Binder:1439_A expire 18 lines
10-20 11:44:40.708  1439  4104 I chatty  : uid=1000(system) Binder:1439_13 expire 4 lines
10-20 11:45:34.650  1439  1582 I chatty  : uid=1000(system) android.bg expire 1 line
10-20 11:46:16.532  1190  1340 I chatty  : uid=0(root) /system/bin/storaged expire 2 lines
10-20 11:46:40.790  1439  2490 I chatty  : uid=1000(system) Binder:1439_5 expire 3 lines
10-20 11:46:42.423 18865 18865 E ActivityThread: Service com.lenovo.anyshare.app.DefaultService has leaked IntentReceiver com.ushareit.net.a$1@fcd949 that was originally registered here. Are you missing a call to unregisterReceiver()?
10-20 11:46:42.423 18865 18865 E ActivityThread: android.app.IntentReceiverLeaked: Service com.lenovo.anyshare.app.DefaultService has leaked IntentReceiver com.ushareit.net.a$1@fcd949 that was originally registered here. Are you missing a call to unregisterReceiver()?
10-20 11:46:42.423 18865 18865 E ActivityThread: 	at android.app.LoadedApk$ReceiverDispatcher.<init>(LoadedApk.java:1568)
10-20 11:46:42.423 18865 18865 E ActivityThread: 	at android.app.LoadedApk.getReceiverDispatcher(LoadedApk.java:1271)
10-20 11:46:42.423 18865 18865 E ActivityThread: 	at android.app.ContextImpl.registerReceiverInternal(ContextImpl.java:1505)
10-20 11:46:42.423 18865 18865 E ActivityThread: 	at android.app.ContextImpl.registerReceiver(ContextImpl.java:1478)
10-20 11:46:42.423 18865 18865 E ActivityThread: 	at android.app.ContextImpl.registerReceiver(ContextImpl.java:1466)
10-20 11:46:42.423 18865 18865 E ActivityThread: 	at android.content.ContextWrapper.registerReceiver(ContextWrapper.java:634)
10-20 11:46:42.423 18865 18865 E ActivityThread: 	at com.ushareit.net.a.a(SourceFile:46)
10-20 11:46:42.423 18865 18865 E ActivityThread: 	at com.lenovo.anyshare.app.DefaultService$2.onLooperPrepared(SourceFile:128)
10-20 11:46:42.423 18865 18865 E ActivityThread: 	at android.os.HandlerThread.run(HandlerThread.java:64)
10-20 11:47:32.261   711   735 I chatty  : uid=0(root) /system/bin/netd expire 22 lines
10-20 11:47:44.245 19991 21204 V ActivityThread: scheduleReceiver info = ActivityInfo{62ce4fc com.google.android.apps.gsa.gcm.GcmBroadcastReceiver} intent = Intent { act=com.google.android.c2dm.intent.RECEIVE flg=0x1080010 pkg=com.google.android.googlequicksearchbox cmp=com.google.android.googlequicksearchbox/com.google.android.apps.gsa.gcm.GcmBroadcastReceiver (has extras) } sync = true hasCode = 124136716
10-20 11:47:44.396 19991 21204 V ActivityThread: scheduleReceiver info = ActivityInfo{ab2dee2 com.google.firebase.iid.FirebaseInstanceIdReceiver} intent = Intent { act=com.google.android.c2dm.intent.RECEIVE flg=0x1080010 pkg=com.google.android.googlequicksearchbox cmp=com.google.android.googlequicksearchbox/com.google.firebase.iid.FirebaseInstanceIdReceiver (has extras) } sync = true hasCode = 171102555
10-20 11:47:44.403  3169  5679 V ActivityThread: scheduleRegisteredReceiver receiver= android.app.LoadedApk$ReceiverDispatcher$InnerReceiver@209838b intent= Intent { act=com.google.android.c2dm.intent.RECEIVE flg=0x1080010 pkg=com.google.android.googlequicksearchbox (has extras) } ordered= false sticky = false
10-20 11:47:44.404  3169  3169 I ActivityThread: Dispatching broadcast com.google.android.c2dm.intent.RECEIVE to com.google.android.gms.gcm.DataMessageManager$BroadcastDoneReceiver@ca38c68
10-20 11:48:06.887   711   735 I chatty  : uid=0(root) /system/bin/netd expire 26 lines
10-20 11:48:16.536  1190  1340 I chatty  : uid=0(root) /system/bin/storaged expire 2 lines
10-20 11:48:47.984  1439  1690 I chatty  : uid=1000(system) PowerManagerSer expire 1 line
10-20 11:48:57.185  1439 19555 I chatty  : uid=1000 system_server expire 1 line
10-20 11:49:12.140  7602  7602 E ActivityThread: Service com.firebase.jobdispatcher.GooglePlayReceiver has leaked ServiceConnection auq@1933967 that was originally bound here
10-20 11:49:12.140  7602  7602 E ActivityThread: android.app.ServiceConnectionLeaked: Service com.firebase.jobdispatcher.GooglePlayReceiver has leaked ServiceConnection auq@1933967 that was originally bound here
10-20 11:49:12.140  7602  7602 E ActivityThread: 	at android.app.LoadedApk$ServiceDispatcher.<init>(LoadedApk.java:1771)
10-20 11:49:12.140  7602  7602 E ActivityThread: 	at android.app.LoadedApk.getServiceDispatcher(LoadedApk.java:1663)
10-20 11:49:12.140  7602  7602 E ActivityThread: 	at android.app.ContextImpl.bindServiceCommon(ContextImpl.java:1713)
10-20 11:49:12.140  7602  7602 E ActivityThread: 	at android.app.ContextImpl.bindService(ContextImpl.java:1666)
10-20 11:49:12.140  7602  7602 E ActivityThread: 	at android.content.ContextWrapper.bindService(ContextWrapper.java:709)
10-20 11:49:12.140  7602  7602 E ActivityThread: 	at aub.a(Unknown Source:18)
10-20 11:49:12.140  7602  7602 E ActivityThread: 	at aub.a(Unknown Source:169)
10-20 11:49:12.140  7602  7602 E ActivityThread: 	at auh.handleMessage(Unknown Source:116)
10-20 11:49:12.140  7602  7602 E ActivityThread: 	at android.os.Handler.dispatchMessage(Handler.java:106)
10-20 11:49:12.140  7602  7602 E ActivityThread: 	at android.os.Looper.loop(Looper.java:227)
10-20 11:49:12.140  7602  7602 E ActivityThread: 	at android.app.ActivityThread.main(ActivityThread.java:7200)
10-20 11:49:12.140  7602  7602 E ActivityThread: 	at java.lang.reflect.Method.invoke(Native Method)
10-20 11:49:12.140  7602  7602 E ActivityThread: 	at com.android.internal.os.RuntimeInit$MethodAndArgsCaller.run(RuntimeInit.java:575)
10-20 11:49:12.140  7602  7602 E ActivityThread: 	at com.android.internal.os.ZygoteInit.main(ZygoteInit.java:903)
10-20 11:49:12.302  1439  3970 I chatty  : uid=1000(system) Binder:1439_12 expire 1 line
10-20 11:49:12.357  1439  3945 I chatty  : uid=1000(system) Binder:1439_F expire 2 lines
10-20 11:49:13.051  1439  1587 I chatty  : uid=1000(system) BroadcastQueue expire 6 lines
10-20 11:49:19.580   711   735 I chatty  : uid=0(root) /system/bin/netd expire 20 lines
10-20 11:49:30.384  1439  2614 I chatty  : uid=1000(system) watchdog expire 11 lines
10-20 11:49:34.715  1439  3000 I chatty  : uid=1000(system) Binder:1439_A expire 1 line
10-20 11:49:34.792  1439  4123 I chatty  : uid=1000(system) Binder:1439_16 expire 1 line
10-20 11:49:34.837  1439  2839 I chatty  : uid=1000(system) Binder:1439_8 expire 19 lines
10-20 11:49:51.525 19706 19795 E ActivityThread: Failed to find provider info for ocloudgallery
10-20 11:49:52.328  1439  1585 I chatty  : uid=1000(system) android.ui expire 16 lines
10-20 11:49:54.392   711   735 I chatty  : uid=0(root) /system/bin/netd expire 36 lines
10-20 11:50:12.918  1439 12510 I chatty  : uid=1000(system) Binder:1439_1E expire 9 lines
10-20 11:50:16.543  1190  1340 I chatty  : uid=0(root) /system/bin/storaged expire 8 lines
10-20 11:51:03.149 22215 22215 W FingerprintManager: Invalid acquired message: 6, 3
10-20 11:51:03.155  1439  5661 I chatty  : uid=1000(system) Binder:1439_19 expire 13 lines
10-20 11:51:03.157  1439  3945 I chatty  : uid=1000(system) Binder:1439_F expire 14 lines
10-20 11:51:03.172  1439  1669 I chatty  : uid=1000(system) android.display expire 18 lines
10-20 11:51:03.173  1439  1690 I chatty  : uid=1000(system) PowerManagerSer expire 17 lines
10-20 11:51:03.615  1439  1439 I chatty  : uid=1000 system_server expire 14 lines
10-20 11:51:04.010   711   735 I chatty  : uid=0(root) /system/bin/netd expire 136 lines
10-20 11:51:05.660  1439  2834 I chatty  : uid=1000(system) Binder:1439_7 expire 10 lines
10-20 11:51:12.168  1439  3000 I chatty  : uid=1000(system) Binder:1439_A expire 10 lines
10-20 11:53:40.580  1439 20166 I chatty  : uid=1000 system_server expire 1 line
10-20 11:54:15.280  1439  4104 I chatty  : uid=1000(system) Binder:1439_13 expire 2 lines
10-20 11:54:15.281  1439  4120 I chatty  : uid=1000(system) Binder:1439_15 expire 13 lines
10-20 11:54:15.281  1439  2165 I chatty  : uid=1000(system) ConnectivitySer expire 2 lines
10-20 11:54:15.419  1439  1655 I chatty  : uid=1000(system) batterystats-wo expire 2 lines
10-20 11:54:15.751  1439  1589 I chatty  : uid=1000(system) ActivityManager expire 4 lines
10-20 11:54:16.523  1439  5822 I chatty  : uid=1000(system) Binder:1439_1C expire 1 line
10-20 11:54:48.602  1439  1584 I chatty  : uid=1000(system) ActivityManager expire 3 lines
10-20 11:55:00.423  1439  2614 I chatty  : uid=1000(system) watchdog expire 6 lines
10-20 11:57:21.917 22215 22215 W FingerprintManager: Invalid acquired message: 6, 3
10-20 11:57:21.925  1439  4123 I chatty  : uid=1000(system) Binder:1439_16 expire 15 lines
10-20 11:57:21.939  1439  2105 I chatty  : uid=1000(system) InputReader expire 26 lines
10-20 11:57:21.939  1439  2226 I chatty  : uid=1000(system) aceService.Main expire 4 lines
10-20 11:57:21.940  1439  1667 I chatty  : uid=1000(system) android.fg expire 14 lines
10-20 11:57:22.373  1439 13360 I chatty  : uid=1000(system) Binder:1439_20 expire 17 lines
10-20 11:57:22.654  1439  2072 I chatty  : uid=1000(system) PhoneWinHandler expire 1 line
10-20 11:57:26.613  1439  2839 I chatty  : uid=1000(system) Binder:1439_8 expire 30 lines
10-20 11:57:26.651 22215 22279 D MotorManager: upMotorBySystemApp
10-20 11:57:26.651 22215 22279 D MotorManager: call service upMotorBySystemApp
10-20 11:57:26.673  1439  2545 I chatty  : uid=1000(system) HwBinder:1439_3 expire 3 lines
10-20 11:57:26.759  1439  2210 I chatty  : uid=1000(system) MotorManagerSoc expire 10 lines
10-20 11:57:26.760  1439  2209 I chatty  : uid=1000(system) MotorManager expire 21 lines
10-20 11:57:27.299 22215 22279 W FingerprintManager: resetTimeout, packageName = com.android.systemui
10-20 11:57:27.309 22215 22279 D MotorManager: downMotorBySystemApp
10-20 11:57:27.309 22215 22279 D MotorManager: call service downMotorBySystemApp
10-20 11:57:27.402 22215 22215 W FingerprintManager: resetTimeout, packageName = com.android.systemui
10-20 11:57:27.445  1439  3945 I chatty  : uid=1000(system) Binder:1439_F expire 29 lines
10-20 11:57:27.536  1439  1439 I chatty  : uid=1000 system_server expire 17 lines
10-20 11:57:27.561  1439  1587 I chatty  : uid=1000(system) BroadcastQueue expire 6 lines
10-20 11:57:27.566  1439  3000 I chatty  : uid=1000(system) Binder:1439_A expire 51 lines
10-20 11:57:27.613  1439  1582 I chatty  : uid=1000(system) android.bg expire 12 lines
10-20 11:57:27.713  1439  5665 I chatty  : uid=1000(system) Binder:1439_1B expire 39 lines
10-20 11:57:28.512  1439  1990 I chatty  : uid=1000(system) android.anim expire 16 lines
10-20 11:57:34.398  3209  3209 D ViewRootImpl: Swipe From Side Rotation 0 mIgnoring true downX 45 downY 709 mScreenHeight 2340 mScreenWidth 1080 mStatusBarHeight 54 globalScale 1.3235294
10-20 11:57:34.557  1439  3379 I chatty  : uid=1000(system) Binder:1439_C expire 11 lines
10-20 11:57:34.881  7602  7602 E ActivityThread: Service com.firebase.jobdispatcher.GooglePlayReceiver has leaked ServiceConnection auq@4a3540 that was originally bound here
10-20 11:57:34.881  7602  7602 E ActivityThread: android.app.ServiceConnectionLeaked: Service com.firebase.jobdispatcher.GooglePlayReceiver has leaked ServiceConnection auq@4a3540 that was originally bound here
10-20 11:57:34.881  7602  7602 E ActivityThread: 	at android.app.LoadedApk$ServiceDispatcher.<init>(LoadedApk.java:1771)
10-20 11:57:34.881  7602  7602 E ActivityThread: 	at android.app.LoadedApk.getServiceDispatcher(LoadedApk.java:1663)
10-20 11:57:34.881  7602  7602 E ActivityThread: 	at android.app.ContextImpl.bindServiceCommon(ContextImpl.java:1713)
10-20 11:57:34.881  7602  7602 E ActivityThread: 	at android.app.ContextImpl.bindService(ContextImpl.java:1666)
10-20 11:57:34.881  7602  7602 E ActivityThread: 	at android.content.ContextWrapper.bindService(ContextWrapper.java:709)
10-20 11:57:34.881  7602  7602 E ActivityThread: 	at aub.a(Unknown Source:18)
10-20 11:57:34.881  7602  7602 E ActivityThread: 	at aub.a(Unknown Source:169)
10-20 11:57:34.881  7602  7602 E ActivityThread: 	at auh.handleMessage(Unknown Source:116)
10-20 11:57:34.881  7602  7602 E ActivityThread: 	at android.os.Handler.dispatchMessage(Handler.java:106)
10-20 11:57:34.881  7602  7602 E ActivityThread: 	at android.os.Looper.loop(Looper.java:227)
10-20 11:57:34.881  7602  7602 E ActivityThread: 	at android.app.ActivityThread.main(ActivityThread.java:7200)
10-20 11:57:34.881  7602  7602 E ActivityThread: 	at java.lang.reflect.Method.invoke(Native Method)
10-20 11:57:34.881  7602  7602 E ActivityThread: 	at com.android.internal.os.RuntimeInit$MethodAndArgsCaller.run(RuntimeInit.java:575)
10-20 11:57:34.881  7602  7602 E ActivityThread: 	at com.android.internal.os.ZygoteInit.main(ZygoteInit.java:903)
10-20 11:57:37.568  1439  1585 I chatty  : uid=1000(system) android.ui expire 16 lines
10-20 11:57:37.570  3209  3209 D ViewRootImpl: Swipe From Side Rotation 0 mIgnoring true downX 49 downY 767 mScreenHeight 2340 mScreenWidth 1080 mStatusBarHeight 54 globalScale 1.3235294
10-20 11:57:42.827  1439  1690 I chatty  : uid=1000(system) PowerManagerSer expire 30 lines
10-20 11:57:43.079  1439  3946 I chatty  : uid=1000(system) Binder:1439_10 expire 15 lines
10-20 11:57:43.333  1439  4123 I chatty  : uid=1000(system) Binder:1439_16 expire 7 lines
10-20 11:57:43.838 22215 22215 W FingerprintManager: Invalid acquired message: 6, 3
10-20 11:57:46.343  1439  3130 I chatty  : uid=1000(system) Binder:1439_B expire 3 lines
10-20 11:57:50.037   711   735 I chatty  : uid=0(root) /system/bin/netd expire 24 lines
10-20 11:58:00.446  1439  2614 I chatty  : uid=1000(system) watchdog expire 7 lines
10-20 11:58:15.021  1439  1655 I chatty  : uid=1000(system) batterystats-wo expire 1 line
10-20 11:58:15.089  1439 20965 I chatty  : uid=1000 system_server expire 1 line
10-20 11:58:16.560  1190  1340 I chatty  : uid=0(root) /system/bin/storaged expire 3 lines
10-20 11:58:26.032  1439  1690 I chatty  : uid=1000(system) PowerManagerSer expire 10 lines
10-20 11:58:28.815  1439 20998 I chatty  : uid=1000 system_server expire 1 line
10-20 11:58:49.145  1439  3000 I chatty  : uid=1000(system) Binder:1439_A expire 6 lines
