10-20 13:50:03.611   711   735 E NetlinkEvent: NetlinkEvent::FindParam(): Parameter 'INTERFACE' not found
10-20 13:50:03.611   711   735 E NetlinkEvent: NetlinkEvent::FindParam(): Parameter 'STATE' not found
10-20 13:50:03.611   711   735 E NetlinkEvent: NetlinkEvent::FindParam(): Parameter 'TIME_NS' not found
10-20 13:50:03.611   711   735 E NetlinkEvent: NetlinkEvent::FindParam(): Parameter 'UID' not found
10-20 13:50:09.497   711   735 E NetlinkEvent: NetlinkEvent::FindParam(): Parameter 'INTERFACE' not found
10-20 13:50:09.497   711   735 E NetlinkEvent: NetlinkEvent::FindParam(): Parameter 'STATE' not found
10-20 13:50:09.497   711   735 E NetlinkEvent: NetlinkEvent::FindParam(): Parameter 'TIME_NS' not found
10-20 13:50:09.497   711   735 E NetlinkEvent: NetlinkEvent::FindParam(): Parameter 'UID' not found
10-20 13:50:15.379   711   735 E NetlinkEvent: NetlinkEvent::FindParam(): Parameter 'INTERFACE' not found
10-20 13:50:15.379   711   735 E NetlinkEvent: NetlinkEvent::FindParam(): Parameter 'STATE' not found
10-20 13:50:15.379   711   735 E NetlinkEvent: NetlinkEvent::FindParam(): Parameter 'TIME_NS' not found
10-20 13:50:15.379   711   735 E NetlinkEvent: NetlinkEvent::FindParam(): Parameter 'UID' not found
10-20 13:50:17.211  1190  1340 E storaged: getDiskStats failed with result NOT_SUPPORTED and size 0
10-20 13:50:17.357  1439  6704 I chatty  : uid=1000 system_server expire 1 line
10-20 13:50:21.272   711   735 E NetlinkEvent: NetlinkEvent::FindParam(): Parameter 'INTERFACE' not found
10-20 13:50:21.272   711   735 E NetlinkEvent: NetlinkEvent::FindParam(): Parameter 'STATE' not found
10-20 13:50:21.272   711   735 E NetlinkEvent: NetlinkEvent::FindParam(): Parameter 'TIME_NS' not found
10-20 13:50:21.272   711   735 E NetlinkEvent: NetlinkEvent::FindParam(): Parameter 'UID' not found
10-20 13:50:27.142   711   735 E NetlinkEvent: NetlinkEvent::FindParam(): Parameter 'INTERFACE' not found
10-20 13:50:27.143   711   735 E NetlinkEvent: NetlinkEvent::FindParam(): Parameter 'STATE' not found
10-20 13:50:27.143   711   735 E NetlinkEvent: NetlinkEvent::FindParam(): Parameter 'TIME_NS' not found
10-20 13:50:27.143   711   735 E NetlinkEvent: NetlinkEvent::FindParam(): Parameter 'UID' not found
10-20 13:50:33.042  1439  6738 I chatty  : uid=1000 system_server expire 1 line
10-20 13:50:33.044  1439  6739 I chatty  : uid=1000 system_server expire 1 line
10-20 13:50:37.595   711   735 E NetlinkEvent: NetlinkEvent::FindParam(): Parameter 'INTERFACE' not found
10-20 13:50:37.595   711   735 E NetlinkEvent: NetlinkEvent::FindParam(): Parameter 'STATE' not found
10-20 13:50:37.595   711   735 E NetlinkEvent: NetlinkEvent::FindParam(): Parameter 'TIME_NS' not found
10-20 13:50:37.595   711   735 E NetlinkEvent: NetlinkEvent::FindParam(): Parameter 'UID' not found
10-20 13:50:53.529   711   735 E NetlinkEvent: NetlinkEvent::FindParam(): Parameter 'INTERFACE' not found
10-20 13:50:53.529   711   735 E NetlinkEvent: NetlinkEvent::FindParam(): Parameter 'STATE' not found
10-20 13:50:53.529   711   735 E NetlinkEvent: NetlinkEvent::FindParam(): Parameter 'TIME_NS' not found
10-20 13:50:53.529   711   735 E NetlinkEvent: NetlinkEvent::FindParam(): Parameter 'UID' not found
10-20 13:50:55.033   711   735 E NetlinkEvent: NetlinkEvent::FindParam(): Parameter 'INTERFACE' not found
10-20 13:50:55.033   711   735 E NetlinkEvent: NetlinkEvent::FindParam(): Parameter 'STATE' not found
10-20 13:50:55.033   711   735 E NetlinkEvent: NetlinkEvent::FindParam(): Parameter 'TIME_NS' not found
10-20 13:50:55.033   711   735 E NetlinkEvent: NetlinkEvent::FindParam(): Parameter 'UID' not found
10-20 13:50:55.155  1439  1690 I chatty  : uid=1000(system) PowerManagerSer expire 35 lines
10-20 13:50:55.157  1439  1439 I chatty  : uid=1000 system_server expire 10 lines
10-20 13:50:55.536  1439  1582 I chatty  : uid=1000(system) android.bg expire 14 lines
10-20 13:50:55.997  1439  1990 I chatty  : uid=1000(system) android.anim expire 12 lines
10-20 13:50:56.045  1439  2594 I chatty  : uid=1000(system) Binder:1439_6 expire 11 lines
10-20 13:50:56.370  1439 13358 I chatty  : uid=1000(system) Binder:1439_1F expire 40 lines
10-20 13:50:56.839 22215 22215 W FingerprintManager: Invalid acquired message: 6, 3
10-20 13:51:03.246   711   735 E NetlinkEvent: NetlinkEvent::FindParam(): Parameter 'INTERFACE' not found
10-20 13:51:03.246   711   735 E NetlinkEvent: NetlinkEvent::FindParam(): Parameter 'STATE' not found
10-20 13:51:03.246   711   735 E NetlinkEvent: NetlinkEvent::FindParam(): Parameter 'TIME_NS' not found
10-20 13:51:03.246   711   735 E NetlinkEvent: NetlinkEvent::FindParam(): Parameter 'UID' not found
10-20 13:51:09.170   711   735 E NetlinkEvent: NetlinkEvent::FindParam(): Parameter 'INTERFACE' not found
10-20 13:51:09.171   711   735 E NetlinkEvent: NetlinkEvent::FindParam(): Parameter 'STATE' not found
10-20 13:51:09.171   711   735 E NetlinkEvent: NetlinkEvent::FindParam(): Parameter 'TIME_NS' not found
10-20 13:51:09.171   711   735 E NetlinkEvent: NetlinkEvent::FindParam(): Parameter 'UID' not found
10-20 13:51:15.049   711   735 E NetlinkEvent: NetlinkEvent::FindParam(): Parameter 'INTERFACE' not found
10-20 13:51:15.049   711   735 E NetlinkEvent: NetlinkEvent::FindParam(): Parameter 'STATE' not found
10-20 13:51:15.049   711   735 E NetlinkEvent: NetlinkEvent::FindParam(): Parameter 'TIME_NS' not found
10-20 13:51:15.049   711   735 E NetlinkEvent: NetlinkEvent::FindParam(): Parameter 'UID' not found
10-20 13:51:17.213  1190  1340 E storaged: getDiskStats failed with result NOT_SUPPORTED and size 0
10-20 13:51:20.938   711   735 E NetlinkEvent: NetlinkEvent::FindParam(): Parameter 'INTERFACE' not found
10-20 13:51:20.938   711   735 E NetlinkEvent: NetlinkEvent::FindParam(): Parameter 'STATE' not found
10-20 13:51:20.939   711   735 E NetlinkEvent: NetlinkEvent::FindParam(): Parameter 'TIME_NS' not found
10-20 13:51:20.939   711   735 E NetlinkEvent: NetlinkEvent::FindParam(): Parameter 'UID' not found
10-20 13:51:42.421   711   735 E NetlinkEvent: NetlinkEvent::FindParam(): Parameter 'INTERFACE' not found
10-20 13:51:42.421   711   735 E NetlinkEvent: NetlinkEvent::FindParam(): Parameter 'STATE' not found
10-20 13:51:42.421   711   735 E NetlinkEvent: NetlinkEvent::FindParam(): Parameter 'TIME_NS' not found
10-20 13:51:42.421   711   735 E NetlinkEvent: NetlinkEvent::FindParam(): Parameter 'UID' not found
10-20 13:51:48.331   711   735 E NetlinkEvent: NetlinkEvent::FindParam(): Parameter 'INTERFACE' not found
10-20 13:51:48.331   711   735 E NetlinkEvent: NetlinkEvent::FindParam(): Parameter 'STATE' not found
10-20 13:51:48.331   711   735 E NetlinkEvent: NetlinkEvent::FindParam(): Parameter 'TIME_NS' not found
10-20 13:51:48.331   711   735 E NetlinkEvent: NetlinkEvent::FindParam(): Parameter 'UID' not found
10-20 13:51:54.217   711   735 E NetlinkEvent: NetlinkEvent::FindParam(): Parameter 'INTERFACE' not found
10-20 13:51:54.217   711   735 E NetlinkEvent: NetlinkEvent::FindParam(): Parameter 'STATE' not found
10-20 13:51:54.217   711   735 E NetlinkEvent: NetlinkEvent::FindParam(): Parameter 'TIME_NS' not found
10-20 13:51:54.217   711   735 E NetlinkEvent: NetlinkEvent::FindParam(): Parameter 'UID' not found
10-20 13:52:00.110   711   735 E NetlinkEvent: NetlinkEvent::FindParam(): Parameter 'INTERFACE' not found
10-20 13:52:00.110   711   735 E NetlinkEvent: NetlinkEvent::FindParam(): Parameter 'STATE' not found
10-20 13:52:00.110   711   735 E NetlinkEvent: NetlinkEvent::FindParam(): Parameter 'TIME_NS' not found
10-20 13:52:00.110   711   735 E NetlinkEvent: NetlinkEvent::FindParam(): Parameter 'UID' not found
10-20 13:52:01.858   711   735 E NetlinkEvent: NetlinkEvent::FindParam(): Parameter 'INTERFACE' not found
10-20 13:52:01.858   711   735 E NetlinkEvent: NetlinkEvent::FindParam(): Parameter 'STATE' not found
10-20 13:52:01.858   711   735 E NetlinkEvent: NetlinkEvent::FindParam(): Parameter 'TIME_NS' not found
10-20 13:52:01.858   711   735 E NetlinkEvent: NetlinkEvent::FindParam(): Parameter 'UID' not found
10-20 13:52:07.782   711   735 E NetlinkEvent: NetlinkEvent::FindParam(): Parameter 'INTERFACE' not found
10-20 13:52:07.782   711   735 E NetlinkEvent: NetlinkEvent::FindParam(): Parameter 'STATE' not found
10-20 13:52:07.782   711   735 E NetlinkEvent: NetlinkEvent::FindParam(): Parameter 'TIME_NS' not found
10-20 13:52:07.782   711   735 E NetlinkEvent: NetlinkEvent::FindParam(): Parameter 'UID' not found
10-20 13:52:17.216  1190  1340 E storaged: getDiskStats failed with result NOT_SUPPORTED and size 0
10-20 13:52:17.315 22215 22215 W FingerprintManager: Invalid acquired message: 6, 3
10-20 13:52:17.343  1439  1690 I chatty  : uid=1000(system) PowerManagerSer expire 12 lines
10-20 13:52:17.777  1439  1439 I chatty  : uid=1000 system_server expire 66 lines
10-20 13:52:23.014  1439  1473 I chatty  : uid=1000(system) Binder:1439_1 expire 3 lines
10-20 13:52:29.291   711   735 E NetlinkEvent: NetlinkEvent::FindParam(): Parameter 'INTERFACE' not found
10-20 13:52:29.291   711   735 E NetlinkEvent: NetlinkEvent::FindParam(): Parameter 'STATE' not found
10-20 13:52:29.291   711   735 E NetlinkEvent: NetlinkEvent::FindParam(): Parameter 'TIME_NS' not found
10-20 13:52:29.291   711   735 E NetlinkEvent: NetlinkEvent::FindParam(): Parameter 'UID' not found
10-20 13:52:35.172   711   735 E NetlinkEvent: NetlinkEvent::FindParam(): Parameter 'INTERFACE' not found
10-20 13:52:35.172   711   735 E NetlinkEvent: NetlinkEvent::FindParam(): Parameter 'STATE' not found
10-20 13:52:35.172   711   735 E NetlinkEvent: NetlinkEvent::FindParam(): Parameter 'TIME_NS' not found
10-20 13:52:35.172   711   735 E NetlinkEvent: NetlinkEvent::FindParam(): Parameter 'UID' not found
10-20 13:52:41.060   711   735 E NetlinkEvent: NetlinkEvent::FindParam(): Parameter 'INTERFACE' not found
10-20 13:52:41.060   711   735 E NetlinkEvent: NetlinkEvent::FindParam(): Parameter 'STATE' not found
10-20 13:52:41.060   711   735 E NetlinkEvent: NetlinkEvent::FindParam(): Parameter 'TIME_NS' not found
10-20 13:52:41.061   711   735 E NetlinkEvent: NetlinkEvent::FindParam(): Parameter 'UID' not found
10-20 13:52:46.943   711   735 E NetlinkEvent: NetlinkEvent::FindParam(): Parameter 'INTERFACE' not found
10-20 13:52:46.943   711   735 E NetlinkEvent: NetlinkEvent::FindParam(): Parameter 'STATE' not found
10-20 13:52:46.943   711   735 E NetlinkEvent: NetlinkEvent::FindParam(): Parameter 'TIME_NS' not found
10-20 13:52:46.943   711   735 E NetlinkEvent: NetlinkEvent::FindParam(): Parameter 'UID' not found
10-20 13:52:52.837   711   735 E NetlinkEvent: NetlinkEvent::FindParam(): Parameter 'INTERFACE' not found
10-20 13:52:52.837   711   735 E NetlinkEvent: NetlinkEvent::FindParam(): Parameter 'STATE' not found
10-20 13:52:52.837   711   735 E NetlinkEvent: NetlinkEvent::FindParam(): Parameter 'TIME_NS' not found
10-20 13:52:52.837   711   735 E NetlinkEvent: NetlinkEvent::FindParam(): Parameter 'UID' not found
10-20 13:53:17.219  1190  1340 E storaged: getDiskStats failed with result NOT_SUPPORTED and size 0
10-20 13:53:23.641 22215 22215 W FingerprintManager: Invalid acquired message: 6, 3
10-20 13:53:23.680  1439  1669 I chatty  : uid=1000(system) android.display expire 21 lines
10-20 13:53:26.286  7602  7602 E ActivityThread: Service com.firebase.jobdispatcher.GooglePlayReceiver has leaked ServiceConnection auq@bf13825 that was originally bound here
10-20 13:53:26.286  7602  7602 E ActivityThread: android.app.ServiceConnectionLeaked: Service com.firebase.jobdispatcher.GooglePlayReceiver has leaked ServiceConnection auq@bf13825 that was originally bound here
10-20 13:53:26.286  7602  7602 E ActivityThread: 	at android.app.LoadedApk$ServiceDispatcher.<init>(LoadedApk.java:1771)
10-20 13:53:26.286  7602  7602 E ActivityThread: 	at android.app.LoadedApk.getServiceDispatcher(LoadedApk.java:1663)
10-20 13:53:26.286  7602  7602 E ActivityThread: 	at android.app.ContextImpl.bindServiceCommon(ContextImpl.java:1713)
10-20 13:53:26.286  7602  7602 E ActivityThread: 	at android.app.ContextImpl.bindService(ContextImpl.java:1666)
10-20 13:53:26.286  7602  7602 E ActivityThread: 	at android.content.ContextWrapper.bindService(ContextWrapper.java:709)
10-20 13:53:26.286  7602  7602 E ActivityThread: 	at aub.a(Unknown Source:18)
10-20 13:53:26.286  7602  7602 E ActivityThread: 	at aub.a(Unknown Source:169)
10-20 13:53:26.286  7602  7602 E ActivityThread: 	at auh.handleMessage(Unknown Source:116)
10-20 13:53:26.286  7602  7602 E ActivityThread: 	at android.os.Handler.dispatchMessage(Handler.java:106)
10-20 13:53:26.286  7602  7602 E ActivityThread: 	at android.os.Looper.loop(Looper.java:227)
10-20 13:53:26.286  7602  7602 E ActivityThread: 	at android.app.ActivityThread.main(ActivityThread.java:7200)
10-20 13:53:26.286  7602  7602 E ActivityThread: 	at java.lang.reflect.Method.invoke(Native Method)
10-20 13:53:26.286  7602  7602 E ActivityThread: 	at com.android.internal.os.RuntimeInit$MethodAndArgsCaller.run(RuntimeInit.java:575)
10-20 13:53:26.286  7602  7602 E ActivityThread: 	at com.android.internal.os.ZygoteInit.main(ZygoteInit.java:903)
10-20 13:53:26.922  7065  7116 E ActivityThread: Failed to find provider info for com.facebook.appmanager.nekodirect
10-20 13:53:28.025  1439  2858 I chatty  : uid=1000(system) Binder:1439_9 expire 11 lines
10-20 13:53:28.030  1439  1690 I chatty  : uid=1000(system) PowerManagerSer expire 11 lines
10-20 13:53:36.022  3169  3193 V ActivityThread: scheduleRegisteredReceiver receiver= android.app.LoadedApk$ReceiverDispatcher$InnerReceiver@3bb4ea1 intent= Intent { act=com.google.android.c2dm.intent.RECEIVE flg=0x1080010 pkg=cris.org.in.prs.ima (has extras) } ordered= false sticky = false
10-20 13:53:36.023  3169  3169 I ActivityThread: Dispatching broadcast com.google.android.c2dm.intent.RECEIVE to com.google.android.gms.gcm.DataMessageManager$BroadcastDoneReceiver@a3bb8c6
10-20 13:54:07.747 31359 31372 V ActivityThread: scheduleReceiver info = ActivityInfo{816fa62 com.google.firebase.iid.FirebaseInstanceIdReceiver} intent = Intent { act=com.google.android.c2dm.intent.RECEIVE flg=0x1080010 pkg=in.startv.hotstar cmp=in.startv.hotstar/com.google.firebase.iid.FirebaseInstanceIdReceiver (has extras) } sync = true hasCode = 177350092
10-20 13:54:07.783  3169  3193 V ActivityThread: scheduleRegisteredReceiver receiver= android.app.LoadedApk$ReceiverDispatcher$InnerReceiver@f6c7d02 intent= Intent { act=com.google.android.c2dm.intent.RECEIVE flg=0x1080010 pkg=in.startv.hotstar (has extras) } ordered= false sticky = false
10-20 13:54:07.784  3169  3169 I ActivityThread: Dispatching broadcast com.google.android.c2dm.intent.RECEIVE to com.google.android.gms.gcm.DataMessageManager$BroadcastDoneReceiver@d40613
10-20 13:54:08.121   711   735 E NetlinkEvent: NetlinkEvent::FindParam(): Parameter 'INTERFACE' not found
10-20 13:54:08.121   711   735 E NetlinkEvent: NetlinkEvent::FindParam(): Parameter 'STATE' not found
10-20 13:54:08.121   711   735 E NetlinkEvent: NetlinkEvent::FindParam(): Parameter 'TIME_NS' not found
10-20 13:54:08.121   711   735 E NetlinkEvent: NetlinkEvent::FindParam(): Parameter 'UID' not found
10-20 13:54:09.031   711   735 E NetlinkEvent: NetlinkEvent::FindParam(): Parameter 'INTERFACE' not found
10-20 13:54:09.031   711   735 E NetlinkEvent: NetlinkEvent::FindParam(): Parameter 'STATE' not found
10-20 13:54:09.031   711   735 E NetlinkEvent: NetlinkEvent::FindParam(): Parameter 'TIME_NS' not found
10-20 13:54:09.031   711   735 E NetlinkEvent: NetlinkEvent::FindParam(): Parameter 'UID' not found
10-20 13:54:17.221  1190  1340 E storaged: getDiskStats failed with result NOT_SUPPORTED and size 0
10-20 13:54:25.010   711   735 E NetlinkEvent: NetlinkEvent::FindParam(): Parameter 'INTERFACE' not found
10-20 13:54:25.010   711   735 E NetlinkEvent: NetlinkEvent::FindParam(): Parameter 'STATE' not found
10-20 13:54:25.010   711   735 E NetlinkEvent: NetlinkEvent::FindParam(): Parameter 'TIME_NS' not found
10-20 13:54:25.010   711   735 E NetlinkEvent: NetlinkEvent::FindParam(): Parameter 'UID' not found
10-20 13:54:30.887   711   735 E NetlinkEvent: NetlinkEvent::FindParam(): Parameter 'INTERFACE' not found
10-20 13:54:30.887   711   735 E NetlinkEvent: NetlinkEvent::FindParam(): Parameter 'STATE' not found
10-20 13:54:30.887   711   735 E NetlinkEvent: NetlinkEvent::FindParam(): Parameter 'TIME_NS' not found
10-20 13:54:30.887   711   735 E NetlinkEvent: NetlinkEvent::FindParam(): Parameter 'UID' not found
10-20 13:54:31.142 22215 22215 W FingerprintManager: Invalid acquired message: 6, 3
10-20 13:54:36.751   711   735 E NetlinkEvent: NetlinkEvent::FindParam(): Parameter 'INTERFACE' not found
10-20 13:54:36.752   711   735 E NetlinkEvent: NetlinkEvent::FindParam(): Parameter 'STATE' not found
10-20 13:54:36.752   711   735 E NetlinkEvent: NetlinkEvent::FindParam(): Parameter 'TIME_NS' not found
10-20 13:54:36.752   711   735 E NetlinkEvent: NetlinkEvent::FindParam(): Parameter 'UID' not found
10-20 13:54:37.013  1439  4125 I chatty  : uid=1000(system) Binder:1439_17 expire 26 lines
10-20 13:54:42.670   711   735 E NetlinkEvent: NetlinkEvent::FindParam(): Parameter 'INTERFACE' not found
10-20 13:54:42.670   711   735 E NetlinkEvent: NetlinkEvent::FindParam(): Parameter 'STATE' not found
10-20 13:54:42.670   711   735 E NetlinkEvent: NetlinkEvent::FindParam(): Parameter 'TIME_NS' not found
10-20 13:54:42.670   711   735 E NetlinkEvent: NetlinkEvent::FindParam(): Parameter 'UID' not found
10-20 13:54:48.550   711   735 E NetlinkEvent: NetlinkEvent::FindParam(): Parameter 'INTERFACE' not found
10-20 13:54:48.550   711   735 E NetlinkEvent: NetlinkEvent::FindParam(): Parameter 'STATE' not found
10-20 13:54:48.550   711   735 E NetlinkEvent: NetlinkEvent::FindParam(): Parameter 'TIME_NS' not found
10-20 13:54:48.550   711   735 E NetlinkEvent: NetlinkEvent::FindParam(): Parameter 'UID' not found
10-20 13:55:10.059   711   735 E NetlinkEvent: NetlinkEvent::FindParam(): Parameter 'INTERFACE' not found
10-20 13:55:10.059   711   735 E NetlinkEvent: NetlinkEvent::FindParam(): Parameter 'STATE' not found
10-20 13:55:10.059   711   735 E NetlinkEvent: NetlinkEvent::FindParam(): Parameter 'TIME_NS' not found
10-20 13:55:10.059   711   735 E NetlinkEvent: NetlinkEvent::FindParam(): Parameter 'UID' not found
10-20 13:55:15.950   711   735 E NetlinkEvent: NetlinkEvent::FindParam(): Parameter 'INTERFACE' not found
10-20 13:55:15.950   711   735 E NetlinkEvent: NetlinkEvent::FindParam(): Parameter 'STATE' not found
10-20 13:55:15.950   711   735 E NetlinkEvent: NetlinkEvent::FindParam(): Parameter 'TIME_NS' not found
10-20 13:55:15.950   711   735 E NetlinkEvent: NetlinkEvent::FindParam(): Parameter 'UID' not found
10-20 13:55:17.223  1190  1340 E storaged: getDiskStats failed with result NOT_SUPPORTED and size 0
10-20 13:55:23.620   711   735 E NetlinkEvent: NetlinkEvent::FindParam(): Parameter 'INTERFACE' not found
10-20 13:55:23.620   711   735 E NetlinkEvent: NetlinkEvent::FindParam(): Parameter 'STATE' not found
10-20 13:55:23.620   711   735 E NetlinkEvent: NetlinkEvent::FindParam(): Parameter 'TIME_NS' not found
10-20 13:55:23.620   711   735 E NetlinkEvent: NetlinkEvent::FindParam(): Parameter 'UID' not found
10-20 13:55:29.511   711   735 E NetlinkEvent: NetlinkEvent::FindParam(): Parameter 'INTERFACE' not found
10-20 13:55:29.511   711   735 E NetlinkEvent: NetlinkEvent::FindParam(): Parameter 'STATE' not found
10-20 13:55:29.511   711   735 E NetlinkEvent: NetlinkEvent::FindParam(): Parameter 'TIME_NS' not found
10-20 13:55:29.511   711   735 E NetlinkEvent: NetlinkEvent::FindParam(): Parameter 'UID' not found
10-20 13:55:35.407   711   735 E NetlinkEvent: NetlinkEvent::FindParam(): Parameter 'INTERFACE' not found
10-20 13:55:35.407   711   735 E NetlinkEvent: NetlinkEvent::FindParam(): Parameter 'STATE' not found
10-20 13:55:35.407   711   735 E NetlinkEvent: NetlinkEvent::FindParam(): Parameter 'TIME_NS' not found
10-20 13:55:35.407   711   735 E NetlinkEvent: NetlinkEvent::FindParam(): Parameter 'UID' not found
10-20 13:55:50.189   711   735 E NetlinkEvent: NetlinkEvent::FindParam(): Parameter 'INTERFACE' not found
10-20 13:55:50.189   711   735 E NetlinkEvent: NetlinkEvent::FindParam(): Parameter 'STATE' not found
10-20 13:55:50.189   711   735 E NetlinkEvent: NetlinkEvent::FindParam(): Parameter 'TIME_NS' not found
10-20 13:55:50.189   711   735 E NetlinkEvent: NetlinkEvent::FindParam(): Parameter 'UID' not found
10-20 13:55:56.625  1439  1475 I chatty  : uid=1000(system) Binder:1439_2 expire 11 lines
10-20 13:56:01.253  1439  2614 I chatty  : uid=1000(system) watchdog expire 9 lines
10-20 13:56:06.063   711   735 E NetlinkEvent: NetlinkEvent::FindParam(): Parameter 'INTERFACE' not found
10-20 13:56:06.063   711   735 E NetlinkEvent: NetlinkEvent::FindParam(): Parameter 'STATE' not found
10-20 13:56:06.063   711   735 E NetlinkEvent: NetlinkEvent::FindParam(): Parameter 'TIME_NS' not found
10-20 13:56:06.063   711   735 E NetlinkEvent: NetlinkEvent::FindParam(): Parameter 'UID' not found
10-20 13:56:11.948   711   735 E NetlinkEvent: NetlinkEvent::FindParam(): Parameter 'INTERFACE' not found
10-20 13:56:11.948   711   735 E NetlinkEvent: NetlinkEvent::FindParam(): Parameter 'STATE' not found
10-20 13:56:11.948   711   735 E NetlinkEvent: NetlinkEvent::FindParam(): Parameter 'TIME_NS' not found
10-20 13:56:11.948   711   735 E NetlinkEvent: NetlinkEvent::FindParam(): Parameter 'UID' not found
10-20 13:56:12.504  7329  7413 E ActivityThread: Failed to find provider info for ocloudgallery
10-20 13:56:17.225  1190  1340 E storaged: getDiskStats failed with result NOT_SUPPORTED and size 0
10-20 13:56:17.891   711   735 E NetlinkEvent: NetlinkEvent::FindParam(): Parameter 'INTERFACE' not found
10-20 13:56:17.891   711   735 E NetlinkEvent: NetlinkEvent::FindParam(): Parameter 'STATE' not found
10-20 13:56:17.891   711   735 E NetlinkEvent: NetlinkEvent::FindParam(): Parameter 'TIME_NS' not found
10-20 13:56:17.891   711   735 E NetlinkEvent: NetlinkEvent::FindParam(): Parameter 'UID' not found
10-20 13:56:23.785   711   735 E NetlinkEvent: NetlinkEvent::FindParam(): Parameter 'INTERFACE' not found
10-20 13:56:23.785   711   735 E NetlinkEvent: NetlinkEvent::FindParam(): Parameter 'STATE' not found
10-20 13:56:23.785   711   735 E NetlinkEvent: NetlinkEvent::FindParam(): Parameter 'TIME_NS' not found
10-20 13:56:23.785   711   735 E NetlinkEvent: NetlinkEvent::FindParam(): Parameter 'UID' not found
10-20 13:56:29.673   711   735 E NetlinkEvent: NetlinkEvent::FindParam(): Parameter 'INTERFACE' not found
10-20 13:56:29.673   711   735 E NetlinkEvent: NetlinkEvent::FindParam(): Parameter 'STATE' not found
10-20 13:56:29.673   711   735 E NetlinkEvent: NetlinkEvent::FindParam(): Parameter 'TIME_NS' not found
10-20 13:56:29.673   711   735 E NetlinkEvent: NetlinkEvent::FindParam(): Parameter 'UID' not found
10-20 13:57:05.767   711   735 E NetlinkEvent: NetlinkEvent::FindParam(): Parameter 'INTERFACE' not found
10-20 13:57:05.767   711   735 E NetlinkEvent: NetlinkEvent::FindParam(): Parameter 'STATE' not found
10-20 13:57:05.767   711   735 E NetlinkEvent: NetlinkEvent::FindParam(): Parameter 'TIME_NS' not found
10-20 13:57:05.767   711   735 E NetlinkEvent: NetlinkEvent::FindParam(): Parameter 'UID' not found
10-20 13:57:17.228  1190  1340 E storaged: getDiskStats failed with result NOT_SUPPORTED and size 0
10-20 13:57:21.645   711   735 E NetlinkEvent: NetlinkEvent::FindParam(): Parameter 'INTERFACE' not found
10-20 13:57:21.645   711   735 E NetlinkEvent: NetlinkEvent::FindParam(): Parameter 'STATE' not found
10-20 13:57:21.645   711   735 E NetlinkEvent: NetlinkEvent::FindParam(): Parameter 'TIME_NS' not found
10-20 13:57:21.645   711   735 E NetlinkEvent: NetlinkEvent::FindParam(): Parameter 'UID' not found
10-20 13:57:27.512   711   735 E NetlinkEvent: NetlinkEvent::FindParam(): Parameter 'INTERFACE' not found
10-20 13:57:27.512   711   735 E NetlinkEvent: NetlinkEvent::FindParam(): Parameter 'STATE' not found
10-20 13:57:27.512   711   735 E NetlinkEvent: NetlinkEvent::FindParam(): Parameter 'TIME_NS' not found
10-20 13:57:27.512   711   735 E NetlinkEvent: NetlinkEvent::FindParam(): Parameter 'UID' not found
10-20 13:57:28.426   711   735 E NetlinkEvent: NetlinkEvent::FindParam(): Parameter 'INTERFACE' not found
10-20 13:57:28.426   711   735 E NetlinkEvent: NetlinkEvent::FindParam(): Parameter 'STATE' not found
10-20 13:57:28.426   711   735 E NetlinkEvent: NetlinkEvent::FindParam(): Parameter 'TIME_NS' not found
10-20 13:57:28.426   711   735 E NetlinkEvent: NetlinkEvent::FindParam(): Parameter 'UID' not found
10-20 13:57:34.448   711   735 E NetlinkEvent: NetlinkEvent::FindParam(): Parameter 'INTERFACE' not found
10-20 13:57:34.448   711   735 E NetlinkEvent: NetlinkEvent::FindParam(): Parameter 'STATE' not found
10-20 13:57:34.448   711   735 E NetlinkEvent: NetlinkEvent::FindParam(): Parameter 'TIME_NS' not found
10-20 13:57:34.448   711   735 E NetlinkEvent: NetlinkEvent::FindParam(): Parameter 'UID' not found
10-20 13:57:40.318   711   735 E NetlinkEvent: NetlinkEvent::FindParam(): Parameter 'INTERFACE' not found
10-20 13:57:40.318   711   735 E NetlinkEvent: NetlinkEvent::FindParam(): Parameter 'STATE' not found
10-20 13:57:40.318   711   735 E NetlinkEvent: NetlinkEvent::FindParam(): Parameter 'TIME_NS' not found
10-20 13:57:40.318   711   735 E NetlinkEvent: NetlinkEvent::FindParam(): Parameter 'UID' not found
10-20 13:57:46.211   711   735 E NetlinkEvent: NetlinkEvent::FindParam(): Parameter 'INTERFACE' not found
10-20 13:57:46.211   711   735 E NetlinkEvent: NetlinkEvent::FindParam(): Parameter 'STATE' not found
10-20 13:57:46.211   711   735 E NetlinkEvent: NetlinkEvent::FindParam(): Parameter 'TIME_NS' not found
10-20 13:57:46.211   711   735 E NetlinkEvent: NetlinkEvent::FindParam(): Parameter 'UID' not found
10-20 13:57:54.761  1439  1667 I chatty  : uid=1000(system) android.fg expire 10 lines
10-20 13:57:54.807  1439  1690 I chatty  : uid=1000(system) PowerManagerSer expire 28 lines
10-20 13:57:55.034 22215 22215 W FingerprintManager: Invalid acquired message: 6, 3
10-20 13:57:55.323  1439  1589 I chatty  : uid=1000(system) ActivityManager expire 16 lines
10-20 13:58:05.329  1439  2834 I chatty  : uid=1000(system) Binder:1439_7 expire 5 lines
10-20 13:58:05.834  1439  3000 I chatty  : uid=1000(system) Binder:1439_A expire 10 lines
10-20 13:58:07.679  1439  3379 I chatty  : uid=1000(system) Binder:1439_C expire 7 lines
10-20 13:58:17.231  1190  1340 E storaged: getDiskStats failed with result NOT_SUPPORTED and size 0
10-20 13:58:22.040   711   735 E NetlinkEvent: NetlinkEvent::FindParam(): Parameter 'INTERFACE' not found
10-20 13:58:22.041   711   735 E NetlinkEvent: NetlinkEvent::FindParam(): Parameter 'STATE' not found
10-20 13:58:22.041   711   735 E NetlinkEvent: NetlinkEvent::FindParam(): Parameter 'TIME_NS' not found
10-20 13:58:22.041   711   735 E NetlinkEvent: NetlinkEvent::FindParam(): Parameter 'UID' not found
10-20 13:58:27.918   711   735 E NetlinkEvent: NetlinkEvent::FindParam(): Parameter 'INTERFACE' not found
10-20 13:58:27.919   711   735 E NetlinkEvent: NetlinkEvent::FindParam(): Parameter 'STATE' not found
10-20 13:58:27.919   711   735 E NetlinkEvent: NetlinkEvent::FindParam(): Parameter 'TIME_NS' not found
10-20 13:58:27.919   711   735 E NetlinkEvent: NetlinkEvent::FindParam(): Parameter 'UID' not found
10-20 13:58:33.822   711   735 E NetlinkEvent: NetlinkEvent::FindParam(): Parameter 'INTERFACE' not found
10-20 13:58:33.822   711   735 E NetlinkEvent: NetlinkEvent::FindParam(): Parameter 'STATE' not found
10-20 13:58:33.822   711   735 E NetlinkEvent: NetlinkEvent::FindParam(): Parameter 'TIME_NS' not found
10-20 13:58:33.822   711   735 E NetlinkEvent: NetlinkEvent::FindParam(): Parameter 'UID' not found
10-20 13:58:39.716   711   735 E NetlinkEvent: NetlinkEvent::FindParam(): Parameter 'INTERFACE' not found
10-20 13:58:39.716   711   735 E NetlinkEvent: NetlinkEvent::FindParam(): Parameter 'STATE' not found
10-20 13:58:39.716   711   735 E NetlinkEvent: NetlinkEvent::FindParam(): Parameter 'TIME_NS' not found
10-20 13:58:39.716   711   735 E NetlinkEvent: NetlinkEvent::FindParam(): Parameter 'UID' not found
10-20 13:58:45.611   711   735 E NetlinkEvent: NetlinkEvent::FindParam(): Parameter 'INTERFACE' not found
10-20 13:58:45.611   711   735 E NetlinkEvent: NetlinkEvent::FindParam(): Parameter 'STATE' not found
10-20 13:58:45.611   711   735 E NetlinkEvent: NetlinkEvent::FindParam(): Parameter 'TIME_NS' not found
10-20 13:58:45.611   711   735 E NetlinkEvent: NetlinkEvent::FindParam(): Parameter 'UID' not found
10-20 13:59:14.009 22215 22215 W FingerprintManager: Invalid acquired message: 6, 3
10-20 13:59:14.036  1439  1690 I chatty  : uid=1000(system) PowerManagerSer expire 10 lines
10-20 13:59:14.490  1439  1439 I chatty  : uid=1000 system_server expire 13 lines
10-20 13:59:16.005  1439  4120 I chatty  : uid=1000(system) Binder:1439_15 expire 3 lines
10-20 13:59:17.233  1190  1340 E storaged: getDiskStats failed with result NOT_SUPPORTED and size 0
10-20 13:59:17.576 22215 22215 W FingerprintManager: resetTimeout, packageName = com.android.systemui
10-20 13:59:17.654 22215 22215 W FingerprintManager: resetTimeout, packageName = com.android.systemui
10-20 13:59:17.662  1439  4104 I chatty  : uid=1000(system) Binder:1439_13 expire 22 lines
10-20 13:59:17.772  1439 13358 I chatty  : uid=1000(system) Binder:1439_1F expire 7 lines
10-20 13:59:17.884  1439  3000 I chatty  : uid=1000(system) Binder:1439_A expire 7 lines
10-20 13:59:18.072   711   735 E NetlinkEvent: NetlinkEvent::FindParam(): Parameter 'INTERFACE' not found
10-20 13:59:18.072   711   735 E NetlinkEvent: NetlinkEvent::FindParam(): Parameter 'STATE' not found
10-20 13:59:18.072   711   735 E NetlinkEvent: NetlinkEvent::FindParam(): Parameter 'TIME_NS' not found
10-20 13:59:18.072   711   735 E NetlinkEvent: NetlinkEvent::FindParam(): Parameter 'UID' not found
10-20 13:59:19.618  1439  3130 I chatty  : uid=1000(system) Binder:1439_B expire 11 lines
10-20 13:59:19.909  1439  1585 I chatty  : uid=1000(system) android.ui expire 10 lines
10-20 13:59:19.909  2774  2774 D ViewRootImpl: Swipe From Bottom Rotation 0 mIgnoring true downY 2331 mScreenHeight 2340 mStatusBarHeight 54 globalScale 1.3235294
10-20 13:59:20.866  1439  1990 I chatty  : uid=1000(system) android.anim expire 30 lines
10-20 13:59:20.911  1439  1991 I chatty  : uid=1000(system) android.anim.lf expire 42 lines
10-20 13:59:21.302  1439  3945 I chatty  : uid=1000(system) Binder:1439_F expire 5 lines
10-20 13:59:21.582  1439  1669 I chatty  : uid=1000(system) android.display expire 6 lines
10-20 13:59:22.645 21881 21881 D ViewRootImpl: Swipe From Side Rotation 0 mIgnoring true downX 46 downY 1147 mScreenHeight 2340 mScreenWidth 1080 mStatusBarHeight 54 globalScale 1.3235294
10-20 13:59:32.781  1439  1584 I chatty  : uid=1000(system) ActivityManager expire 10 lines
10-20 13:59:36.568  1439  4111 I chatty  : uid=1000(system) Binder:1439_14 expire 10 lines
10-20 13:59:36.790   711   735 E NetlinkEvent: NetlinkEvent::FindParam(): Parameter 'INTERFACE' not found
10-20 13:59:36.790   711   735 E NetlinkEvent: NetlinkEvent::FindParam(): Parameter 'STATE' not found
10-20 13:59:36.790   711   735 E NetlinkEvent: NetlinkEvent::FindParam(): Parameter 'TIME_NS' not found
10-20 13:59:36.790   711   735 E NetlinkEvent: NetlinkEvent::FindParam(): Parameter 'UID' not found
10-20 13:59:37.679   711   735 E NetlinkEvent: NetlinkEvent::FindParam(): Parameter 'INTERFACE' not found
10-20 13:59:37.679   711   735 E NetlinkEvent: NetlinkEvent::FindParam(): Parameter 'STATE' not found
10-20 13:59:37.679   711   735 E NetlinkEvent: NetlinkEvent::FindParam(): Parameter 'TIME_NS' not found
10-20 13:59:37.679   711   735 E NetlinkEvent: NetlinkEvent::FindParam(): Parameter 'UID' not found
10-20 13:59:40.753  1439 16699 I chatty  : uid=1000(system) UsbDebuggingMan expire 1 line
10-20 13:59:40.753  1439  1667 I chatty  : uid=1000(system) android.fg expire 3 lines
10-20 13:59:40.894  1439  1990 I chatty  : uid=1000(system) android.anim expire 15 lines
10-20 13:59:40.941  1439  4125 I chatty  : uid=1000(system) Binder:1439_17 expire 5 lines
10-20 13:59:43.639   711   735 E NetlinkEvent: NetlinkEvent::FindParam(): Parameter 'INTERFACE' not found
10-20 13:59:43.639   711   735 E NetlinkEvent: NetlinkEvent::FindParam(): Parameter 'STATE' not found
10-20 13:59:43.639   711   735 E NetlinkEvent: NetlinkEvent::FindParam(): Parameter 'TIME_NS' not found
10-20 13:59:43.639   711   735 E NetlinkEvent: NetlinkEvent::FindParam(): Parameter 'UID' not found
10-20 13:59:43.752  1439  1991 I chatty  : uid=1000(system) android.anim.lf expire 24 lines
10-20 13:59:48.447  1439  1974 I chatty  : uid=1000(system) PackageInstalle expire 2 lines
10-20 13:59:49.004  1439  1585 I chatty  : uid=1000(system) android.ui expire 35 lines
10-20 13:59:49.261  1439  2839 I chatty  : uid=1000(system) Binder:1439_8 expire 1 line
10-20 13:59:49.273  1439  1713 I chatty  : uid=1000(system) PackageManager expire 33 lines
10-20 13:59:49.528   711   735 E NetlinkEvent: NetlinkEvent::FindParam(): Parameter 'INTERFACE' not found
10-20 13:59:49.528   711   735 E NetlinkEvent: NetlinkEvent::FindParam(): Parameter 'STATE' not found
10-20 13:59:49.528   711   735 E NetlinkEvent: NetlinkEvent::FindParam(): Parameter 'TIME_NS' not found
10-20 13:59:49.528   711   735 E NetlinkEvent: NetlinkEvent::FindParam(): Parameter 'UID' not found
10-20 13:59:51.269  1439  1587 I chatty  : uid=1000(system) BroadcastQueue expire 61 lines
10-20 13:59:51.419  1439  1584 I chatty  : uid=1000(system) ActivityManager expire 5 lines
10-20 13:59:51.484  1439  2594 I chatty  : uid=1000(system) Binder:1439_6 expire 10 lines
10-20 13:59:51.964  1439  1439 I chatty  : uid=1000 system_server expire 8 lines
10-20 13:59:52.039  1439  3970 I chatty  : uid=1000(system) Binder:1439_12 expire 2 lines
10-20 13:59:52.153  1439  3381 I chatty  : uid=1000(system) Binder:1439_E expire 11 lines
10-20 13:59:52.416  1439  1582 I chatty  : uid=1000(system) android.bg expire 1 line
10-20 13:59:52.497  1439  4111 I chatty  : uid=1000(system) Binder:1439_14 expire 10 lines
10-20 13:59:54.754  1439  3912 I chatty  : uid=1000(system) backup expire 2 lines
10-20 13:59:55.468  1439  4104 I chatty  : uid=1000(system) Binder:1439_13 expire 6 lines
10-20 14:00:05.421   711   735 E NetlinkEvent: NetlinkEvent::FindParam(): Parameter 'INTERFACE' not found
10-20 14:00:05.421   711   735 E NetlinkEvent: NetlinkEvent::FindParam(): Parameter 'STATE' not found
10-20 14:00:05.421   711   735 E NetlinkEvent: NetlinkEvent::FindParam(): Parameter 'TIME_NS' not found
10-20 14:00:05.421   711   735 E NetlinkEvent: NetlinkEvent::FindParam(): Parameter 'UID' not found
10-20 14:00:11.312   711   735 E NetlinkEvent: NetlinkEvent::FindParam(): Parameter 'INTERFACE' not found
10-20 14:00:11.312   711   735 E NetlinkEvent: NetlinkEvent::FindParam(): Parameter 'STATE' not found
10-20 14:00:11.312   711   735 E NetlinkEvent: NetlinkEvent::FindParam(): Parameter 'TIME_NS' not found
10-20 14:00:11.312   711   735 E NetlinkEvent: NetlinkEvent::FindParam(): Parameter 'UID' not found
10-20 14:00:13.167  1439  1589 I chatty  : uid=1000(system) ActivityManager expire 5 lines
10-20 14:00:13.245  1439  1991 I chatty  : uid=1000(system) android.anim.lf expire 89 lines
10-20 14:00:13.551  8595  8595 E AndroidRuntime: FATAL EXCEPTION: main
10-20 14:00:13.551  8595  8595 E AndroidRuntime: Process: com.google.mediapipe.apps.edgedetectiongpu, PID: 8595
10-20 14:00:13.551  8595  8595 E AndroidRuntime: java.lang.RuntimeException: Unable to start activity ComponentInfo{com.google.mediapipe.apps.edgedetectiongpu/com.google.mediapipe.apps.edgedetectiongpu.MainActivity}: java.lang.NullPointerException: Attempt to get length of null array
10-20 14:00:13.551  8595  8595 E AndroidRuntime: 	at android.app.ActivityThread.performLaunchActivity(ActivityThread.java:3138)
10-20 14:00:13.551  8595  8595 E AndroidRuntime: 	at android.app.ActivityThread.handleLaunchActivity(ActivityThread.java:3289)
10-20 14:00:13.551  8595  8595 E AndroidRuntime: 	at android.app.servertransaction.LaunchActivityItem.execute(LaunchActivityItem.java:78)
10-20 14:00:13.551  8595  8595 E AndroidRuntime: 	at android.app.servertransaction.TransactionExecutor.executeCallbacks(TransactionExecutor.java:108)
10-20 14:00:13.551  8595  8595 E AndroidRuntime: 	at android.app.servertransaction.TransactionExecutor.execute(TransactionExecutor.java:68)
10-20 14:00:13.551  8595  8595 E AndroidRuntime: 	at android.app.ActivityThread$H.handleMessage(ActivityThread.java:2012)
10-20 14:00:13.551  8595  8595 E AndroidRuntime: 	at android.os.Handler.dispatchMessage(Handler.java:106)
10-20 14:00:13.551  8595  8595 E AndroidRuntime: 	at android.os.Looper.loop(Looper.java:227)
10-20 14:00:13.551  8595  8595 E AndroidRuntime: 	at android.app.ActivityThread.main(ActivityThread.java:7200)
10-20 14:00:13.551  8595  8595 E AndroidRuntime: 	at java.lang.reflect.Method.invoke(Native Method)
10-20 14:00:13.551  8595  8595 E AndroidRuntime: 	at com.android.internal.os.RuntimeInit$MethodAndArgsCaller.run(RuntimeInit.java:575)
10-20 14:00:13.551  8595  8595 E AndroidRuntime: 	at com.android.internal.os.ZygoteInit.main(ZygoteInit.java:903)
10-20 14:00:13.551  8595  8595 E AndroidRuntime: Caused by: java.lang.NullPointerException: Attempt to get length of null array
10-20 14:00:13.551  8595  8595 E AndroidRuntime: 	at com.google.mediapipe.apps.edgedetectiongpu.MainActivity.onCreate(MainActivity.java:141)
10-20 14:00:13.551  8595  8595 E AndroidRuntime: 	at android.app.Activity.performCreate(Activity.java:7315)
10-20 14:00:13.551  8595  8595 E AndroidRuntime: 	at android.app.Activity.performCreate(Activity.java:7306)
10-20 14:00:13.551  8595  8595 E AndroidRuntime: 	at android.app.Instrumentation.callActivityOnCreate(Instrumentation.java:1272)
10-20 14:00:13.551  8595  8595 E AndroidRuntime: 	at android.app.ActivityThread.performLaunchActivity(ActivityThread.java:3118)
10-20 14:00:13.551  8595  8595 E AndroidRuntime: 	... 11 more
10-20 14:00:13.593  1439  8633 I chatty  : uid=1000 system_server expire 6 lines
10-20 14:00:14.988  1439  1587 I chatty  : uid=1000(system) BroadcastQueue expire 8 lines
10-20 14:00:17.170   711   735 E NetlinkEvent: NetlinkEvent::FindParam(): Parameter 'INTERFACE' not found
10-20 14:00:17.170   711   735 E NetlinkEvent: NetlinkEvent::FindParam(): Parameter 'STATE' not found
10-20 14:00:17.170   711   735 E NetlinkEvent: NetlinkEvent::FindParam(): Parameter 'TIME_NS' not found
10-20 14:00:17.170   711   735 E NetlinkEvent: NetlinkEvent::FindParam(): Parameter 'UID' not found
10-20 14:00:17.233  1190  1340 E storaged: getDiskStats failed with result NOT_SUPPORTED and size 0
10-20 14:00:17.405  1439  3960 I chatty  : uid=1000(system) Binder:1439_11 expire 2 lines
10-20 14:00:17.443  1439  2209 I chatty  : uid=1000(system) MotorManager expire 7 lines
10-20 14:00:17.455  1439  1990 I chatty  : uid=1000(system) android.anim expire 13 lines
10-20 14:00:17.801  8682  8682 E AndroidRuntime: FATAL EXCEPTION: main
10-20 14:00:17.801  8682  8682 E AndroidRuntime: Process: com.google.mediapipe.apps.edgedetectiongpu, PID: 8682
10-20 14:00:17.801  8682  8682 E AndroidRuntime: java.lang.RuntimeException: Unable to start activity ComponentInfo{com.google.mediapipe.apps.edgedetectiongpu/com.google.mediapipe.apps.edgedetectiongpu.MainActivity}: java.lang.NullPointerException: Attempt to get length of null array
10-20 14:00:17.801  8682  8682 E AndroidRuntime: 	at android.app.ActivityThread.performLaunchActivity(ActivityThread.java:3138)
10-20 14:00:17.801  8682  8682 E AndroidRuntime: 	at android.app.ActivityThread.handleLaunchActivity(ActivityThread.java:3289)
10-20 14:00:17.801  8682  8682 E AndroidRuntime: 	at android.app.servertransaction.LaunchActivityItem.execute(LaunchActivityItem.java:78)
10-20 14:00:17.801  8682  8682 E AndroidRuntime: 	at android.app.servertransaction.TransactionExecutor.executeCallbacks(TransactionExecutor.java:108)
10-20 14:00:17.801  8682  8682 E AndroidRuntime: 	at android.app.servertransaction.TransactionExecutor.execute(TransactionExecutor.java:68)
10-20 14:00:17.801  8682  8682 E AndroidRuntime: 	at android.app.ActivityThread$H.handleMessage(ActivityThread.java:2012)
10-20 14:00:17.801  8682  8682 E AndroidRuntime: 	at android.os.Handler.dispatchMessage(Handler.java:106)
10-20 14:00:17.801  8682  8682 E AndroidRuntime: 	at android.os.Looper.loop(Looper.java:227)
10-20 14:00:17.801  8682  8682 E AndroidRuntime: 	at android.app.ActivityThread.main(ActivityThread.java:7200)
10-20 14:00:17.801  8682  8682 E AndroidRuntime: 	at java.lang.reflect.Method.invoke(Native Method)
10-20 14:00:17.801  8682  8682 E AndroidRuntime: 	at com.android.internal.os.RuntimeInit$MethodAndArgsCaller.run(RuntimeInit.java:575)
10-20 14:00:17.801  8682  8682 E AndroidRuntime: 	at com.android.internal.os.ZygoteInit.main(ZygoteInit.java:903)
10-20 14:00:17.801  8682  8682 E AndroidRuntime: Caused by: java.lang.NullPointerException: Attempt to get length of null array
10-20 14:00:17.801  8682  8682 E AndroidRuntime: 	at com.google.mediapipe.apps.edgedetectiongpu.MainActivity.onCreate(MainActivity.java:141)
10-20 14:00:17.801  8682  8682 E AndroidRuntime: 	at android.app.Activity.performCreate(Activity.java:7315)
10-20 14:00:17.801  8682  8682 E AndroidRuntime: 	at android.app.Activity.performCreate(Activity.java:7306)
10-20 14:00:17.801  8682  8682 E AndroidRuntime: 	at android.app.Instrumentation.callActivityOnCreate(Instrumentation.java:1272)
10-20 14:00:17.801  8682  8682 E AndroidRuntime: 	at android.app.ActivityThread.performLaunchActivity(ActivityThread.java:3118)
10-20 14:00:17.801  8682  8682 E AndroidRuntime: 	... 11 more
10-20 14:00:17.804  1439  8702 I chatty  : uid=1000 system_server expire 6 lines
10-20 14:00:17.840  1439  5822 I chatty  : uid=1000(system) Binder:1439_1C expire 10 lines
10-20 14:00:19.119  8722  8722 E AndroidRuntime: FATAL EXCEPTION: main
10-20 14:00:19.119  8722  8722 E AndroidRuntime: Process: com.google.mediapipe.apps.edgedetectiongpu, PID: 8722
10-20 14:00:19.119  8722  8722 E AndroidRuntime: java.lang.RuntimeException: Unable to start activity ComponentInfo{com.google.mediapipe.apps.edgedetectiongpu/com.google.mediapipe.apps.edgedetectiongpu.MainActivity}: java.lang.NullPointerException: Attempt to get length of null array
10-20 14:00:19.119  8722  8722 E AndroidRuntime: 	at android.app.ActivityThread.performLaunchActivity(ActivityThread.java:3138)
10-20 14:00:19.119  8722  8722 E AndroidRuntime: 	at android.app.ActivityThread.handleLaunchActivity(ActivityThread.java:3289)
10-20 14:00:19.119  8722  8722 E AndroidRuntime: 	at android.app.servertransaction.LaunchActivityItem.execute(LaunchActivityItem.java:78)
10-20 14:00:19.119  8722  8722 E AndroidRuntime: 	at android.app.servertransaction.TransactionExecutor.executeCallbacks(TransactionExecutor.java:108)
10-20 14:00:19.119  8722  8722 E AndroidRuntime: 	at android.app.servertransaction.TransactionExecutor.execute(TransactionExecutor.java:68)
10-20 14:00:19.119  8722  8722 E AndroidRuntime: 	at android.app.ActivityThread$H.handleMessage(ActivityThread.java:2012)
10-20 14:00:19.119  8722  8722 E AndroidRuntime: 	at android.os.Handler.dispatchMessage(Handler.java:106)
10-20 14:00:19.119  8722  8722 E AndroidRuntime: 	at android.os.Looper.loop(Looper.java:227)
10-20 14:00:19.119  8722  8722 E AndroidRuntime: 	at android.app.ActivityThread.main(ActivityThread.java:7200)
10-20 14:00:19.119  8722  8722 E AndroidRuntime: 	at java.lang.reflect.Method.invoke(Native Method)
10-20 14:00:19.119  8722  8722 E AndroidRuntime: 	at com.android.internal.os.RuntimeInit$MethodAndArgsCaller.run(RuntimeInit.java:575)
10-20 14:00:19.119  8722  8722 E AndroidRuntime: 	at com.android.internal.os.ZygoteInit.main(ZygoteInit.java:903)
10-20 14:00:19.119  8722  8722 E AndroidRuntime: Caused by: java.lang.NullPointerException: Attempt to get length of null array
10-20 14:00:19.119  8722  8722 E AndroidRuntime: 	at com.google.mediapipe.apps.edgedetectiongpu.MainActivity.onCreate(MainActivity.java:141)
10-20 14:00:19.119  8722  8722 E AndroidRuntime: 	at android.app.Activity.performCreate(Activity.java:7315)
10-20 14:00:19.119  8722  8722 E AndroidRuntime: 	at android.app.Activity.performCreate(Activity.java:7306)
10-20 14:00:19.119  8722  8722 E AndroidRuntime: 	at android.app.Instrumentation.callActivityOnCreate(Instrumentation.java:1272)
10-20 14:00:19.119  8722  8722 E AndroidRuntime: 	at android.app.ActivityThread.performLaunchActivity(ActivityThread.java:3118)
10-20 14:00:19.119  8722  8722 E AndroidRuntime: 	... 11 more
10-20 14:00:19.181  1439  2461 I chatty  : uid=1000(system) oppocrashclear expire 19 lines
10-20 14:00:19.187  1439  2594 I chatty  : uid=1000(system) Binder:1439_6 expire 6 lines
10-20 14:00:19.198  1439  8744 I chatty  : uid=1000 system_server expire 6 lines
10-20 14:00:19.277  1439  3380 I chatty  : uid=1000(system) Binder:1439_D expire 5 lines
10-20 14:00:21.607  8776  8776 E AndroidRuntime: FATAL EXCEPTION: main
10-20 14:00:21.607  8776  8776 E AndroidRuntime: Process: com.google.mediapipe.apps.edgedetectiongpu, PID: 8776
10-20 14:00:21.607  8776  8776 E AndroidRuntime: java.lang.RuntimeException: Unable to start activity ComponentInfo{com.google.mediapipe.apps.edgedetectiongpu/com.google.mediapipe.apps.edgedetectiongpu.MainActivity}: java.lang.NullPointerException: Attempt to get length of null array
10-20 14:00:21.607  8776  8776 E AndroidRuntime: 	at android.app.ActivityThread.performLaunchActivity(ActivityThread.java:3138)
10-20 14:00:21.607  8776  8776 E AndroidRuntime: 	at android.app.ActivityThread.handleLaunchActivity(ActivityThread.java:3289)
10-20 14:00:21.607  8776  8776 E AndroidRuntime: 	at android.app.servertransaction.LaunchActivityItem.execute(LaunchActivityItem.java:78)
10-20 14:00:21.607  8776  8776 E AndroidRuntime: 	at android.app.servertransaction.TransactionExecutor.executeCallbacks(TransactionExecutor.java:108)
10-20 14:00:21.607  8776  8776 E AndroidRuntime: 	at android.app.servertransaction.TransactionExecutor.execute(TransactionExecutor.java:68)
10-20 14:00:21.607  8776  8776 E AndroidRuntime: 	at android.app.ActivityThread$H.handleMessage(ActivityThread.java:2012)
10-20 14:00:21.607  8776  8776 E AndroidRuntime: 	at android.os.Handler.dispatchMessage(Handler.java:106)
10-20 14:00:21.607  8776  8776 E AndroidRuntime: 	at android.os.Looper.loop(Looper.java:227)
10-20 14:00:21.607  8776  8776 E AndroidRuntime: 	at android.app.ActivityThread.main(ActivityThread.java:7200)
10-20 14:00:21.607  8776  8776 E AndroidRuntime: 	at java.lang.reflect.Method.invoke(Native Method)
10-20 14:00:21.607  8776  8776 E AndroidRuntime: 	at com.android.internal.os.RuntimeInit$MethodAndArgsCaller.run(RuntimeInit.java:575)
10-20 14:00:21.607  8776  8776 E AndroidRuntime: 	at com.android.internal.os.ZygoteInit.main(ZygoteInit.java:903)
10-20 14:00:21.607  8776  8776 E AndroidRuntime: Caused by: java.lang.NullPointerException: Attempt to get length of null array
10-20 14:00:21.607  8776  8776 E AndroidRuntime: 	at com.google.mediapipe.apps.edgedetectiongpu.MainActivity.onCreate(MainActivity.java:141)
10-20 14:00:21.607  8776  8776 E AndroidRuntime: 	at android.app.Activity.performCreate(Activity.java:7315)
10-20 14:00:21.607  8776  8776 E AndroidRuntime: 	at android.app.Activity.performCreate(Activity.java:7306)
10-20 14:00:21.607  8776  8776 E AndroidRuntime: 	at android.app.Instrumentation.callActivityOnCreate(Instrumentation.java:1272)
10-20 14:00:21.607  8776  8776 E AndroidRuntime: 	at android.app.ActivityThread.performLaunchActivity(ActivityThread.java:3118)
10-20 14:00:21.607  8776  8776 E AndroidRuntime: 	... 11 more
10-20 14:00:21.614  1439  8797 I chatty  : uid=1000 system_server expire 6 lines
10-20 14:00:21.692  1439  3130 I chatty  : uid=1000(system) Binder:1439_B expire 7 lines
10-20 14:00:22.941  1439  2490 I chatty  : uid=1000(system) Binder:1439_5 expire 3 lines
10-20 14:00:23.067   711   735 E NetlinkEvent: NetlinkEvent::FindParam(): Parameter 'INTERFACE' not found
10-20 14:00:23.068   711   735 E NetlinkEvent: NetlinkEvent::FindParam(): Parameter 'STATE' not found
10-20 14:00:23.068   711   735 E NetlinkEvent: NetlinkEvent::FindParam(): Parameter 'TIME_NS' not found
10-20 14:00:23.068   711   735 E NetlinkEvent: NetlinkEvent::FindParam(): Parameter 'UID' not found
10-20 14:00:23.320  1439  1991 I chatty  : uid=1000(system) android.anim.lf expire 2 lines
10-20 14:00:23.341  8826  8826 E AndroidRuntime: FATAL EXCEPTION: main
10-20 14:00:23.341  8826  8826 E AndroidRuntime: Process: com.google.mediapipe.apps.edgedetectiongpu, PID: 8826
10-20 14:00:23.341  8826  8826 E AndroidRuntime: java.lang.RuntimeException: Unable to start activity ComponentInfo{com.google.mediapipe.apps.edgedetectiongpu/com.google.mediapipe.apps.edgedetectiongpu.MainActivity}: java.lang.NullPointerException: Attempt to get length of null array
10-20 14:00:23.341  8826  8826 E AndroidRuntime: 	at android.app.ActivityThread.performLaunchActivity(ActivityThread.java:3138)
10-20 14:00:23.341  8826  8826 E AndroidRuntime: 	at android.app.ActivityThread.handleLaunchActivity(ActivityThread.java:3289)
10-20 14:00:23.341  8826  8826 E AndroidRuntime: 	at android.app.servertransaction.LaunchActivityItem.execute(LaunchActivityItem.java:78)
10-20 14:00:23.341  8826  8826 E AndroidRuntime: 	at android.app.servertransaction.TransactionExecutor.executeCallbacks(TransactionExecutor.java:108)
10-20 14:00:23.341  8826  8826 E AndroidRuntime: 	at android.app.servertransaction.TransactionExecutor.execute(TransactionExecutor.java:68)
10-20 14:00:23.341  8826  8826 E AndroidRuntime: 	at android.app.ActivityThread$H.handleMessage(ActivityThread.java:2012)
10-20 14:00:23.341  8826  8826 E AndroidRuntime: 	at android.os.Handler.dispatchMessage(Handler.java:106)
