10-20 11:58:49.145  1439  2105 I chatty  : uid=1000(system) InputReader expire 14 lines
10-20 11:58:49.216  1439  1475 I chatty  : uid=1000(system) Binder:1439_2 expire 15 lines
10-20 11:58:49.226  1439 13358 I chatty  : uid=1000(system) Binder:1439_1F expire 26 lines
10-20 11:58:49.413  1439  2072 I chatty  : uid=1000(system) PhoneWinHandler expire 6 lines
10-20 11:58:49.483 22215 22215 W FingerprintManager: Invalid acquired message: 6, 3
10-20 11:58:50.394  1439  5661 I chatty  : uid=1000(system) Binder:1439_19 expire 1 line
10-20 11:58:50.404  1439  1669 I chatty  : uid=1000(system) android.display expire 10 lines
10-20 11:58:55.529  1439  1439 I chatty  : uid=1000 system_server expire 13 lines
10-20 11:58:55.719  1439  1690 I chatty  : uid=1000(system) PowerManagerSer expire 25 lines
10-20 11:58:56.043  1439 12510 I chatty  : uid=1000(system) Binder:1439_1E expire 10 lines
10-20 11:58:56.121  1439  2594 I chatty  : uid=1000(system) Binder:1439_6 expire 21 lines
10-20 11:58:56.204  1439  2839 I chatty  : uid=1000(system) Binder:1439_8 expire 9 lines
10-20 11:58:56.218  1439  3945 I chatty  : uid=1000(system) Binder:1439_F expire 3 lines
10-20 11:58:56.469  1439  2834 I chatty  : uid=1000(system) Binder:1439_7 expire 19 lines
10-20 11:59:04.404  1439  3130 I chatty  : uid=1000(system) Binder:1439_B expire 8 lines
10-20 11:59:12.739   711   735 I chatty  : uid=0(root) /system/bin/netd expire 40 lines
10-20 11:59:15.882  2422 21152 E ActivityThread: Failed to find provider info for com.facebook.mlite.sso.MessengerLoggedInUserProvider
10-20 11:59:17.250  1439  3379 I chatty  : uid=1000(system) Binder:1439_C expire 7 lines
10-20 11:59:17.373  1439  1667 I chatty  : uid=1000(system) android.fg expire 12 lines
10-20 11:59:17.751 22215 22215 W FingerprintManager: Invalid acquired message: 6, 3
10-20 11:59:17.860  1439  5665 I chatty  : uid=1000(system) Binder:1439_1B expire 14 lines
10-20 11:59:18.092  1439  1585 I chatty  : uid=1000(system) android.ui expire 11 lines
10-20 11:59:25.373  1439  1690 I chatty  : uid=1000(system) PowerManagerSer expire 30 lines
10-20 11:59:25.408  1439  1439 I chatty  : uid=1000 system_server expire 64 lines
10-20 11:59:27.373  1439  2226 I chatty  : uid=1000(system) aceService.Main expire 1 line
10-20 11:59:27.677  1439  1669 I chatty  : uid=1000(system) android.display expire 10 lines
10-20 11:59:27.956  1439  1589 I chatty  : uid=1000(system) ActivityManager expire 3 lines
10-20 11:59:28.296  1439  1582 I chatty  : uid=1000(system) android.bg expire 6 lines
10-20 11:59:28.559  1439  4111 I chatty  : uid=1000(system) Binder:1439_14 expire 10 lines
10-20 11:59:48.705  1439  1584 I chatty  : uid=1000(system) ActivityManager expire 1 line
10-20 12:00:54.371  1439  2490 I chatty  : uid=1000(system) Binder:1439_5 expire 1 line
10-20 12:00:54.522 22215 22215 W FingerprintManager: Invalid acquired message: 6, 3
10-20 12:01:00.009  1439  4111 I chatty  : uid=1000(system) Binder:1439_14 expire 9 lines
10-20 12:01:00.020 22215 22279 D MotorManager: upMotorBySystemApp
10-20 12:01:00.020 22215 22279 D MotorManager: call service upMotorBySystemApp
10-20 12:01:00.045  1439  2545 I chatty  : uid=1000(system) HwBinder:1439_3 expire 1 line
10-20 12:01:00.132  1439  2210 I chatty  : uid=1000(system) MotorManagerSoc expire 10 lines
10-20 12:01:00.134  1439  2209 I chatty  : uid=1000(system) MotorManager expire 20 lines
10-20 12:01:02.129  1439  2708 I chatty  : uid=1000(system) HwBinder:1439_4 expire 2 lines
10-20 12:01:02.131 22215 22215 W FingerprintManager: resetTimeout, packageName = com.android.systemui
10-20 12:01:02.186 22215 22215 W FingerprintManager: resetTimeout, packageName = com.android.systemui
10-20 12:01:02.236  1439  2858 I chatty  : uid=1000(system) Binder:1439_9 expire 3 lines
10-20 12:01:02.237 22215 22215 D MotorManager: downMotorBySystemApp
10-20 12:01:02.237 22215 22215 D MotorManager: call service downMotorBySystemApp
10-20 12:01:02.285  1439  5665 I chatty  : uid=1000(system) Binder:1439_1B expire 10 lines
10-20 12:01:02.469  1439  1587 I chatty  : uid=1000(system) BroadcastQueue expire 6 lines
10-20 12:01:02.594  1439  1439 I chatty  : uid=1000 system_server expire 6 lines
10-20 12:01:02.653  1439  2105 I chatty  : uid=1000(system) InputReader expire 13 lines
10-20 12:01:02.838  1439  3380 I chatty  : uid=1000(system) Binder:1439_D expire 1 line
10-20 12:01:02.877  1439 12510 I chatty  : uid=1000(system) Binder:1439_1E expire 4 lines
10-20 12:01:03.374  1439  1990 I chatty  : uid=1000(system) android.anim expire 32 lines
10-20 12:01:06.065  1439  1585 I chatty  : uid=1000(system) android.ui expire 17 lines
10-20 12:01:06.072 18217 18217 D ViewRootImpl: Swipe From Side Rotation 0 mIgnoring true downX 1051 downY 951 mScreenHeight 2340 mScreenWidth 1080 mStatusBarHeight 54 globalScale 1.3235294
10-20 12:01:06.848 20200 20354 V ActivityThread: scheduleReceiver info = ActivityInfo{ef5e16b com.google.firebase.iid.FirebaseInstanceIdReceiver} intent = Intent { act=com.google.android.c2dm.intent.RECEIVE flg=0x1080010 pkg=com.google.android.apps.nbu.paisa.user cmp=com.google.android.apps.nbu.paisa.user/com.google.firebase.iid.FirebaseInstanceIdReceiver (has extras) } sync = true hasCode = 29780654
10-20 12:01:06.884 20200 20218 V ActivityThread: scheduleReceiver info = ActivityInfo{5b77b12 com.google.android.libraries.notifications.entrypoints.gcm.GcmBroadcastReceiver} intent = Intent { act=com.google.android.c2dm.intent.RECEIVE flg=0x1080010 pkg=com.google.android.apps.nbu.paisa.user cmp=com.google.android.apps.nbu.paisa.user/com.google.android.libraries.notifications.entrypoints.gcm.GcmBroadcastReceiver (has extras) } sync = true hasCode = 204071521
10-20 12:01:07.223   711   735 I chatty  : uid=0(root) /system/bin/netd expire 32 lines
10-20 12:01:07.824 18217 18217 D ViewRootImpl: Swipe From Bottom Rotation 0 mIgnoring true downY 2318 mScreenHeight 2340 mStatusBarHeight 54 globalScale 1.3235294
10-20 12:01:08.083  1439  5665 I chatty  : uid=1000(system) Binder:1439_1B expire 6 lines
10-20 12:01:12.331  1439  2226 I chatty  : uid=1000(system) aceService.Main expire 5 lines
10-20 12:01:12.505  1439  1690 I chatty  : uid=1000(system) PowerManagerSer expire 71 lines
10-20 12:01:12.556  1439  1473 I chatty  : uid=1000(system) Binder:1439_1 expire 31 lines
10-20 12:01:12.576  1439  1475 I chatty  : uid=1000(system) Binder:1439_2 expire 12 lines
10-20 12:01:12.581  1439  2209 I chatty  : uid=1000(system) MotorManager expire 2 lines
10-20 12:01:12.621  1439  1990 I chatty  : uid=1000(system) android.anim expire 9 lines
10-20 12:01:12.653  1439  1439 I chatty  : uid=1000 system_server expire 103 lines
10-20 12:01:12.654  1439 13358 I chatty  : uid=1000(system) Binder:1439_1F expire 78 lines
10-20 12:01:12.671  1439  4104 I chatty  : uid=1000(system) Binder:1439_13 expire 2 lines
10-20 12:01:12.678  1439 12510 I chatty  : uid=1000(system) Binder:1439_1E expire 73 lines
10-20 12:01:12.683  1439 13360 I chatty  : uid=1000(system) Binder:1439_20 expire 29 lines
10-20 12:01:12.687  1439  6047 I chatty  : uid=1000(system) Binder:1439_1D expire 54 lines
10-20 12:01:12.697  1439  3380 I chatty  : uid=1000(system) Binder:1439_D expire 83 lines
10-20 12:01:12.704  1439  3130 I chatty  : uid=1000(system) Binder:1439_B expire 52 lines
10-20 12:01:12.936  1439  2072 I chatty  : uid=1000(system) PhoneWinHandler expire 4 lines
10-20 12:01:12.943  1439  1582 I chatty  : uid=1000(system) android.bg expire 16 lines
10-20 12:01:13.052 22215 22215 W FingerprintManager: Invalid acquired message: 6, 3
10-20 12:01:14.250  1439  1585 I chatty  : uid=1000(system) android.ui expire 10 lines
10-20 12:01:14.520  1439  1669 I chatty  : uid=1000(system) android.display expire 12 lines
10-20 12:01:14.676  3169  8987 V ActivityThread: scheduleRegisteredReceiver receiver= android.app.LoadedApk$ReceiverDispatcher$InnerReceiver@e9a1159 intent= Intent { act=com.google.android.c2dm.intent.RECEIVE flg=0x1080010 pkg=com.google.android.apps.nbu.paisa.user (has extras) } ordered= false sticky = false
10-20 12:01:14.676  3169  3169 I ActivityThread: Dispatching broadcast com.google.android.c2dm.intent.RECEIVE to com.google.android.gms.gcm.DataMessageManager$BroadcastDoneReceiver@cb8b11e
10-20 12:01:14.677 20200 20218 V ActivityThread: scheduleReceiver info = ActivityInfo{e75466c com.google.firebase.iid.FirebaseInstanceIdReceiver} intent = Intent { act=com.google.android.c2dm.intent.RECEIVE flg=0x1080010 pkg=com.google.android.apps.nbu.paisa.user cmp=com.google.android.apps.nbu.paisa.user/com.google.firebase.iid.FirebaseInstanceIdReceiver (has extras) } sync = true hasCode = 54604090
10-20 12:01:14.713 20200 20218 V ActivityThread: scheduleReceiver info = ActivityInfo{8cb0a31 com.google.android.libraries.notifications.entrypoints.gcm.GcmBroadcastReceiver} intent = Intent { act=com.google.android.c2dm.intent.RECEIVE flg=0x1080010 pkg=com.google.android.apps.nbu.paisa.user cmp=com.google.android.apps.nbu.paisa.user/com.google.android.libraries.notifications.entrypoints.gcm.GcmBroadcastReceiver (has extras) } sync = true hasCode = 142681862
10-20 12:01:14.757  3169  8987 V ActivityThread: scheduleRegisteredReceiver receiver= android.app.LoadedApk$ReceiverDispatcher$InnerReceiver@55b3b1b intent= Intent { act=com.google.android.c2dm.intent.RECEIVE flg=0x1080010 pkg=com.google.android.apps.nbu.paisa.user (has extras) } ordered= false sticky = false
10-20 12:01:14.757  3169  3169 I ActivityThread: Dispatching broadcast com.google.android.c2dm.intent.RECEIVE to com.google.android.gms.gcm.DataMessageManager$BroadcastDoneReceiver@5bc94b8
10-20 12:01:14.758 20200 20218 V ActivityThread: scheduleReceiver info = ActivityInfo{9926bf9 com.google.firebase.iid.FirebaseInstanceIdReceiver} intent = Intent { act=com.google.android.c2dm.intent.RECEIVE flg=0x1080010 pkg=com.google.android.apps.nbu.paisa.user cmp=com.google.android.apps.nbu.paisa.user/com.google.firebase.iid.FirebaseInstanceIdReceiver (has extras) } sync = true hasCode = 1750004
10-20 12:01:14.768  1439  1667 I chatty  : uid=1000(system) android.fg expire 10 lines
10-20 12:01:14.806  1439  2223 I chatty  : uid=1000(system) BackTouchSensor expire 1 line
10-20 12:01:14.821 20200 20218 V ActivityThread: scheduleReceiver info = ActivityInfo{ae3e823 com.google.android.libraries.notifications.entrypoints.gcm.GcmBroadcastReceiver} intent = Intent { act=com.google.android.c2dm.intent.RECEIVE flg=0x1080010 pkg=com.google.android.apps.nbu.paisa.user cmp=com.google.android.apps.nbu.paisa.user/com.google.android.libraries.notifications.entrypoints.gcm.GcmBroadcastReceiver (has extras) } sync = true hasCode = 13349201
10-20 12:01:14.830  1439  1589 I chatty  : uid=1000(system) ActivityManager expire 7 lines
10-20 12:01:14.869  3169  8987 V ActivityThread: scheduleRegisteredReceiver receiver= android.app.LoadedApk$ReceiverDispatcher$InnerReceiver@99924ef intent= Intent { act=com.google.android.c2dm.intent.RECEIVE flg=0x1080010 pkg=com.google.android.apps.nbu.paisa.user (has extras) } ordered= false sticky = false
10-20 12:01:14.869  3169  3169 I ActivityThread: Dispatching broadcast com.google.android.c2dm.intent.RECEIVE to com.google.android.gms.gcm.DataMessageManager$BroadcastDoneReceiver@f4fbbfc
10-20 12:01:14.882  1439  2858 I chatty  : uid=1000(system) Binder:1439_9 expire 1 line
10-20 12:01:16.570  1190  1340 I chatty  : uid=0(root) /system/bin/storaged expire 6 lines
10-20 12:01:17.024  1439  1655 I chatty  : uid=1000(system) batterystats-wo expire 1 line
10-20 12:01:17.090  1439 22026 I chatty  : uid=1000 system_server expire 1 line
10-20 12:01:25.780  1439  2594 I chatty  : uid=1000(system) Binder:1439_6 expire 5 lines
10-20 12:01:29.730  1439  2834 I chatty  : uid=1000(system) Binder:1439_7 expire 9 lines
10-20 12:01:30.470  1439  2614 I chatty  : uid=1000(system) watchdog expire 15 lines
10-20 12:02:34.259 22215 22215 W FingerprintManager: Invalid acquired message: 6, 3
10-20 12:02:34.293  1439  1690 I chatty  : uid=1000(system) PowerManagerSer expire 16 lines
10-20 12:02:34.742  1439  1439 I chatty  : uid=1000 system_server expire 61 lines
10-20 12:02:38.049   711   735 I chatty  : uid=0(root) /system/bin/netd expire 16 lines
10-20 12:02:38.468  1439 13360 I chatty  : uid=1000(system) Binder:1439_20 expire 11 lines
10-20 12:02:58.606  2422 22352 E ActivityThread: Failed to find provider info for com.facebook.mlite.sso.MessengerLoggedInUserProvider
10-20 12:02:59.525  1439  1669 I chatty  : uid=1000(system) android.display expire 9 lines
10-20 12:02:59.670 22215 22215 W FingerprintManager: Invalid acquired message: 6, 3
10-20 12:03:00.545  1439  3380 I chatty  : uid=1000(system) Binder:1439_D expire 5 lines
10-20 12:03:00.545  1439  1475 I chatty  : uid=1000(system) Binder:1439_2 expire 2 lines
10-20 12:03:00.546  1439  1585 I chatty  : uid=1000(system) android.ui expire 15 lines
10-20 12:03:07.403  1439  1690 I chatty  : uid=1000(system) PowerManagerSer expire 34 lines
10-20 12:03:08.522  1439  1582 I chatty  : uid=1000(system) android.bg expire 10 lines
10-20 12:03:08.583  1439  6047 I chatty  : uid=1000(system) Binder:1439_1D expire 1 line
10-20 12:03:09.948  1439  1667 I chatty  : uid=1000(system) android.fg expire 2 lines
10-20 12:03:10.022  1439  4111 I chatty  : uid=1000(system) Binder:1439_14 expire 3 lines
10-20 12:03:10.182  1439  3130 I chatty  : uid=1000(system) Binder:1439_B expire 2 lines
10-20 12:03:10.542  1439  2839 I chatty  : uid=1000(system) Binder:1439_8 expire 4 lines
10-20 12:03:19.238  1439  1473 I chatty  : uid=1000(system) Binder:1439_1 expire 3 lines
10-20 12:03:19.239  1439  2165 I chatty  : uid=1000(system) ConnectivitySer expire 1 line
10-20 12:03:19.976  1439  3960 I chatty  : uid=1000(system) Binder:1439_11 expire 5 lines
10-20 12:03:20.480  1439  5661 I chatty  : uid=1000(system) Binder:1439_19 expire 11 lines
10-20 12:03:27.829   711   735 I chatty  : uid=0(root) /system/bin/netd expire 40 lines
10-20 12:03:38.991  1439  3970 I chatty  : uid=1000(system) Binder:1439_12 expire 3 lines
10-20 12:04:24.160  1439 22617 I chatty  : uid=1000 system_server expire 1 line
10-20 12:04:41.597  3548  3934 V ActivityThread: scheduleReceiver info = ActivityInfo{6808eb com.google.android.gms.checkin.CheckinServiceTriggerReceiver} intent = Intent { act=com.google.android.c2dm.intent.RECEIVE flg=0x1080010 pkg=com.google.android.gms cmp=com.google.android.gms/.checkin.CheckinServiceTriggerReceiver (has extras) } sync = true hasCode = 9140202
10-20 12:04:41.600  3548  3934 V ActivityThread: scheduleReceiver info = ActivityInfo{fc59648 com.google.android.gms.gcm.GcmInternalReceiver} intent = Intent { act=com.google.android.c2dm.intent.RECEIVE flg=0x1080010 pkg=com.google.android.gms cmp=com.google.android.gms/.gcm.GcmInternalReceiver (has extras) } sync = true hasCode = 48728795
10-20 12:04:41.609  3169  6760 V ActivityThread: scheduleRegisteredReceiver receiver= android.app.LoadedApk$ReceiverDispatcher$InnerReceiver@f6b02bb intent= Intent { act=com.google.android.c2dm.intent.RECEIVE flg=0x1080010 pkg=com.google.android.gms (has extras) } ordered= false sticky = false
10-20 12:04:41.610  3169  3169 I ActivityThread: Dispatching broadcast com.google.android.c2dm.intent.RECEIVE to com.google.android.gms.gcm.DataMessageManager$BroadcastDoneReceiver@30753d8
10-20 12:04:48.820  1439  1584 I chatty  : uid=1000(system) ActivityManager expire 3 lines
10-20 12:04:53.730   711   735 I chatty  : uid=0(root) /system/bin/netd expire 68 lines
10-20 12:06:50.481  1439  3380 I chatty  : uid=1000(system) Binder:1439_D expire 2 lines
10-20 12:06:50.568  1439  6047 I chatty  : uid=1000(system) Binder:1439_1D expire 9 lines
10-20 12:07:16.585  1190  1340 I chatty  : uid=0(root) /system/bin/storaged expire 4 lines
10-20 12:07:20.554  1439  5822 I chatty  : uid=1000(system) Binder:1439_1C expire 3 lines
10-20 12:07:20.649  1439  5665 I chatty  : uid=1000(system) Binder:1439_1B expire 4 lines
10-20 12:07:32.663  7602  7602 E ActivityThread: Service com.firebase.jobdispatcher.GooglePlayReceiver has leaked ServiceConnection auq@6f2a8eb that was originally bound here
10-20 12:07:32.663  7602  7602 E ActivityThread: android.app.ServiceConnectionLeaked: Service com.firebase.jobdispatcher.GooglePlayReceiver has leaked ServiceConnection auq@6f2a8eb that was originally bound here
10-20 12:07:32.663  7602  7602 E ActivityThread: 	at android.app.LoadedApk$ServiceDispatcher.<init>(LoadedApk.java:1771)
10-20 12:07:32.663  7602  7602 E ActivityThread: 	at android.app.LoadedApk.getServiceDispatcher(LoadedApk.java:1663)
10-20 12:07:32.663  7602  7602 E ActivityThread: 	at android.app.ContextImpl.bindServiceCommon(ContextImpl.java:1713)
10-20 12:07:32.663  7602  7602 E ActivityThread: 	at android.app.ContextImpl.bindService(ContextImpl.java:1666)
10-20 12:07:32.663  7602  7602 E ActivityThread: 	at android.content.ContextWrapper.bindService(ContextWrapper.java:709)
10-20 12:07:32.663  7602  7602 E ActivityThread: 	at aub.a(Unknown Source:18)
10-20 12:07:32.663  7602  7602 E ActivityThread: 	at aub.a(Unknown Source:169)
10-20 12:07:32.663  7602  7602 E ActivityThread: 	at auh.handleMessage(Unknown Source:116)
10-20 12:07:32.663  7602  7602 E ActivityThread: 	at android.os.Handler.dispatchMessage(Handler.java:106)
10-20 12:07:32.663  7602  7602 E ActivityThread: 	at android.os.Looper.loop(Looper.java:227)
10-20 12:07:32.663  7602  7602 E ActivityThread: 	at android.app.ActivityThread.main(ActivityThread.java:7200)
10-20 12:07:32.663  7602  7602 E ActivityThread: 	at java.lang.reflect.Method.invoke(Native Method)
10-20 12:07:32.663  7602  7602 E ActivityThread: 	at com.android.internal.os.RuntimeInit$MethodAndArgsCaller.run(RuntimeInit.java:575)
10-20 12:07:32.663  7602  7602 E ActivityThread: 	at com.android.internal.os.ZygoteInit.main(ZygoteInit.java:903)
10-20 12:07:34.741   711   735 I chatty  : uid=0(root) /system/bin/netd expire 68 lines
10-20 12:07:40.055  1439  1439 I chatty  : uid=1000 system_server expire 10 lines
10-20 12:07:54.261  1439 13358 I chatty  : uid=1000(system) Binder:1439_1F expire 10 lines
10-20 12:07:54.311  1439  1669 I chatty  : uid=1000(system) android.display expire 13 lines
10-20 12:07:54.445  1439  3381 I chatty  : uid=1000(system) Binder:1439_E expire 7 lines
10-20 12:08:40.265  1439  1687 I chatty  : uid=1000(system) CpuTracker expire 1 line
10-20 12:08:40.298  1439  1655 I chatty  : uid=1000(system) batterystats-wo expire 2 lines
10-20 12:08:47.475  1439 23343 I chatty  : uid=1000 system_server expire 1 line
10-20 12:08:58.745  1439  1668 I chatty  : uid=1000(system) android.io expire 2 lines
10-20 12:09:00.523  1439  2614 I chatty  : uid=1000(system) watchdog expire 10 lines
10-20 12:10:03.292 22215 22215 W FingerprintManager: Invalid acquired message: 6, 3
10-20 12:10:05.875   711   735 I chatty  : uid=0(root) /system/bin/netd expire 26 lines
10-20 12:10:08.870  1439 13360 I chatty  : uid=1000(system) Binder:1439_20 expire 3 lines
10-20 12:10:20.792  1439  4125 I chatty  : uid=1000(system) Binder:1439_17 expire 4 lines
10-20 12:10:20.793  1439  2165 I chatty  : uid=1000(system) ConnectivitySer expire 3 lines
10-20 12:10:20.794  1439  1676 I chatty  : uid=1000(system) Binder:1439_4 expire 15 lines
10-20 12:10:21.211 22215 22215 W FingerprintManager: Invalid acquired message: 6, 3
10-20 12:10:23.741  1439  1690 I chatty  : uid=1000(system) PowerManagerSer expire 11 lines
10-20 12:10:25.446  1439  4667 I chatty  : uid=1000(system) Binder:1439_18 expire 7 lines
10-20 12:10:26.680  1439  2858 I chatty  : uid=1000(system) Binder:1439_9 expire 6 lines
10-20 12:10:56.992   711   735 I chatty  : uid=0(root) /system/bin/netd expire 90 lines
10-20 12:11:16.763  1190  1340 I chatty  : uid=0(root) /system/bin/storaged expire 5 lines
10-20 12:13:44.281  1439 23796 I chatty  : uid=1000 system_server expire 1 line
10-20 12:14:00.561  1439  2614 I chatty  : uid=1000(system) watchdog expire 10 lines
10-20 12:14:23.772 18865 18892 V ActivityThread: scheduleReceiver info = ActivityInfo{9654a51 com.google.firebase.iid.FirebaseInstanceIdReceiver} intent = Intent { act=com.google.android.c2dm.intent.RECEIVE flg=0x1080010 pkg=com.lenovo.anyshare.gps cmp=com.lenovo.anyshare.gps/com.google.firebase.iid.FirebaseInstanceIdReceiver (has extras) } sync = true hasCode = 73067501
10-20 12:14:23.833  3169  6714 V ActivityThread: scheduleRegisteredReceiver receiver= android.app.LoadedApk$ReceiverDispatcher$InnerReceiver@6939a57 intent= Intent { act=com.google.android.c2dm.intent.RECEIVE flg=0x1080010 pkg=com.lenovo.anyshare.gps (has extras) } ordered= false sticky = false
10-20 12:14:23.833  3169  3169 I ActivityThread: Dispatching broadcast com.google.android.c2dm.intent.RECEIVE to com.google.android.gms.gcm.DataMessageManager$BroadcastDoneReceiver@c296944
10-20 12:14:24.162   711   735 I chatty  : uid=0(root) /system/bin/netd expire 52 lines
10-20 12:16:16.776  1190  1340 I chatty  : uid=0(root) /system/bin/storaged expire 4 lines
10-20 12:16:18.617 22215 22215 W FingerprintManager: Invalid acquired message: 6, 3
10-20 12:16:18.623  1439  4120 I chatty  : uid=1000(system) Binder:1439_15 expire 10 lines
10-20 12:16:31.330   711   735 I chatty  : uid=0(root) /system/bin/netd expire 24 lines
10-20 12:16:51.093  1439  1676 I chatty  : uid=1000(system) Binder:1439_4 expire 4 lines
10-20 12:17:44.360 22215 22215 W FingerprintManager: Invalid acquired message: 6, 3
10-20 12:17:44.384  1439  1669 I chatty  : uid=1000(system) android.display expire 8 lines
10-20 12:17:44.397  1439  1690 I chatty  : uid=1000(system) PowerManagerSer expire 15 lines
10-20 12:17:46.091  7602  7602 E ActivityThread: Service com.firebase.jobdispatcher.GooglePlayReceiver has leaked ServiceConnection auq@30df443 that was originally bound here
10-20 12:17:46.091  7602  7602 E ActivityThread: android.app.ServiceConnectionLeaked: Service com.firebase.jobdispatcher.GooglePlayReceiver has leaked ServiceConnection auq@30df443 that was originally bound here
10-20 12:17:46.091  7602  7602 E ActivityThread: 	at android.app.LoadedApk$ServiceDispatcher.<init>(LoadedApk.java:1771)
10-20 12:17:46.091  7602  7602 E ActivityThread: 	at android.app.LoadedApk.getServiceDispatcher(LoadedApk.java:1663)
10-20 12:17:46.091  7602  7602 E ActivityThread: 	at android.app.ContextImpl.bindServiceCommon(ContextImpl.java:1713)
10-20 12:17:46.091  7602  7602 E ActivityThread: 	at android.app.ContextImpl.bindService(ContextImpl.java:1666)
10-20 12:17:46.091  7602  7602 E ActivityThread: 	at android.content.ContextWrapper.bindService(ContextWrapper.java:709)
10-20 12:17:46.091  7602  7602 E ActivityThread: 	at aub.a(Unknown Source:18)
10-20 12:17:46.091  7602  7602 E ActivityThread: 	at aub.a(Unknown Source:169)
10-20 12:17:46.091  7602  7602 E ActivityThread: 	at auh.handleMessage(Unknown Source:116)
10-20 12:17:46.091  7602  7602 E ActivityThread: 	at android.os.Handler.dispatchMessage(Handler.java:106)
10-20 12:17:46.091  7602  7602 E ActivityThread: 	at android.os.Looper.loop(Looper.java:227)
10-20 12:17:46.091  7602  7602 E ActivityThread: 	at android.app.ActivityThread.main(ActivityThread.java:7200)
10-20 12:17:46.091  7602  7602 E ActivityThread: 	at java.lang.reflect.Method.invoke(Native Method)
10-20 12:17:46.091  7602  7602 E ActivityThread: 	at com.android.internal.os.RuntimeInit$MethodAndArgsCaller.run(RuntimeInit.java:575)
10-20 12:17:46.091  7602  7602 E ActivityThread: 	at com.android.internal.os.ZygoteInit.main(ZygoteInit.java:903)
10-20 12:17:46.331   711   735 I chatty  : uid=0(root) /system/bin/netd expire 20 lines
10-20 12:17:46.873  1439  2834 I chatty  : uid=1000(system) Binder:1439_7 expire 6 lines
10-20 12:17:48.593  1439  3379 I chatty  : uid=1000(system) Binder:1439_C expire 3 lines
10-20 12:18:16.356  1439 24347 I chatty  : uid=1000 system_server expire 1 line
10-20 12:18:45.905 22215 22215 W FingerprintManager: Invalid acquired message: 6, 3
10-20 12:18:45.914  1439  4104 I chatty  : uid=1000(system) Binder:1439_13 expire 9 lines
10-20 12:18:46.386  1439  1439 I chatty  : uid=1000 system_server expire 2 lines
10-20 12:18:48.420  1439 13358 I chatty  : uid=1000(system) Binder:1439_1F expire 5 lines
10-20 12:19:00.604  1439  2614 I chatty  : uid=1000(system) watchdog expire 10 lines
10-20 12:19:21.217  1439  4120 I chatty  : uid=1000(system) Binder:1439_15 expire 3 lines
10-20 12:19:21.217  1439  1585 I chatty  : uid=1000(system) android.ui expire 10 lines
10-20 12:19:21.263  1439  3970 I chatty  : uid=1000(system) Binder:1439_12 expire 8 lines
10-20 12:19:21.264  1439  2165 I chatty  : uid=1000(system) ConnectivitySer expire 2 lines
10-20 12:19:21.265  1439  4125 I chatty  : uid=1000(system) Binder:1439_17 expire 3 lines
10-20 12:19:25.411   711   735 I chatty  : uid=0(root) /system/bin/netd expire 24 lines
10-20 12:19:49.161  1439  1584 I chatty  : uid=1000(system) ActivityManager expire 4 lines
10-20 12:20:16.791  1190  1340 I chatty  : uid=0(root) /system/bin/storaged expire 10 lines
10-20 12:20:30.337  1439  1690 I chatty  : uid=1000(system) PowerManagerSer expire 41 lines
10-20 12:20:30.337  1439  2105 I chatty  : uid=1000(system) InputReader expire 2 lines
10-20 12:20:30.338  1439  1439 I chatty  : uid=1000 system_server expire 16 lines
10-20 12:20:30.339  1439  1667 I chatty  : uid=1000(system) android.fg expire 11 lines
10-20 12:20:30.339  1439  2226 I chatty  : uid=1000(system) aceService.Main expire 4 lines
10-20 12:20:30.346  1439 12510 I chatty  : uid=1000(system) Binder:1439_1E expire 3 lines
10-20 12:20:30.389  1439  1669 I chatty  : uid=1000(system) android.display expire 11 lines
10-20 12:20:30.392  1439  3380 I chatty  : uid=1000(system) Binder:1439_D expire 1 line
10-20 12:20:30.566  1439  1676 I chatty  : uid=1000(system) Binder:1439_4 expire 8 lines
10-20 12:20:30.571 22215 22215 W FingerprintManager: Invalid acquired message: 6, 3
10-20 12:20:30.571  1439  1990 I chatty  : uid=1000(system) android.anim expire 10 lines
10-20 12:20:30.589  1439  2072 I chatty  : uid=1000(system) PhoneWinHandler expire 4 lines
10-20 12:20:30.654  1439  2858 I chatty  : uid=1000(system) Binder:1439_9 expire 2 lines
10-20 12:20:30.657  1439  4667 I chatty  : uid=1000(system) Binder:1439_18 expire 21 lines
10-20 12:20:30.840  1439  1589 I chatty  : uid=1000(system) ActivityManager expire 8 lines
10-20 12:20:30.874  1439  6047 I chatty  : uid=1000(system) Binder:1439_1D expire 9 lines
10-20 12:20:31.439  1439  1587 I chatty  : uid=1000(system) BroadcastQueue expire 13 lines
10-20 12:20:32.932   711   735 I chatty  : uid=0(root) /system/bin/netd expire 48 lines
10-20 12:20:32.948  1439  2834 I chatty  : uid=1000(system) Binder:1439_7 expire 15 lines
10-20 12:20:34.442  1439  2708 I chatty  : uid=1000(system) HwBinder:1439_4 expire 2 lines
10-20 12:20:34.445 22215 22215 W FingerprintManager: resetTimeout, packageName = com.android.systemui
10-20 12:20:34.506 22215 22215 W FingerprintManager: resetTimeout, packageName = com.android.systemui
10-20 12:20:34.518  1439  2209 I chatty  : uid=1000(system) MotorManager expire 5 lines
10-20 12:20:34.589  1439  2594 I chatty  : uid=1000(system) Binder:1439_6 expire 3 lines
10-20 12:20:34.836  1439 13360 I chatty  : uid=1000(system) Binder:1439_20 expire 133 lines
10-20 12:20:36.569  1439  2839 I chatty  : uid=1000(system) Binder:1439_8 expire 33 lines
10-20 12:20:37.085  1439  5665 I chatty  : uid=1000(system) Binder:1439_1B expire 7 lines
10-20 12:20:37.153  1439  1582 I chatty  : uid=1000(system) android.bg expire 7 lines
10-20 12:20:37.379  1439  1473 I chatty  : uid=1000(system) Binder:1439_1 expire 24 lines
10-20 12:20:37.451 22215 22215 W FingerprintManager: Invalid acquired message: 6, 3
10-20 12:20:37.456  1439 13358 I chatty  : uid=1000(system) Binder:1439_1F expire 3 lines
10-20 12:20:39.957  1439  5822 I chatty  : uid=1000(system) Binder:1439_1C expire 9 lines
10-20 12:23:19.409  1439 24945 I chatty  : uid=1000 system_server expire 1 line
10-20 12:23:19.479 24949 24965 V ActivityThread: scheduleReceiver info = ActivityInfo{dd3d8a5 com.google.firebase.iid.FirebaseInstanceIdReceiver} intent = Intent { act=com.google.android.c2dm.intent.RECEIVE flg=0x1080010 pkg=com.activision.callofduty.shooter cmp=com.activision.callofduty.shooter/com.google.firebase.iid.FirebaseInstanceIdReceiver (has extras) } sync = true hasCode = 62950058
10-20 12:23:19.769   711   735 I chatty  : uid=0(root) /system/bin/netd expire 56 lines
10-20 12:23:20.013  3169  6714 V ActivityThread: scheduleRegisteredReceiver receiver= android.app.LoadedApk$ReceiverDispatcher$InnerReceiver@e4508bf intent= Intent { act=com.google.android.c2dm.intent.RECEIVE flg=0x1080010 pkg=com.activision.callofduty.shooter (has extras) } ordered= false sticky = false
10-20 12:23:20.013  3169  3169 I ActivityThread: Dispatching broadcast com.google.android.c2dm.intent.RECEIVE to com.google.android.gms.gcm.DataMessageManager$BroadcastDoneReceiver@ec91b8c
10-20 12:23:23.812  1439  4667 I chatty  : uid=1000(system) Binder:1439_18 expire 1 line
10-20 12:23:34.287  1439  2834 I chatty  : uid=1000(system) Binder:1439_7 expire 2 lines
10-20 12:23:45.492 19991 21204 V ActivityThread: scheduleReceiver info = ActivityInfo{137474 com.google.android.apps.gsa.gcm.GcmBroadcastReceiver} intent = Intent { act=com.google.android.c2dm.intent.RECEIVE flg=0x1080010 pkg=com.google.android.googlequicksearchbox cmp=com.google.android.googlequicksearchbox/com.google.android.apps.gsa.gcm.GcmBroadcastReceiver (has extras) } sync = true hasCode = 259843529
10-20 12:23:45.614 19991 21204 V ActivityThread: scheduleReceiver info = ActivityInfo{b9caf09 com.google.firebase.iid.FirebaseInstanceIdReceiver} intent = Intent { act=com.google.android.c2dm.intent.RECEIVE flg=0x1080010 pkg=com.google.android.googlequicksearchbox cmp=com.google.android.googlequicksearchbox/com.google.firebase.iid.FirebaseInstanceIdReceiver (has extras) } sync = true hasCode = 104282876
10-20 12:23:45.628  3169  6714 V ActivityThread: scheduleRegisteredReceiver receiver= android.app.LoadedApk$ReceiverDispatcher$InnerReceiver@c6bb4dc intent= Intent { act=com.google.android.c2dm.intent.RECEIVE flg=0x1080010 pkg=com.google.android.googlequicksearchbox (has extras) } ordered= false sticky = false
10-20 12:23:45.630  3169  3169 I ActivityThread: Dispatching broadcast com.google.android.c2dm.intent.RECEIVE to com.google.android.gms.gcm.DataMessageManager$BroadcastDoneReceiver@91f39e5
10-20 12:24:00.637  1439  2614 I chatty  : uid=1000(system) watchdog expire 10 lines
10-20 12:26:22.121  1439  1587 I chatty  : uid=1000(system) BroadcastQueue expire 8 lines
10-20 12:26:37.803 22215 22215 W FingerprintManager: Invalid acquired message: 6, 3
10-20 12:26:37.809  1439 13360 I chatty  : uid=1000(system) Binder:1439_20 expire 10 lines
10-20 12:26:37.823  1439  1669 I chatty  : uid=1000(system) android.display expire 8 lines
10-20 12:26:37.839  1439  1690 I chatty  : uid=1000(system) PowerManagerSer expire 13 lines
10-20 12:26:38.275  1439  1439 I chatty  : uid=1000 system_server expire 10 lines
10-20 12:26:44.951   711   735 I chatty  : uid=0(root) /system/bin/netd expire 20 lines
10-20 12:27:37.177  1439  3379 I chatty  : uid=1000(system) Binder:1439_C expire 3 lines
10-20 12:27:37.203 22215 22215 W FingerprintManager: Invalid acquired message: 6, 3
10-20 12:27:37.210  1439  1690 I chatty  : uid=1000(system) PowerManagerSer expire 14 lines
10-20 12:27:37.279  1439  1990 I chatty  : uid=1000(system) android.anim expire 18 lines
10-20 12:27:37.524  1439  1585 I chatty  : uid=1000(system) android.ui expire 8 lines
10-20 12:27:38.206  1439  4123 I chatty  : uid=1000(system) Binder:1439_16 expire 4 lines
10-20 12:27:38.441 22215 22215 W FingerprintManager: resetTimeout, packageName = com.android.systemui
10-20 12:27:38.506 22215 22215 W FingerprintManager: resetTimeout, packageName = com.android.systemui
10-20 12:27:39.679  1439  4104 I chatty  : uid=1000(system) Binder:1439_13 expire 3 lines
10-20 12:27:40.506  1439 13360 I chatty  : uid=1000(system) Binder:1439_20 expire 2 lines
10-20 12:27:40.606  1439  1991 I chatty  : uid=1000(system) android.anim.lf expire 19 lines
10-20 12:27:43.314  1439  4120 I chatty  : uid=1000(system) Binder:1439_15 expire 3 lines
10-20 12:27:43.746  1439 25710 I chatty  : uid=1000 system_server expire 1 line
10-20 12:28:12.259   711   735 I chatty  : uid=0(root) /system/bin/netd expire 24 lines
10-20 12:28:47.329  7602  7602 E ActivityThread: Service com.firebase.jobdispatcher.GooglePlayReceiver has leaked ServiceConnection auq@83ff2fc that was originally bound here
10-20 12:28:47.329  7602  7602 E ActivityThread: android.app.ServiceConnectionLeaked: Service com.firebase.jobdispatcher.GooglePlayReceiver has leaked ServiceConnection auq@83ff2fc that was originally bound here
10-20 12:28:47.329  7602  7602 E ActivityThread: 	at android.app.LoadedApk$ServiceDispatcher.<init>(LoadedApk.java:1771)
10-20 12:28:47.329  7602  7602 E ActivityThread: 	at android.app.LoadedApk.getServiceDispatcher(LoadedApk.java:1663)
10-20 12:28:47.329  7602  7602 E ActivityThread: 	at android.app.ContextImpl.bindServiceCommon(ContextImpl.java:1713)
10-20 12:28:47.329  7602  7602 E ActivityThread: 	at android.app.ContextImpl.bindService(ContextImpl.java:1666)
10-20 12:28:47.329  7602  7602 E ActivityThread: 	at android.content.ContextWrapper.bindService(ContextWrapper.java:709)
10-20 12:28:47.329  7602  7602 E ActivityThread: 	at aub.a(Unknown Source:18)
10-20 12:28:47.329  7602  7602 E ActivityThread: 	at aub.a(Unknown Source:169)
10-20 12:28:47.329  7602  7602 E ActivityThread: 	at auh.handleMessage(Unknown Source:116)
10-20 12:28:47.329  7602  7602 E ActivityThread: 	at android.os.Handler.dispatchMessage(Handler.java:106)
10-20 12:28:47.329  7602  7602 E ActivityThread: 	at android.os.Looper.loop(Looper.java:227)
10-20 12:28:47.329  7602  7602 E ActivityThread: 	at android.app.ActivityThread.main(ActivityThread.java:7200)
10-20 12:28:47.329  7602  7602 E ActivityThread: 	at java.lang.reflect.Method.invoke(Native Method)
10-20 12:28:47.329  7602  7602 E ActivityThread: 	at com.android.internal.os.RuntimeInit$MethodAndArgsCaller.run(RuntimeInit.java:575)
10-20 12:28:47.329  7602  7602 E ActivityThread: 	at com.android.internal.os.ZygoteInit.main(ZygoteInit.java:903)
10-20 12:29:00.680  1439  2614 I chatty  : uid=1000(system) watchdog expire 8 lines
10-20 12:29:08.571   711   735 I chatty  : uid=0(root) /system/bin/netd expire 12 lines
10-20 12:29:20.987  3548  4455 V ActivityThread: scheduleReceiver info = ActivityInfo{451b9a3 com.google.android.gms.checkin.CheckinServiceTriggerReceiver} intent = Intent { act=com.google.android.c2dm.intent.RECEIVE flg=0x1080010 pkg=com.google.android.gms cmp=com.google.android.gms/.checkin.CheckinServiceTriggerReceiver (has extras) } sync = true hasCode = 67198749
10-20 12:29:20.990  3548  4455 V ActivityThread: scheduleReceiver info = ActivityInfo{46de4a0 com.google.android.gms.gcm.GcmInternalReceiver} intent = Intent { act=com.google.android.c2dm.intent.RECEIVE flg=0x1080010 pkg=com.google.android.gms cmp=com.google.android.gms/.gcm.GcmInternalReceiver (has extras) } sync = true hasCode = 218006930
10-20 12:29:20.997  3169  8987 V ActivityThread: scheduleRegisteredReceiver receiver= android.app.LoadedApk$ReceiverDispatcher$InnerReceiver@ea250f2 intent= Intent { act=com.google.android.c2dm.intent.RECEIVE flg=0x1080010 pkg=com.google.android.gms (has extras) } ordered= false sticky = false
10-20 12:29:20.998  3169  3169 I ActivityThread: Dispatching broadcast com.google.android.c2dm.intent.RECEIVE to com.google.android.gms.gcm.DataMessageManager$BroadcastDoneReceiver@cf26343
10-20 12:29:21.390   711   735 I chatty  : uid=0(root) /system/bin/netd expire 68 lines
10-20 12:29:52.612  1439  4125 I chatty  : uid=1000(system) Binder:1439_17 expire 39 lines
10-20 12:30:16.816  1190  1340 I chatty  : uid=0(root) /system/bin/storaged expire 5 lines
10-20 12:32:20.856  3548  7756 V ActivityThread: scheduleReceiver info = ActivityInfo{9fe5ad5 com.google.android.gms.checkin.CheckinServiceTriggerReceiver} intent = Intent { act=com.google.android.c2dm.intent.RECEIVE flg=0x1080010 pkg=com.google.android.gms cmp=com.google.android.gms/.checkin.CheckinServiceTriggerReceiver (has extras) } sync = true hasCode = 164624854
10-20 12:32:20.859  3548  7756 V ActivityThread: scheduleReceiver info = ActivityInfo{6b7c2ea com.google.android.gms.gcm.GcmInternalReceiver} intent = Intent { act=com.google.android.c2dm.intent.RECEIVE flg=0x1080010 pkg=com.google.android.gms cmp=com.google.android.gms/.gcm.GcmInternalReceiver (has extras) } sync = true hasCode = 221299799
10-20 12:32:20.865  3169  6714 V ActivityThread: scheduleRegisteredReceiver receiver= android.app.LoadedApk$ReceiverDispatcher$InnerReceiver@2e81f5a intent= Intent { act=com.google.android.c2dm.intent.RECEIVE flg=0x1080010 pkg=com.google.android.gms (has extras) } ordered= false sticky = false
10-20 12:32:20.865  3169  3169 I ActivityThread: Dispatching broadcast com.google.android.c2dm.intent.RECEIVE to com.google.android.gms.gcm.DataMessageManager$BroadcastDoneReceiver@ffef58b
10-20 12:32:21.250   711   735 I chatty  : uid=0(root) /system/bin/netd expire 16 lines
10-20 12:32:40.372  1439  1439 I chatty  : uid=1000 system_server expire 55 lines
10-20 12:32:47.652  1439  1690 I chatty  : uid=1000(system) PowerManagerSer expire 55 lines
10-20 12:32:47.677  1439  4120 I chatty  : uid=1000(system) Binder:1439_15 expire 53 lines
10-20 12:32:47.683  1439  1669 I chatty  : uid=1000(system) android.display expire 12 lines
10-20 12:32:47.688  1439  4104 I chatty  : uid=1000(system) Binder:1439_13 expire 2 lines
10-20 12:32:47.728  1439  4123 I chatty  : uid=1000(system) Binder:1439_16 expire 40 lines
10-20 12:32:47.815  1439  1676 I chatty  : uid=1000(system) Binder:1439_4 expire 37 lines
10-20 12:32:47.905  1439  1667 I chatty  : uid=1000(system) android.fg expire 7 lines
10-20 12:32:47.954  1439  1589 I chatty  : uid=1000(system) ActivityManager expire 2 lines
10-20 12:32:47.981  1439 13358 I chatty  : uid=1000(system) Binder:1439_1F expire 14 lines
10-20 12:32:48.117  1439  2839 I chatty  : uid=1000(system) Binder:1439_8 expire 13 lines
10-20 12:32:48.240  1439 13360 I chatty  : uid=1000(system) Binder:1439_20 expire 7 lines
10-20 12:32:48.282  1439  2209 I chatty  : uid=1000(system) MotorManager expire 1 line
10-20 12:32:48.305  1439  1582 I chatty  : uid=1000(system) android.bg expire 6 lines
10-20 12:32:48.553 22215 22215 W FingerprintManager: Invalid acquired message: 6, 3
10-20 12:32:48.673  1439  1585 I chatty  : uid=1000(system) android.ui expire 3 lines
10-20 12:32:53.670  1439  2858 I chatty  : uid=1000(system) Binder:1439_9 expire 12 lines
10-20 12:33:00.711  1439  2614 I chatty  : uid=1000(system) watchdog expire 7 lines
10-20 12:33:04.870   711   735 I chatty  : uid=0(root) /system/bin/netd expire 48 lines
10-20 12:34:02.992  1439 26431 I chatty  : uid=1000 system_server expire 1 line
10-20 12:34:31.566 22215 22215 W FingerprintManager: Invalid acquired message: 6, 3
10-20 12:34:31.573  1439  2594 I chatty  : uid=1000(system) Binder:1439_6 expire 3 lines
10-20 12:34:32.032  1439  1439 I chatty  : uid=1000 system_server expire 60 lines
10-20 12:34:37.138  1439  4125 I chatty  : uid=1000(system) Binder:1439_17 expire 3 lines
10-20 12:34:38.049   711   735 I chatty  : uid=0(root) /system/bin/netd expire 44 lines
10-20 12:34:49.492  1439  1584 I chatty  : uid=1000(system) ActivityManager expire 2 lines
10-20 12:35:05.919  1439  2060 I chatty  : uid=1000(system) AlarmManager expire 1 line
10-20 12:35:06.056  1439 13358 I chatty  : uid=1000(system) Binder:1439_1F expire 3 lines
10-20 12:35:16.834  1190  1340 I chatty  : uid=0(root) /system/bin/storaged expire 6 lines
10-20 12:35:50.841 22215 22215 W FingerprintManager: Invalid acquired message: 6, 3
10-20 12:35:50.863  1439  1669 I chatty  : uid=1000(system) android.display expire 20 lines
10-20 12:35:51.812  1439  2105 I chatty  : uid=1000(system) InputReader expire 2 lines
10-20 12:35:51.813  1439  2226 I chatty  : uid=1000(system) aceService.Main expire 4 lines
10-20 12:35:51.816  1439  4667 I chatty  : uid=1000(system) Binder:1439_18 expire 11 lines
10-20 12:35:51.901  1439  4123 I chatty  : uid=1000(system) Binder:1439_16 expire 5 lines
10-20 12:35:52.005  1439  2072 I chatty  : uid=1000(system) PhoneWinHandler expire 4 lines
10-20 12:35:53.008  1439  4120 I chatty  : uid=1000(system) Binder:1439_15 expire 21 lines
10-20 12:36:02.099  1439  1690 I chatty  : uid=1000(system) PowerManagerSer expire 11 lines
10-20 12:36:02.304  1439  1667 I chatty  : uid=1000(system) android.fg expire 13 lines
10-20 12:36:02.349  1439  1589 I chatty  : uid=1000(system) ActivityManager expire 5 lines
10-20 12:36:02.419  1439  1439 I chatty  : uid=1000 system_server expire 22 lines
10-20 12:36:02.441  1439  3380 I chatty  : uid=1000(system) Binder:1439_D expire 5 lines
10-20 12:36:02.625  1439  1582 I chatty  : uid=1000(system) android.bg expire 11 lines
10-20 12:36:02.924  1439  4104 I chatty  : uid=1000(system) Binder:1439_13 expire 10 lines
10-20 12:36:03.062  1439  1585 I chatty  : uid=1000(system) android.ui expire 11 lines
10-20 12:36:23.171   711   735 I chatty  : uid=0(root) /system/bin/netd expire 28 lines
10-20 12:36:30.738  1439  2614 I chatty  : uid=1000(system) watchdog expire 10 lines
10-20 12:37:37.341 22215 22215 W FingerprintManager: Invalid acquired message: 6, 3
10-20 12:37:37.363  1439  1690 I chatty  : uid=1000(system) PowerManagerSer expire 36 lines
10-20 12:37:39.571  1439  5661 I chatty  : uid=1000(system) Binder:1439_19 expire 2 lines
10-20 12:37:40.663  1439  4111 I chatty  : uid=1000(system) Binder:1439_14 expire 2 lines
10-20 12:37:41.853  1439  2839 I chatty  : uid=1000(system) Binder:1439_8 expire 2 lines
10-20 12:37:42.306  1439  4125 I chatty  : uid=1000(system) Binder:1439_17 expire 6 lines
10-20 12:37:45.717  1439  3970 I chatty  : uid=1000(system) Binder:1439_12 expire 3 lines
10-20 12:38:19.751   711   735 I chatty  : uid=0(root) /system/bin/netd expire 100 lines
10-20 12:38:40.262  1439  1687 I chatty  : uid=1000(system) CpuTracker expire 3 lines
10-20 12:38:40.277  1439  1655 I chatty  : uid=1000(system) batterystats-wo expire 2 lines
10-20 12:38:42.103  1439  1582 I chatty  : uid=1000(system) android.bg expire 2 lines
10-20 12:39:00.247  1439 27184 I chatty  : uid=1000 system_server expire 1 line
10-20 12:40:03.314  1439  1439 I chatty  : uid=1000 system_server expire 30 lines
10-20 12:40:55.601  1439  4120 I chatty  : uid=1000(system) Binder:1439_15 expire 12 lines
10-20 12:41:16.853  1190  1340 I chatty  : uid=0(root) /system/bin/storaged expire 3 lines
10-20 12:41:30.777  1439  2614 I chatty  : uid=1000(system) watchdog expire 12 lines
10-20 12:41:53.651  7602  7602 E ActivityThread: Service com.firebase.jobdispatcher.GooglePlayReceiver has leaked ServiceConnection auq@bd92a58 that was originally bound here
10-20 12:41:53.651  7602  7602 E ActivityThread: android.app.ServiceConnectionLeaked: Service com.firebase.jobdispatcher.GooglePlayReceiver has leaked ServiceConnection auq@bd92a58 that was originally bound here
10-20 12:41:53.651  7602  7602 E ActivityThread: 	at android.app.LoadedApk$ServiceDispatcher.<init>(LoadedApk.java:1771)
10-20 12:41:53.651  7602  7602 E ActivityThread: 	at android.app.LoadedApk.getServiceDispatcher(LoadedApk.java:1663)
10-20 12:41:53.651  7602  7602 E ActivityThread: 	at android.app.ContextImpl.bindServiceCommon(ContextImpl.java:1713)
10-20 12:41:53.651  7602  7602 E ActivityThread: 	at android.app.ContextImpl.bindService(ContextImpl.java:1666)
10-20 12:41:53.651  7602  7602 E ActivityThread: 	at android.content.ContextWrapper.bindService(ContextWrapper.java:709)
10-20 12:41:53.651  7602  7602 E ActivityThread: 	at aub.a(Unknown Source:18)
10-20 12:41:53.651  7602  7602 E ActivityThread: 	at aub.a(Unknown Source:169)
10-20 12:41:53.651  7602  7602 E ActivityThread: 	at auh.handleMessage(Unknown Source:116)
10-20 12:41:53.651  7602  7602 E ActivityThread: 	at android.os.Handler.dispatchMessage(Handler.java:106)
10-20 12:41:53.651  7602  7602 E ActivityThread: 	at android.os.Looper.loop(Looper.java:227)
10-20 12:41:53.651  7602  7602 E ActivityThread: 	at android.app.ActivityThread.main(ActivityThread.java:7200)
10-20 12:41:53.651  7602  7602 E ActivityThread: 	at java.lang.reflect.Method.invoke(Native Method)
10-20 12:41:53.651  7602  7602 E ActivityThread: 	at com.android.internal.os.RuntimeInit$MethodAndArgsCaller.run(RuntimeInit.java:575)
10-20 12:41:53.651  7602  7602 E ActivityThread: 	at com.android.internal.os.ZygoteInit.main(ZygoteInit.java:903)
10-20 12:42:01.514  1439  4104 I chatty  : uid=1000(system) Binder:1439_13 expire 11 lines
10-20 12:42:01.588  1439  1669 I chatty  : uid=1000(system) android.display expire 3 lines
10-20 12:42:01.857 22215 22215 W FingerprintManager: Invalid acquired message: 6, 3
10-20 12:42:02.105  1439  1585 I chatty  : uid=1000(system) android.ui expire 29 lines
10-20 12:42:02.676  1439  3379 I chatty  : uid=1000(system) Binder:1439_C expire 4 lines
10-20 12:42:09.695  1439  1690 I chatty  : uid=1000(system) PowerManagerSer expire 2 lines
10-20 12:42:09.922  1439  1439 I chatty  : uid=1000 system_server expire 58 lines
10-20 12:42:11.156  1439  4123 I chatty  : uid=1000(system) Binder:1439_16 expire 2 lines
10-20 12:42:11.192  1439  2594 I chatty  : uid=1000(system) Binder:1439_6 expire 5 lines
10-20 12:42:11.205 22215 22279 D MotorManager: upMotorBySystemApp
10-20 12:42:11.205 22215 22279 D MotorManager: call service upMotorBySystemApp
10-20 12:42:11.205  1439  3960 I chatty  : uid=1000(system) Binder:1439_11 expire 16 lines
10-20 12:42:11.225  1439  2105 I chatty  : uid=1000(system) InputReader expire 25 lines
10-20 12:42:11.233  1439  2545 I chatty  : uid=1000(system) HwBinder:1439_3 expire 1 line
10-20 12:42:11.328  1439  2210 I chatty  : uid=1000(system) MotorManagerSoc expire 10 lines
10-20 12:42:11.328  1439  2209 I chatty  : uid=1000(system) MotorManager expire 18 lines
10-20 12:42:11.333  1439  3970 I chatty  : uid=1000(system) Binder:1439_12 expire 6 lines
10-20 12:42:11.840  1439  2708 I chatty  : uid=1000(system) HwBinder:1439_4 expire 1 line
10-20 12:42:11.928 22215 22279 W FingerprintManager: resetTimeout, packageName = com.android.systemui
10-20 12:42:11.929 22215 22279 D MotorManager: downMotorBySystemApp
10-20 12:42:11.929 22215 22279 D MotorManager: call service downMotorBySystemApp
10-20 12:42:11.945 22215 22215 W FingerprintManager: resetTimeout, packageName = com.android.systemui
10-20 12:42:11.948  1439  4111 I chatty  : uid=1000(system) Binder:1439_14 expire 13 lines
10-20 12:42:12.044  1439 13360 I chatty  : uid=1000(system) Binder:1439_20 expire 16 lines
10-20 12:42:12.141  1439  1587 I chatty  : uid=1000(system) BroadcastQueue expire 6 lines
10-20 12:42:12.355  1439  1710 I chatty  : uid=1000(system) Thread-4 expire 1 line
10-20 12:42:12.629  1439  1990 I chatty  : uid=1000(system) android.anim expire 16 lines
10-20 12:42:13.875  1439  4667 I chatty  : uid=1000(system) Binder:1439_18 expire 3 lines
10-20 12:42:14.371  1439  1584 I chatty  : uid=1000(system) ActivityManager expire 2 lines
10-20 12:42:14.846  3209  3209 D ViewRootImpl: Swipe From Bottom Rotation 0 mIgnoring true downY 2291 mScreenHeight 2340 mStatusBarHeight 54 globalScale 1.3235294
10-20 12:42:14.906  1439 12510 I chatty  : uid=1000(system) Binder:1439_1E expire 4 lines
10-20 12:42:14.932  3209  3209 D ViewRootImpl: Swipe From Bottom Rotation 0 mIgnoring true downY 2291 mScreenHeight 2340 mStatusBarHeight 54 globalScale 1.3235294
10-20 12:42:14.932  3209  3209 D ViewRootImpl: swipeFromBottom mIgnoring === false downY 2291 mStatusBarHeight 54
10-20 12:42:15.170  1439  1589 I chatty  : uid=1000(system) ActivityManager expire 1 line
10-20 12:42:19.090   711   735 I chatty  : uid=0(root) /system/bin/netd expire 36 lines
10-20 12:42:24.944  1439  1585 I chatty  : uid=1000(system) android.ui expire 70 lines
10-20 12:43:50.668  3209  3209 D ViewRootImpl: Swipe From Bottom Rotation 0 mIgnoring true downY 2309 mScreenHeight 2340 mStatusBarHeight 54 globalScale 1.3235294
10-20 12:43:50.725  1439  4667 I chatty  : uid=1000(system) Binder:1439_18 expire 43 lines
10-20 12:43:50.765  1439  2594 I chatty  : uid=1000(system) Binder:1439_6 expire 6 lines
10-20 12:43:50.804  1439  1990 I chatty  : uid=1000(system) android.anim expire 20 lines
10-20 12:43:50.917  1439 12510 I chatty  : uid=1000(system) Binder:1439_1E expire 20 lines
10-20 12:43:50.927  1439  2209 I chatty  : uid=1000(system) MotorManager expire 3 lines
10-20 12:43:50.985  1439  4104 I chatty  : uid=1000(system) Binder:1439_13 expire 14 lines
10-20 12:43:51.053  1439  3379 I chatty  : uid=1000(system) Binder:1439_C expire 70 lines
10-20 12:43:51.121  1439  3960 I chatty  : uid=1000(system) Binder:1439_11 expire 1 line
10-20 12:43:51.423  1439  1584 I chatty  : uid=1000(system) ActivityManager expire 3 lines
10-20 12:43:52.615  1439  2226 I chatty  : uid=1000(system) aceService.Main expire 1 line
10-20 12:43:52.615  1439  1439 I chatty  : uid=1000 system_server expire 9 lines
10-20 12:43:52.807  1439  1690 I chatty  : uid=1000(system) PowerManagerSer expire 33 lines
10-20 12:43:52.838  1439  1669 I chatty  : uid=1000(system) android.display expire 8 lines
10-20 12:43:52.881  1439 13358 I chatty  : uid=1000(system) Binder:1439_1F expire 31 lines
10-20 12:43:52.888  1439  1473 I chatty  : uid=1000(system) Binder:1439_1 expire 25 lines
10-20 12:43:53.076  1439  1667 I chatty  : uid=1000(system) android.fg expire 2 lines
10-20 12:43:53.138  1439  1589 I chatty  : uid=1000(system) ActivityManager expire 2 lines
10-20 12:43:53.268   711   735 I chatty  : uid=0(root) /system/bin/netd expire 76 lines
10-20 12:43:53.651  1439  1582 I chatty  : uid=1000(system) android.bg expire 7 lines
10-20 12:43:53.714  1439  4123 I chatty  : uid=1000(system) Binder:1439_16 expire 1 line
10-20 12:43:53.834 22215 22215 W FingerprintManager: Invalid acquired message: 6, 3
