10-20 13:06:38.827   711   735 E NetlinkEvent: NetlinkEvent::FindParam(): Parameter 'TIME_NS' not found
10-20 13:06:38.827   711   735 E NetlinkEvent: NetlinkEvent::FindParam(): Parameter 'UID' not found
10-20 13:06:44.702   711   735 E NetlinkEvent: NetlinkEvent::FindParam(): Parameter 'INTERFACE' not found
10-20 13:06:44.702   711   735 E NetlinkEvent: NetlinkEvent::FindParam(): Parameter 'STATE' not found
10-20 13:06:44.702   711   735 E NetlinkEvent: NetlinkEvent::FindParam(): Parameter 'TIME_NS' not found
10-20 13:06:44.703   711   735 E NetlinkEvent: NetlinkEvent::FindParam(): Parameter 'UID' not found
10-20 13:06:50.606   711   735 E NetlinkEvent: NetlinkEvent::FindParam(): Parameter 'INTERFACE' not found
10-20 13:06:50.606   711   735 E NetlinkEvent: NetlinkEvent::FindParam(): Parameter 'STATE' not found
10-20 13:06:50.606   711   735 E NetlinkEvent: NetlinkEvent::FindParam(): Parameter 'TIME_NS' not found
10-20 13:06:50.607   711   735 E NetlinkEvent: NetlinkEvent::FindParam(): Parameter 'UID' not found
10-20 13:06:56.491   711   735 E NetlinkEvent: NetlinkEvent::FindParam(): Parameter 'INTERFACE' not found
10-20 13:06:56.491   711   735 E NetlinkEvent: NetlinkEvent::FindParam(): Parameter 'STATE' not found
10-20 13:06:56.491   711   735 E NetlinkEvent: NetlinkEvent::FindParam(): Parameter 'TIME_NS' not found
10-20 13:06:56.491   711   735 E NetlinkEvent: NetlinkEvent::FindParam(): Parameter 'UID' not found
10-20 13:07:02.372   711   735 E NetlinkEvent: NetlinkEvent::FindParam(): Parameter 'INTERFACE' not found
10-20 13:07:02.372   711   735 E NetlinkEvent: NetlinkEvent::FindParam(): Parameter 'STATE' not found
10-20 13:07:02.372   711   735 E NetlinkEvent: NetlinkEvent::FindParam(): Parameter 'TIME_NS' not found
10-20 13:07:02.372   711   735 E NetlinkEvent: NetlinkEvent::FindParam(): Parameter 'UID' not found
10-20 13:07:16.937  1190  1340 E storaged: getDiskStats failed with result NOT_SUPPORTED and size 0
10-20 13:07:25.073   711   735 E NetlinkEvent: NetlinkEvent::FindParam(): Parameter 'INTERFACE' not found
10-20 13:07:25.073   711   735 E NetlinkEvent: NetlinkEvent::FindParam(): Parameter 'STATE' not found
10-20 13:07:25.073   711   735 E NetlinkEvent: NetlinkEvent::FindParam(): Parameter 'TIME_NS' not found
10-20 13:07:25.073   711   735 E NetlinkEvent: NetlinkEvent::FindParam(): Parameter 'UID' not found
10-20 13:07:41.030   711   735 E NetlinkEvent: NetlinkEvent::FindParam(): Parameter 'INTERFACE' not found
10-20 13:07:41.030   711   735 E NetlinkEvent: NetlinkEvent::FindParam(): Parameter 'STATE' not found
10-20 13:07:41.030   711   735 E NetlinkEvent: NetlinkEvent::FindParam(): Parameter 'TIME_NS' not found
10-20 13:07:41.030   711   735 E NetlinkEvent: NetlinkEvent::FindParam(): Parameter 'UID' not found
10-20 13:07:46.894   711   735 E NetlinkEvent: NetlinkEvent::FindParam(): Parameter 'INTERFACE' not found
10-20 13:07:46.894   711   735 E NetlinkEvent: NetlinkEvent::FindParam(): Parameter 'STATE' not found
10-20 13:07:46.894   711   735 E NetlinkEvent: NetlinkEvent::FindParam(): Parameter 'TIME_NS' not found
10-20 13:07:46.894   711   735 E NetlinkEvent: NetlinkEvent::FindParam(): Parameter 'UID' not found
10-20 13:07:47.807   711   735 E NetlinkEvent: NetlinkEvent::FindParam(): Parameter 'INTERFACE' not found
10-20 13:07:47.807   711   735 E NetlinkEvent: NetlinkEvent::FindParam(): Parameter 'STATE' not found
10-20 13:07:47.807   711   735 E NetlinkEvent: NetlinkEvent::FindParam(): Parameter 'TIME_NS' not found
10-20 13:07:47.807   711   735 E NetlinkEvent: NetlinkEvent::FindParam(): Parameter 'UID' not found
10-20 13:07:52.925  1439 12510 I chatty  : uid=1000(system) Binder:1439_1E expire 1 line
10-20 13:07:53.831   711   735 E NetlinkEvent: NetlinkEvent::FindParam(): Parameter 'INTERFACE' not found
10-20 13:07:53.831   711   735 E NetlinkEvent: NetlinkEvent::FindParam(): Parameter 'STATE' not found
10-20 13:07:53.831   711   735 E NetlinkEvent: NetlinkEvent::FindParam(): Parameter 'TIME_NS' not found
10-20 13:07:53.831   711   735 E NetlinkEvent: NetlinkEvent::FindParam(): Parameter 'UID' not found
10-20 13:07:59.711   711   735 E NetlinkEvent: NetlinkEvent::FindParam(): Parameter 'INTERFACE' not found
10-20 13:07:59.711   711   735 E NetlinkEvent: NetlinkEvent::FindParam(): Parameter 'STATE' not found
10-20 13:07:59.711   711   735 E NetlinkEvent: NetlinkEvent::FindParam(): Parameter 'TIME_NS' not found
10-20 13:07:59.711   711   735 E NetlinkEvent: NetlinkEvent::FindParam(): Parameter 'UID' not found
10-20 13:08:08.940   711   735 E NetlinkEvent: NetlinkEvent::FindParam(): Parameter 'INTERFACE' not found
10-20 13:08:08.940   711   735 E NetlinkEvent: NetlinkEvent::FindParam(): Parameter 'STATE' not found
10-20 13:08:08.940   711   735 E NetlinkEvent: NetlinkEvent::FindParam(): Parameter 'TIME_NS' not found
10-20 13:08:08.940   711   735 E NetlinkEvent: NetlinkEvent::FindParam(): Parameter 'UID' not found
10-20 13:08:16.939  1190  1340 E storaged: getDiskStats failed with result NOT_SUPPORTED and size 0
10-20 13:08:30.450   711   735 E NetlinkEvent: NetlinkEvent::FindParam(): Parameter 'INTERFACE' not found
10-20 13:08:30.450   711   735 E NetlinkEvent: NetlinkEvent::FindParam(): Parameter 'STATE' not found
10-20 13:08:30.450   711   735 E NetlinkEvent: NetlinkEvent::FindParam(): Parameter 'TIME_NS' not found
10-20 13:08:30.450   711   735 E NetlinkEvent: NetlinkEvent::FindParam(): Parameter 'UID' not found
10-20 13:08:32.490   711   735 E NetlinkEvent: NetlinkEvent::FindParam(): Parameter 'INTERFACE' not found
10-20 13:08:32.490   711   735 E NetlinkEvent: NetlinkEvent::FindParam(): Parameter 'STATE' not found
10-20 13:08:32.490   711   735 E NetlinkEvent: NetlinkEvent::FindParam(): Parameter 'TIME_NS' not found
10-20 13:08:32.490   711   735 E NetlinkEvent: NetlinkEvent::FindParam(): Parameter 'UID' not found
10-20 13:08:38.371   711   735 E NetlinkEvent: NetlinkEvent::FindParam(): Parameter 'INTERFACE' not found
10-20 13:08:38.371   711   735 E NetlinkEvent: NetlinkEvent::FindParam(): Parameter 'STATE' not found
10-20 13:08:38.371   711   735 E NetlinkEvent: NetlinkEvent::FindParam(): Parameter 'TIME_NS' not found
10-20 13:08:38.371   711   735 E NetlinkEvent: NetlinkEvent::FindParam(): Parameter 'UID' not found
10-20 13:08:40.296  1439  1687 I chatty  : uid=1000(system) CpuTracker expire 9 lines
10-20 13:08:40.317  1439  1655 I chatty  : uid=1000(system) batterystats-wo expire 2 lines
10-20 13:08:44.258   711   735 E NetlinkEvent: NetlinkEvent::FindParam(): Parameter 'INTERFACE' not found
10-20 13:08:44.258   711   735 E NetlinkEvent: NetlinkEvent::FindParam(): Parameter 'STATE' not found
10-20 13:08:44.258   711   735 E NetlinkEvent: NetlinkEvent::FindParam(): Parameter 'TIME_NS' not found
10-20 13:08:44.258   711   735 E NetlinkEvent: NetlinkEvent::FindParam(): Parameter 'UID' not found
10-20 13:08:50.150   711   735 E NetlinkEvent: NetlinkEvent::FindParam(): Parameter 'INTERFACE' not found
10-20 13:08:50.151   711   735 E NetlinkEvent: NetlinkEvent::FindParam(): Parameter 'STATE' not found
10-20 13:08:50.151   711   735 E NetlinkEvent: NetlinkEvent::FindParam(): Parameter 'TIME_NS' not found
10-20 13:08:50.151   711   735 E NetlinkEvent: NetlinkEvent::FindParam(): Parameter 'UID' not found
10-20 13:08:56.044   711   735 E NetlinkEvent: NetlinkEvent::FindParam(): Parameter 'INTERFACE' not found
10-20 13:08:56.044   711   735 E NetlinkEvent: NetlinkEvent::FindParam(): Parameter 'STATE' not found
10-20 13:08:56.044   711   735 E NetlinkEvent: NetlinkEvent::FindParam(): Parameter 'TIME_NS' not found
10-20 13:08:56.044   711   735 E NetlinkEvent: NetlinkEvent::FindParam(): Parameter 'UID' not found
10-20 13:09:16.942  1190  1340 E storaged: getDiskStats failed with result NOT_SUPPORTED and size 0
10-20 13:09:20.109   711   735 E NetlinkEvent: NetlinkEvent::FindParam(): Parameter 'INTERFACE' not found
10-20 13:09:20.109   711   735 E NetlinkEvent: NetlinkEvent::FindParam(): Parameter 'STATE' not found
10-20 13:09:20.109   711   735 E NetlinkEvent: NetlinkEvent::FindParam(): Parameter 'TIME_NS' not found
10-20 13:09:20.109   711   735 E NetlinkEvent: NetlinkEvent::FindParam(): Parameter 'UID' not found
10-20 13:09:25.990   711   735 E NetlinkEvent: NetlinkEvent::FindParam(): Parameter 'INTERFACE' not found
10-20 13:09:25.990   711   735 E NetlinkEvent: NetlinkEvent::FindParam(): Parameter 'STATE' not found
10-20 13:09:25.990   711   735 E NetlinkEvent: NetlinkEvent::FindParam(): Parameter 'TIME_NS' not found
10-20 13:09:25.990   711   735 E NetlinkEvent: NetlinkEvent::FindParam(): Parameter 'UID' not found
10-20 13:09:26.940   711   735 E NetlinkEvent: NetlinkEvent::FindParam(): Parameter 'INTERFACE' not found
10-20 13:09:26.940   711   735 E NetlinkEvent: NetlinkEvent::FindParam(): Parameter 'STATE' not found
10-20 13:09:26.940   711   735 E NetlinkEvent: NetlinkEvent::FindParam(): Parameter 'TIME_NS' not found
10-20 13:09:26.940   711   735 E NetlinkEvent: NetlinkEvent::FindParam(): Parameter 'UID' not found
10-20 13:09:33.670   711   735 E NetlinkEvent: NetlinkEvent::FindParam(): Parameter 'INTERFACE' not found
10-20 13:09:33.670   711   735 E NetlinkEvent: NetlinkEvent::FindParam(): Parameter 'STATE' not found
10-20 13:09:33.670   711   735 E NetlinkEvent: NetlinkEvent::FindParam(): Parameter 'TIME_NS' not found
10-20 13:09:33.670   711   735 E NetlinkEvent: NetlinkEvent::FindParam(): Parameter 'UID' not found
10-20 13:09:39.568   711   735 E NetlinkEvent: NetlinkEvent::FindParam(): Parameter 'INTERFACE' not found
10-20 13:09:39.568   711   735 E NetlinkEvent: NetlinkEvent::FindParam(): Parameter 'STATE' not found
10-20 13:09:39.568   711   735 E NetlinkEvent: NetlinkEvent::FindParam(): Parameter 'TIME_NS' not found
10-20 13:09:39.568   711   735 E NetlinkEvent: NetlinkEvent::FindParam(): Parameter 'UID' not found
10-20 13:09:47.749   711   735 E NetlinkEvent: NetlinkEvent::FindParam(): Parameter 'INTERFACE' not found
10-20 13:09:47.750   711   735 E NetlinkEvent: NetlinkEvent::FindParam(): Parameter 'STATE' not found
10-20 13:09:47.750   711   735 E NetlinkEvent: NetlinkEvent::FindParam(): Parameter 'TIME_NS' not found
10-20 13:09:47.750   711   735 E NetlinkEvent: NetlinkEvent::FindParam(): Parameter 'UID' not found
10-20 13:09:48.976  1439  1687 I chatty  : uid=1000(system) CpuTracker expire 1 line
10-20 13:09:49.959  1439  1584 I chatty  : uid=1000(system) ActivityManager expire 1 line
10-20 13:09:59.928  1439  1690 I chatty  : uid=1000(system) PowerManagerSer expire 11 lines
10-20 13:10:00.960  1439  2614 I chatty  : uid=1000(system) watchdog expire 6 lines
10-20 13:10:02.779  1439 32129 I chatty  : uid=1000 system_server expire 1 line
10-20 13:10:03.992   711   735 E NetlinkEvent: NetlinkEvent::FindParam(): Parameter 'INTERFACE' not found
10-20 13:10:03.992   711   735 E NetlinkEvent: NetlinkEvent::FindParam(): Parameter 'STATE' not found
10-20 13:10:03.992   711   735 E NetlinkEvent: NetlinkEvent::FindParam(): Parameter 'TIME_NS' not found
10-20 13:10:03.992   711   735 E NetlinkEvent: NetlinkEvent::FindParam(): Parameter 'UID' not found
10-20 13:10:17.112  1190  1340 E storaged: getDiskStats failed with result NOT_SUPPORTED and size 0
10-20 13:10:20.009   711   735 E NetlinkEvent: NetlinkEvent::FindParam(): Parameter 'INTERFACE' not found
10-20 13:10:20.009   711   735 E NetlinkEvent: NetlinkEvent::FindParam(): Parameter 'STATE' not found
10-20 13:10:20.009   711   735 E NetlinkEvent: NetlinkEvent::FindParam(): Parameter 'TIME_NS' not found
10-20 13:10:20.009   711   735 E NetlinkEvent: NetlinkEvent::FindParam(): Parameter 'UID' not found
10-20 13:10:25.891   711   735 E NetlinkEvent: NetlinkEvent::FindParam(): Parameter 'INTERFACE' not found
10-20 13:10:25.891   711   735 E NetlinkEvent: NetlinkEvent::FindParam(): Parameter 'STATE' not found
10-20 13:10:25.891   711   735 E NetlinkEvent: NetlinkEvent::FindParam(): Parameter 'TIME_NS' not found
10-20 13:10:25.891   711   735 E NetlinkEvent: NetlinkEvent::FindParam(): Parameter 'UID' not found
10-20 13:10:31.770   711   735 E NetlinkEvent: NetlinkEvent::FindParam(): Parameter 'INTERFACE' not found
10-20 13:10:31.771   711   735 E NetlinkEvent: NetlinkEvent::FindParam(): Parameter 'STATE' not found
10-20 13:10:31.771   711   735 E NetlinkEvent: NetlinkEvent::FindParam(): Parameter 'TIME_NS' not found
10-20 13:10:31.771   711   735 E NetlinkEvent: NetlinkEvent::FindParam(): Parameter 'UID' not found
10-20 13:10:37.652   711   735 E NetlinkEvent: NetlinkEvent::FindParam(): Parameter 'INTERFACE' not found
10-20 13:10:37.652   711   735 E NetlinkEvent: NetlinkEvent::FindParam(): Parameter 'STATE' not found
10-20 13:10:37.652   711   735 E NetlinkEvent: NetlinkEvent::FindParam(): Parameter 'TIME_NS' not found
10-20 13:10:37.652   711   735 E NetlinkEvent: NetlinkEvent::FindParam(): Parameter 'UID' not found
10-20 13:10:40.258  1439  1582 I chatty  : uid=1000(system) android.bg expire 1 line
10-20 13:10:43.546   711   735 E NetlinkEvent: NetlinkEvent::FindParam(): Parameter 'INTERFACE' not found
10-20 13:10:43.546   711   735 E NetlinkEvent: NetlinkEvent::FindParam(): Parameter 'STATE' not found
10-20 13:10:43.546   711   735 E NetlinkEvent: NetlinkEvent::FindParam(): Parameter 'TIME_NS' not found
10-20 13:10:43.546   711   735 E NetlinkEvent: NetlinkEvent::FindParam(): Parameter 'UID' not found
10-20 13:11:17.115  1190  1340 E storaged: getDiskStats failed with result NOT_SUPPORTED and size 0
10-20 13:11:31.422   711   735 E NetlinkEvent: NetlinkEvent::FindParam(): Parameter 'INTERFACE' not found
10-20 13:11:31.422   711   735 E NetlinkEvent: NetlinkEvent::FindParam(): Parameter 'STATE' not found
10-20 13:11:31.422   711   735 E NetlinkEvent: NetlinkEvent::FindParam(): Parameter 'TIME_NS' not found
10-20 13:11:31.422   711   735 E NetlinkEvent: NetlinkEvent::FindParam(): Parameter 'UID' not found
10-20 13:11:37.330   711   735 E NetlinkEvent: NetlinkEvent::FindParam(): Parameter 'INTERFACE' not found
10-20 13:11:37.330   711   735 E NetlinkEvent: NetlinkEvent::FindParam(): Parameter 'STATE' not found
10-20 13:11:37.330   711   735 E NetlinkEvent: NetlinkEvent::FindParam(): Parameter 'TIME_NS' not found
10-20 13:11:37.330   711   735 E NetlinkEvent: NetlinkEvent::FindParam(): Parameter 'UID' not found
10-20 13:11:43.209   711   735 E NetlinkEvent: NetlinkEvent::FindParam(): Parameter 'INTERFACE' not found
10-20 13:11:43.209   711   735 E NetlinkEvent: NetlinkEvent::FindParam(): Parameter 'STATE' not found
10-20 13:11:43.209   711   735 E NetlinkEvent: NetlinkEvent::FindParam(): Parameter 'TIME_NS' not found
10-20 13:11:43.209   711   735 E NetlinkEvent: NetlinkEvent::FindParam(): Parameter 'UID' not found
10-20 13:11:49.091   711   735 E NetlinkEvent: NetlinkEvent::FindParam(): Parameter 'INTERFACE' not found
10-20 13:11:49.092   711   735 E NetlinkEvent: NetlinkEvent::FindParam(): Parameter 'STATE' not found
10-20 13:11:49.092   711   735 E NetlinkEvent: NetlinkEvent::FindParam(): Parameter 'TIME_NS' not found
10-20 13:11:49.092   711   735 E NetlinkEvent: NetlinkEvent::FindParam(): Parameter 'UID' not found
10-20 13:11:54.989   711   735 E NetlinkEvent: NetlinkEvent::FindParam(): Parameter 'INTERFACE' not found
10-20 13:11:54.989   711   735 E NetlinkEvent: NetlinkEvent::FindParam(): Parameter 'STATE' not found
10-20 13:11:54.989   711   735 E NetlinkEvent: NetlinkEvent::FindParam(): Parameter 'TIME_NS' not found
10-20 13:11:54.989   711   735 E NetlinkEvent: NetlinkEvent::FindParam(): Parameter 'UID' not found
10-20 13:12:03.071   711   735 E NetlinkEvent: NetlinkEvent::FindParam(): Parameter 'INTERFACE' not found
10-20 13:12:03.071   711   735 E NetlinkEvent: NetlinkEvent::FindParam(): Parameter 'STATE' not found
10-20 13:12:03.071   711   735 E NetlinkEvent: NetlinkEvent::FindParam(): Parameter 'TIME_NS' not found
10-20 13:12:03.071   711   735 E NetlinkEvent: NetlinkEvent::FindParam(): Parameter 'UID' not found
10-20 13:12:17.118  1190  1340 E storaged: getDiskStats failed with result NOT_SUPPORTED and size 0
10-20 13:12:19.037   711   735 E NetlinkEvent: NetlinkEvent::FindParam(): Parameter 'INTERFACE' not found
10-20 13:12:19.037   711   735 E NetlinkEvent: NetlinkEvent::FindParam(): Parameter 'STATE' not found
10-20 13:12:19.037   711   735 E NetlinkEvent: NetlinkEvent::FindParam(): Parameter 'TIME_NS' not found
10-20 13:12:19.037   711   735 E NetlinkEvent: NetlinkEvent::FindParam(): Parameter 'UID' not found
10-20 13:12:19.953   711   735 E NetlinkEvent: NetlinkEvent::FindParam(): Parameter 'INTERFACE' not found
10-20 13:12:19.953   711   735 E NetlinkEvent: NetlinkEvent::FindParam(): Parameter 'STATE' not found
10-20 13:12:19.953   711   735 E NetlinkEvent: NetlinkEvent::FindParam(): Parameter 'TIME_NS' not found
10-20 13:12:19.953   711   735 E NetlinkEvent: NetlinkEvent::FindParam(): Parameter 'UID' not found
10-20 13:12:25.969   711   735 E NetlinkEvent: NetlinkEvent::FindParam(): Parameter 'INTERFACE' not found
10-20 13:12:25.969   711   735 E NetlinkEvent: NetlinkEvent::FindParam(): Parameter 'STATE' not found
10-20 13:12:25.969   711   735 E NetlinkEvent: NetlinkEvent::FindParam(): Parameter 'TIME_NS' not found
10-20 13:12:25.969   711   735 E NetlinkEvent: NetlinkEvent::FindParam(): Parameter 'UID' not found
10-20 13:12:31.841   711   735 E NetlinkEvent: NetlinkEvent::FindParam(): Parameter 'INTERFACE' not found
10-20 13:12:31.841   711   735 E NetlinkEvent: NetlinkEvent::FindParam(): Parameter 'STATE' not found
10-20 13:12:31.841   711   735 E NetlinkEvent: NetlinkEvent::FindParam(): Parameter 'TIME_NS' not found
10-20 13:12:31.841   711   735 E NetlinkEvent: NetlinkEvent::FindParam(): Parameter 'UID' not found
10-20 13:12:34.280  1439  4125 I chatty  : uid=1000(system) Binder:1439_17 expire 2 lines
10-20 13:12:34.281  1439  1439 I chatty  : uid=1000 system_server expire 55 lines
10-20 13:12:34.281  1439  1667 I chatty  : uid=1000(system) android.fg expire 7 lines
10-20 13:12:34.286  1439  4667 I chatty  : uid=1000(system) Binder:1439_18 expire 1 line
10-20 13:12:34.367  1439  1669 I chatty  : uid=1000(system) android.display expire 4 lines
10-20 13:12:34.370  1439  3946 I chatty  : uid=1000(system) Binder:1439_10 expire 1 line
10-20 13:12:34.439  1439  3381 I chatty  : uid=1000(system) Binder:1439_E expire 3 lines
10-20 13:12:34.449  1439 13358 I chatty  : uid=1000(system) Binder:1439_1F expire 1 line
10-20 13:12:34.452  1439  3379 I chatty  : uid=1000(system) Binder:1439_C expire 1 line
10-20 13:12:34.538  1439  1990 I chatty  : uid=1000(system) android.anim expire 2 lines
10-20 13:12:34.545  1439  2072 I chatty  : uid=1000(system) PhoneWinHandler expire 2 lines
10-20 13:12:34.709 22215 22215 W FingerprintManager: Invalid acquired message: 6, 3
10-20 13:12:35.057  1439  1585 I chatty  : uid=1000(system) android.ui expire 2 lines
10-20 13:12:35.579  1439  2594 I chatty  : uid=1000(system) Binder:1439_6 expire 1 line
10-20 13:12:36.955  1439  2858 I chatty  : uid=1000(system) Binder:1439_9 expire 1 line
10-20 13:12:42.044   711   735 E NetlinkEvent: NetlinkEvent::FindParam(): Parameter 'INTERFACE' not found
10-20 13:12:42.044   711   735 E NetlinkEvent: NetlinkEvent::FindParam(): Parameter 'STATE' not found
10-20 13:12:42.044   711   735 E NetlinkEvent: NetlinkEvent::FindParam(): Parameter 'TIME_NS' not found
10-20 13:12:42.044   711   735 E NetlinkEvent: NetlinkEvent::FindParam(): Parameter 'UID' not found
10-20 13:12:42.543  1439  1690 I chatty  : uid=1000(system) PowerManagerSer expire 15 lines
10-20 13:12:44.544  1439  2226 I chatty  : uid=1000(system) aceService.Main expire 1 line
10-20 13:12:45.118  1439  1589 I chatty  : uid=1000(system) ActivityManager expire 1 line
10-20 13:12:45.148  1439  6047 I chatty  : uid=1000(system) Binder:1439_1D expire 8 lines
10-20 13:12:45.199  1439  1439 I chatty  : uid=1000 system_server expire 10 lines
10-20 13:12:45.296  1439 12510 I chatty  : uid=1000(system) Binder:1439_1E expire 2 lines
10-20 13:12:45.362  1439  1669 I chatty  : uid=1000(system) android.display expire 9 lines
10-20 13:12:45.453  1439  1582 I chatty  : uid=1000(system) android.bg expire 7 lines
10-20 13:12:45.644  1439  2858 I chatty  : uid=1000(system) Binder:1439_9 expire 2 lines
10-20 13:12:45.703  1439  5665 I chatty  : uid=1000(system) Binder:1439_1B expire 4 lines
10-20 13:12:45.710  1439  1690 I chatty  : uid=1000(system) PowerManagerSer expire 17 lines
10-20 13:12:45.817  1439  1585 I chatty  : uid=1000(system) android.ui expire 14 lines
10-20 13:12:47.634  1439  2834 I chatty  : uid=1000(system) Binder:1439_7 expire 11 lines
10-20 13:12:50.744  1439  2594 I chatty  : uid=1000(system) Binder:1439_6 expire 3 lines
10-20 13:12:51.248  1439  3000 I chatty  : uid=1000(system) Binder:1439_A expire 5 lines
10-20 13:12:51.792   711   735 E NetlinkEvent: NetlinkEvent::FindParam(): Parameter 'INTERFACE' not found
10-20 13:12:51.792   711   735 E NetlinkEvent: NetlinkEvent::FindParam(): Parameter 'STATE' not found
10-20 13:12:51.792   711   735 E NetlinkEvent: NetlinkEvent::FindParam(): Parameter 'TIME_NS' not found
10-20 13:12:51.792   711   735 E NetlinkEvent: NetlinkEvent::FindParam(): Parameter 'UID' not found
10-20 13:13:00.981  1439  2614 I chatty  : uid=1000(system) watchdog expire 10 lines
10-20 13:13:17.121  1190  1340 E storaged: getDiskStats failed with result NOT_SUPPORTED and size 0
10-20 13:13:18.953   711   735 E NetlinkEvent: NetlinkEvent::FindParam(): Parameter 'INTERFACE' not found
10-20 13:13:18.954   711   735 E NetlinkEvent: NetlinkEvent::FindParam(): Parameter 'STATE' not found
10-20 13:13:18.954   711   735 E NetlinkEvent: NetlinkEvent::FindParam(): Parameter 'TIME_NS' not found
10-20 13:13:18.954   711   735 E NetlinkEvent: NetlinkEvent::FindParam(): Parameter 'UID' not found
10-20 13:13:19.851   711   735 E NetlinkEvent: NetlinkEvent::FindParam(): Parameter 'INTERFACE' not found
10-20 13:13:19.851   711   735 E NetlinkEvent: NetlinkEvent::FindParam(): Parameter 'STATE' not found
10-20 13:13:19.851   711   735 E NetlinkEvent: NetlinkEvent::FindParam(): Parameter 'TIME_NS' not found
10-20 13:13:19.851   711   735 E NetlinkEvent: NetlinkEvent::FindParam(): Parameter 'UID' not found
10-20 13:13:25.871   711   735 E NetlinkEvent: NetlinkEvent::FindParam(): Parameter 'INTERFACE' not found
10-20 13:13:25.871   711   735 E NetlinkEvent: NetlinkEvent::FindParam(): Parameter 'STATE' not found
10-20 13:13:25.871   711   735 E NetlinkEvent: NetlinkEvent::FindParam(): Parameter 'TIME_NS' not found
10-20 13:13:25.871   711   735 E NetlinkEvent: NetlinkEvent::FindParam(): Parameter 'UID' not found
10-20 13:13:31.751   711   735 E NetlinkEvent: NetlinkEvent::FindParam(): Parameter 'INTERFACE' not found
10-20 13:13:31.752   711   735 E NetlinkEvent: NetlinkEvent::FindParam(): Parameter 'STATE' not found
10-20 13:13:31.752   711   735 E NetlinkEvent: NetlinkEvent::FindParam(): Parameter 'TIME_NS' not found
10-20 13:13:31.752   711   735 E NetlinkEvent: NetlinkEvent::FindParam(): Parameter 'UID' not found
10-20 13:13:39.910   711   735 E NetlinkEvent: NetlinkEvent::FindParam(): Parameter 'INTERFACE' not found
10-20 13:13:39.910   711   735 E NetlinkEvent: NetlinkEvent::FindParam(): Parameter 'STATE' not found
10-20 13:13:39.910   711   735 E NetlinkEvent: NetlinkEvent::FindParam(): Parameter 'TIME_NS' not found
10-20 13:13:39.910   711   735 E NetlinkEvent: NetlinkEvent::FindParam(): Parameter 'UID' not found
10-20 13:13:45.810   711   735 E NetlinkEvent: NetlinkEvent::FindParam(): Parameter 'INTERFACE' not found
10-20 13:13:45.810   711   735 E NetlinkEvent: NetlinkEvent::FindParam(): Parameter 'STATE' not found
10-20 13:13:45.810   711   735 E NetlinkEvent: NetlinkEvent::FindParam(): Parameter 'TIME_NS' not found
10-20 13:13:45.810   711   735 E NetlinkEvent: NetlinkEvent::FindParam(): Parameter 'UID' not found
10-20 13:14:07.331   711   735 E NetlinkEvent: NetlinkEvent::FindParam(): Parameter 'INTERFACE' not found
10-20 13:14:07.332   711   735 E NetlinkEvent: NetlinkEvent::FindParam(): Parameter 'STATE' not found
10-20 13:14:07.332   711   735 E NetlinkEvent: NetlinkEvent::FindParam(): Parameter 'TIME_NS' not found
10-20 13:14:07.332   711   735 E NetlinkEvent: NetlinkEvent::FindParam(): Parameter 'UID' not found
10-20 13:14:13.227   711   735 E NetlinkEvent: NetlinkEvent::FindParam(): Parameter 'INTERFACE' not found
10-20 13:14:13.227   711   735 E NetlinkEvent: NetlinkEvent::FindParam(): Parameter 'STATE' not found
10-20 13:14:13.227   711   735 E NetlinkEvent: NetlinkEvent::FindParam(): Parameter 'TIME_NS' not found
10-20 13:14:13.227   711   735 E NetlinkEvent: NetlinkEvent::FindParam(): Parameter 'UID' not found
10-20 13:14:17.124  1190  1340 E storaged: getDiskStats failed with result NOT_SUPPORTED and size 0
10-20 13:14:19.100   711   735 E NetlinkEvent: NetlinkEvent::FindParam(): Parameter 'INTERFACE' not found
10-20 13:14:19.100   711   735 E NetlinkEvent: NetlinkEvent::FindParam(): Parameter 'STATE' not found
10-20 13:14:19.100   711   735 E NetlinkEvent: NetlinkEvent::FindParam(): Parameter 'TIME_NS' not found
10-20 13:14:19.100   711   735 E NetlinkEvent: NetlinkEvent::FindParam(): Parameter 'UID' not found
10-20 13:14:24.991   711   735 E NetlinkEvent: NetlinkEvent::FindParam(): Parameter 'INTERFACE' not found
10-20 13:14:24.991   711   735 E NetlinkEvent: NetlinkEvent::FindParam(): Parameter 'STATE' not found
10-20 13:14:24.991   711   735 E NetlinkEvent: NetlinkEvent::FindParam(): Parameter 'TIME_NS' not found
10-20 13:14:24.991   711   735 E NetlinkEvent: NetlinkEvent::FindParam(): Parameter 'UID' not found
10-20 13:14:30.890   711   735 E NetlinkEvent: NetlinkEvent::FindParam(): Parameter 'INTERFACE' not found
10-20 13:14:30.890   711   735 E NetlinkEvent: NetlinkEvent::FindParam(): Parameter 'STATE' not found
10-20 13:14:30.890   711   735 E NetlinkEvent: NetlinkEvent::FindParam(): Parameter 'TIME_NS' not found
10-20 13:14:30.890   711   735 E NetlinkEvent: NetlinkEvent::FindParam(): Parameter 'UID' not found
10-20 13:14:50.055  1439  1584 I chatty  : uid=1000(system) ActivityManager expire 2 lines
10-20 13:14:51.931  1439 32663 I chatty  : uid=1000 system_server expire 1 line
10-20 13:15:06.367   711   735 E NetlinkEvent: NetlinkEvent::FindParam(): Parameter 'INTERFACE' not found
10-20 13:15:06.367   711   735 E NetlinkEvent: NetlinkEvent::FindParam(): Parameter 'STATE' not found
10-20 13:15:06.367   711   735 E NetlinkEvent: NetlinkEvent::FindParam(): Parameter 'TIME_NS' not found
10-20 13:15:06.367   711   735 E NetlinkEvent: NetlinkEvent::FindParam(): Parameter 'UID' not found
10-20 13:15:17.126  1190  1340 E storaged: getDiskStats failed with result NOT_SUPPORTED and size 0
10-20 13:15:25.919   711   735 E NetlinkEvent: NetlinkEvent::FindParam(): Parameter 'INTERFACE' not found
10-20 13:15:25.919   711   735 E NetlinkEvent: NetlinkEvent::FindParam(): Parameter 'STATE' not found
10-20 13:15:25.919   711   735 E NetlinkEvent: NetlinkEvent::FindParam(): Parameter 'TIME_NS' not found
10-20 13:15:25.919   711   735 E NetlinkEvent: NetlinkEvent::FindParam(): Parameter 'UID' not found
10-20 13:15:31.812   711   735 E NetlinkEvent: NetlinkEvent::FindParam(): Parameter 'INTERFACE' not found
10-20 13:15:31.812   711   735 E NetlinkEvent: NetlinkEvent::FindParam(): Parameter 'STATE' not found
10-20 13:15:31.812   711   735 E NetlinkEvent: NetlinkEvent::FindParam(): Parameter 'TIME_NS' not found
10-20 13:15:31.812   711   735 E NetlinkEvent: NetlinkEvent::FindParam(): Parameter 'UID' not found
10-20 13:15:34.840   711   735 E NetlinkEvent: NetlinkEvent::FindParam(): Parameter 'INTERFACE' not found
10-20 13:15:34.841   711   735 E NetlinkEvent: NetlinkEvent::FindParam(): Parameter 'STATE' not found
10-20 13:15:34.841   711   735 E NetlinkEvent: NetlinkEvent::FindParam(): Parameter 'TIME_NS' not found
10-20 13:15:34.841   711   735 E NetlinkEvent: NetlinkEvent::FindParam(): Parameter 'UID' not found
10-20 13:15:45.373   711   735 E NetlinkEvent: NetlinkEvent::FindParam(): Parameter 'INTERFACE' not found
10-20 13:15:45.373   711   735 E NetlinkEvent: NetlinkEvent::FindParam(): Parameter 'STATE' not found
10-20 13:15:45.373   711   735 E NetlinkEvent: NetlinkEvent::FindParam(): Parameter 'TIME_NS' not found
10-20 13:15:45.373   711   735 E NetlinkEvent: NetlinkEvent::FindParam(): Parameter 'UID' not found
10-20 13:15:51.271   711   735 E NetlinkEvent: NetlinkEvent::FindParam(): Parameter 'INTERFACE' not found
10-20 13:15:51.271   711   735 E NetlinkEvent: NetlinkEvent::FindParam(): Parameter 'STATE' not found
10-20 13:15:51.271   711   735 E NetlinkEvent: NetlinkEvent::FindParam(): Parameter 'TIME_NS' not found
10-20 13:15:51.271   711   735 E NetlinkEvent: NetlinkEvent::FindParam(): Parameter 'UID' not found
10-20 13:15:57.167   711   735 E NetlinkEvent: NetlinkEvent::FindParam(): Parameter 'INTERFACE' not found
10-20 13:15:57.167   711   735 E NetlinkEvent: NetlinkEvent::FindParam(): Parameter 'STATE' not found
10-20 13:15:57.167   711   735 E NetlinkEvent: NetlinkEvent::FindParam(): Parameter 'TIME_NS' not found
10-20 13:15:57.167   711   735 E NetlinkEvent: NetlinkEvent::FindParam(): Parameter 'UID' not found
10-20 13:16:17.129  1190  1340 E storaged: getDiskStats failed with result NOT_SUPPORTED and size 0
10-20 13:16:18.671   711   735 E NetlinkEvent: NetlinkEvent::FindParam(): Parameter 'INTERFACE' not found
10-20 13:16:18.671   711   735 E NetlinkEvent: NetlinkEvent::FindParam(): Parameter 'STATE' not found
10-20 13:16:18.671   711   735 E NetlinkEvent: NetlinkEvent::FindParam(): Parameter 'TIME_NS' not found
10-20 13:16:18.671   711   735 E NetlinkEvent: NetlinkEvent::FindParam(): Parameter 'UID' not found
10-20 13:16:24.550   711   735 E NetlinkEvent: NetlinkEvent::FindParam(): Parameter 'INTERFACE' not found
10-20 13:16:24.550   711   735 E NetlinkEvent: NetlinkEvent::FindParam(): Parameter 'STATE' not found
10-20 13:16:24.550   711   735 E NetlinkEvent: NetlinkEvent::FindParam(): Parameter 'TIME_NS' not found
10-20 13:16:24.550   711   735 E NetlinkEvent: NetlinkEvent::FindParam(): Parameter 'UID' not found
10-20 13:16:30.450   711   735 E NetlinkEvent: NetlinkEvent::FindParam(): Parameter 'INTERFACE' not found
10-20 13:16:30.450   711   735 E NetlinkEvent: NetlinkEvent::FindParam(): Parameter 'STATE' not found
10-20 13:16:30.450   711   735 E NetlinkEvent: NetlinkEvent::FindParam(): Parameter 'TIME_NS' not found
10-20 13:16:30.450   711   735 E NetlinkEvent: NetlinkEvent::FindParam(): Parameter 'UID' not found
10-20 13:16:36.333   711   735 E NetlinkEvent: NetlinkEvent::FindParam(): Parameter 'INTERFACE' not found
10-20 13:16:36.333   711   735 E NetlinkEvent: NetlinkEvent::FindParam(): Parameter 'STATE' not found
10-20 13:16:36.333   711   735 E NetlinkEvent: NetlinkEvent::FindParam(): Parameter 'TIME_NS' not found
10-20 13:16:36.333   711   735 E NetlinkEvent: NetlinkEvent::FindParam(): Parameter 'UID' not found
10-20 13:16:40.804   711   735 E NetlinkEvent: NetlinkEvent::FindParam(): Parameter 'INTERFACE' not found
10-20 13:16:40.804   711   735 E NetlinkEvent: NetlinkEvent::FindParam(): Parameter 'STATE' not found
10-20 13:16:40.804   711   735 E NetlinkEvent: NetlinkEvent::FindParam(): Parameter 'TIME_NS' not found
10-20 13:16:40.804   711   735 E NetlinkEvent: NetlinkEvent::FindParam(): Parameter 'UID' not found
10-20 13:16:46.817   711   735 E NetlinkEvent: NetlinkEvent::FindParam(): Parameter 'INTERFACE' not found
10-20 13:16:46.817   711   735 E NetlinkEvent: NetlinkEvent::FindParam(): Parameter 'STATE' not found
10-20 13:16:46.817   711   735 E NetlinkEvent: NetlinkEvent::FindParam(): Parameter 'TIME_NS' not found
10-20 13:16:46.817   711   735 E NetlinkEvent: NetlinkEvent::FindParam(): Parameter 'UID' not found
10-20 13:17:17.131  1190  1340 E storaged: getDiskStats failed with result NOT_SUPPORTED and size 0
10-20 13:17:20.619   711   735 E NetlinkEvent: NetlinkEvent::FindParam(): Parameter 'INTERFACE' not found
10-20 13:17:20.619   711   735 E NetlinkEvent: NetlinkEvent::FindParam(): Parameter 'STATE' not found
10-20 13:17:20.619   711   735 E NetlinkEvent: NetlinkEvent::FindParam(): Parameter 'TIME_NS' not found
10-20 13:17:20.619   711   735 E NetlinkEvent: NetlinkEvent::FindParam(): Parameter 'UID' not found
10-20 13:17:22.011   711   735 E NetlinkEvent: NetlinkEvent::FindParam(): Parameter 'INTERFACE' not found
10-20 13:17:22.011   711   735 E NetlinkEvent: NetlinkEvent::FindParam(): Parameter 'STATE' not found
10-20 13:17:22.011   711   735 E NetlinkEvent: NetlinkEvent::FindParam(): Parameter 'TIME_NS' not found
10-20 13:17:22.011   711   735 E NetlinkEvent: NetlinkEvent::FindParam(): Parameter 'UID' not found
10-20 13:17:28.032   711   735 E NetlinkEvent: NetlinkEvent::FindParam(): Parameter 'INTERFACE' not found
10-20 13:17:28.032   711   735 E NetlinkEvent: NetlinkEvent::FindParam(): Parameter 'STATE' not found
10-20 13:17:28.032   711   735 E NetlinkEvent: NetlinkEvent::FindParam(): Parameter 'TIME_NS' not found
10-20 13:17:28.032   711   735 E NetlinkEvent: NetlinkEvent::FindParam(): Parameter 'UID' not found
10-20 13:17:33.919   711   735 E NetlinkEvent: NetlinkEvent::FindParam(): Parameter 'INTERFACE' not found
10-20 13:17:33.919   711   735 E NetlinkEvent: NetlinkEvent::FindParam(): Parameter 'STATE' not found
10-20 13:17:33.919   711   735 E NetlinkEvent: NetlinkEvent::FindParam(): Parameter 'TIME_NS' not found
10-20 13:17:33.919   711   735 E NetlinkEvent: NetlinkEvent::FindParam(): Parameter 'UID' not found
10-20 13:17:39.787   711   735 E NetlinkEvent: NetlinkEvent::FindParam(): Parameter 'INTERFACE' not found
10-20 13:17:39.787   711   735 E NetlinkEvent: NetlinkEvent::FindParam(): Parameter 'STATE' not found
10-20 13:17:39.787   711   735 E NetlinkEvent: NetlinkEvent::FindParam(): Parameter 'TIME_NS' not found
10-20 13:17:39.787   711   735 E NetlinkEvent: NetlinkEvent::FindParam(): Parameter 'UID' not found
10-20 13:17:45.688   711   735 E NetlinkEvent: NetlinkEvent::FindParam(): Parameter 'INTERFACE' not found
10-20 13:17:45.688   711   735 E NetlinkEvent: NetlinkEvent::FindParam(): Parameter 'STATE' not found
10-20 13:17:45.688   711   735 E NetlinkEvent: NetlinkEvent::FindParam(): Parameter 'TIME_NS' not found
10-20 13:17:45.688   711   735 E NetlinkEvent: NetlinkEvent::FindParam(): Parameter 'UID' not found
10-20 13:18:01.016  1439  2614 I chatty  : uid=1000(system) watchdog expire 6 lines
10-20 13:18:08.232   711   735 E NetlinkEvent: NetlinkEvent::FindParam(): Parameter 'INTERFACE' not found
10-20 13:18:08.232   711   735 E NetlinkEvent: NetlinkEvent::FindParam(): Parameter 'STATE' not found
10-20 13:18:08.232   711   735 E NetlinkEvent: NetlinkEvent::FindParam(): Parameter 'TIME_NS' not found
10-20 13:18:08.232   711   735 E NetlinkEvent: NetlinkEvent::FindParam(): Parameter 'UID' not found
10-20 13:18:14.129   711   735 E NetlinkEvent: NetlinkEvent::FindParam(): Parameter 'INTERFACE' not found
10-20 13:18:14.129   711   735 E NetlinkEvent: NetlinkEvent::FindParam(): Parameter 'STATE' not found
10-20 13:18:14.130   711   735 E NetlinkEvent: NetlinkEvent::FindParam(): Parameter 'TIME_NS' not found
10-20 13:18:14.130   711   735 E NetlinkEvent: NetlinkEvent::FindParam(): Parameter 'UID' not found
10-20 13:18:17.133  1190  1340 E storaged: getDiskStats failed with result NOT_SUPPORTED and size 0
10-20 13:18:20.009   711   735 E NetlinkEvent: NetlinkEvent::FindParam(): Parameter 'INTERFACE' not found
10-20 13:18:20.009   711   735 E NetlinkEvent: NetlinkEvent::FindParam(): Parameter 'STATE' not found
10-20 13:18:20.009   711   735 E NetlinkEvent: NetlinkEvent::FindParam(): Parameter 'TIME_NS' not found
10-20 13:18:20.009   711   735 E NetlinkEvent: NetlinkEvent::FindParam(): Parameter 'UID' not found
10-20 13:18:22.161 31359 31700 V ActivityThread: scheduleReceiver info = ActivityInfo{90fb803 com.google.firebase.iid.FirebaseInstanceIdReceiver} intent = Intent { act=com.google.android.c2dm.intent.RECEIVE flg=0x1080010 pkg=in.startv.hotstar cmp=in.startv.hotstar/com.google.firebase.iid.FirebaseInstanceIdReceiver (has extras) } sync = true hasCode = 24811130
10-20 13:18:22.182  7602  7602 E ActivityThread: Service com.firebase.jobdispatcher.GooglePlayReceiver has leaked ServiceConnection auq@ba29bd1 that was originally bound here
10-20 13:18:22.182  7602  7602 E ActivityThread: android.app.ServiceConnectionLeaked: Service com.firebase.jobdispatcher.GooglePlayReceiver has leaked ServiceConnection auq@ba29bd1 that was originally bound here
10-20 13:18:22.182  7602  7602 E ActivityThread: 	at android.app.LoadedApk$ServiceDispatcher.<init>(LoadedApk.java:1771)
10-20 13:18:22.182  7602  7602 E ActivityThread: 	at android.app.LoadedApk.getServiceDispatcher(LoadedApk.java:1663)
10-20 13:18:22.182  7602  7602 E ActivityThread: 	at android.app.ContextImpl.bindServiceCommon(ContextImpl.java:1713)
10-20 13:18:22.182  7602  7602 E ActivityThread: 	at android.app.ContextImpl.bindService(ContextImpl.java:1666)
10-20 13:18:22.182  7602  7602 E ActivityThread: 	at android.content.ContextWrapper.bindService(ContextWrapper.java:709)
10-20 13:18:22.182  7602  7602 E ActivityThread: 	at aub.a(Unknown Source:18)
10-20 13:18:22.182  7602  7602 E ActivityThread: 	at aub.a(Unknown Source:169)
10-20 13:18:22.182  7602  7602 E ActivityThread: 	at auh.handleMessage(Unknown Source:116)
10-20 13:18:22.182  7602  7602 E ActivityThread: 	at android.os.Handler.dispatchMessage(Handler.java:106)
10-20 13:18:22.182  7602  7602 E ActivityThread: 	at android.os.Looper.loop(Looper.java:227)
10-20 13:18:22.182  7602  7602 E ActivityThread: 	at android.app.ActivityThread.main(ActivityThread.java:7200)
10-20 13:18:22.182  7602  7602 E ActivityThread: 	at java.lang.reflect.Method.invoke(Native Method)
10-20 13:18:22.182  7602  7602 E ActivityThread: 	at com.android.internal.os.RuntimeInit$MethodAndArgsCaller.run(RuntimeInit.java:575)
10-20 13:18:22.182  7602  7602 E ActivityThread: 	at com.android.internal.os.ZygoteInit.main(ZygoteInit.java:903)
10-20 13:18:22.240  3169  3186 V ActivityThread: scheduleRegisteredReceiver receiver= android.app.LoadedApk$ReceiverDispatcher$InnerReceiver@ea13402 intent= Intent { act=com.google.android.c2dm.intent.RECEIVE flg=0x1080010 pkg=in.startv.hotstar (has extras) } ordered= false sticky = false
10-20 13:18:22.241  3169  3169 I ActivityThread: Dispatching broadcast com.google.android.c2dm.intent.RECEIVE to com.google.android.gms.gcm.DataMessageManager$BroadcastDoneReceiver@407f113
10-20 13:18:22.389  1439  3946 I chatty  : uid=1000(system) Binder:1439_10 expire 5 lines
10-20 13:18:22.401  1439  1587 I chatty  : uid=1000(system) BroadcastQueue expire 8 lines
10-20 13:18:22.553   711   735 E NetlinkEvent: NetlinkEvent::FindParam(): Parameter 'INTERFACE' not found
10-20 13:18:22.553   711   735 E NetlinkEvent: NetlinkEvent::FindParam(): Parameter 'STATE' not found
10-20 13:18:22.553   711   735 E NetlinkEvent: NetlinkEvent::FindParam(): Parameter 'TIME_NS' not found
10-20 13:18:22.553   711   735 E NetlinkEvent: NetlinkEvent::FindParam(): Parameter 'UID' not found
10-20 13:18:28.450   711   735 E NetlinkEvent: NetlinkEvent::FindParam(): Parameter 'INTERFACE' not found
10-20 13:18:28.451   711   735 E NetlinkEvent: NetlinkEvent::FindParam(): Parameter 'STATE' not found
10-20 13:18:28.451   711   735 E NetlinkEvent: NetlinkEvent::FindParam(): Parameter 'TIME_NS' not found
10-20 13:18:28.451   711   735 E NetlinkEvent: NetlinkEvent::FindParam(): Parameter 'UID' not found
10-20 13:18:34.349   711   735 E NetlinkEvent: NetlinkEvent::FindParam(): Parameter 'INTERFACE' not found
10-20 13:18:34.349   711   735 E NetlinkEvent: NetlinkEvent::FindParam(): Parameter 'STATE' not found
10-20 13:18:34.349   711   735 E NetlinkEvent: NetlinkEvent::FindParam(): Parameter 'TIME_NS' not found
10-20 13:18:34.349   711   735 E NetlinkEvent: NetlinkEvent::FindParam(): Parameter 'UID' not found
10-20 13:18:50.440  1439  1667 I chatty  : uid=1000(system) android.fg expire 5 lines
10-20 13:18:50.440  1439  2105 I chatty  : uid=1000(system) InputReader expire 26 lines
10-20 13:18:50.440  1439  2226 I chatty  : uid=1000(system) aceService.Main expire 1 line
10-20 13:18:50.687  1439  3381 I chatty  : uid=1000(system) Binder:1439_E expire 5 lines
10-20 13:18:50.688  1439  2165 I chatty  : uid=1000(system) ConnectivitySer expire 1 line
10-20 13:18:50.805  1439  1990 I chatty  : uid=1000(system) android.anim expire 18 lines
10-20 13:18:50.819  1439  2072 I chatty  : uid=1000(system) PhoneWinHandler expire 2 lines
10-20 13:18:50.851 22215 22215 W FingerprintManager: Invalid acquired message: 6, 3
10-20 13:18:51.669  1439  3960 I chatty  : uid=1000(system) Binder:1439_11 expire 21 lines
10-20 13:18:55.404 22215 22279 D MotorManager: upMotorBySystemApp
10-20 13:18:55.404 22215 22279 D MotorManager: call service upMotorBySystemApp
10-20 13:18:55.404  1439  3380 I chatty  : uid=1000(system) Binder:1439_D expire 10 lines
10-20 13:18:55.419  1439  2708 I chatty  : uid=1000(system) HwBinder:1439_4 expire 2 lines
10-20 13:18:55.494  1439  2210 I chatty  : uid=1000(system) MotorManagerSoc expire 10 lines
10-20 13:18:55.494  1439  2209 I chatty  : uid=1000(system) MotorManager expire 17 lines
10-20 13:18:55.694  1439 13358 I chatty  : uid=1000(system) Binder:1439_1F expire 31 lines
10-20 13:18:56.590 22215 22279 W FingerprintManager: resetTimeout, packageName = com.android.systemui
10-20 13:18:56.591 22215 22279 D MotorManager: downMotorBySystemApp
10-20 13:18:56.591 22215 22279 D MotorManager: call service downMotorBySystemApp
10-20 13:18:56.702 22215 22215 W FingerprintManager: resetTimeout, packageName = com.android.systemui
10-20 13:18:56.803  1439  1439 I chatty  : uid=1000 system_server expire 1 line
10-20 13:19:16.062   711   735 E NetlinkEvent: NetlinkEvent::FindParam(): Parameter 'INTERFACE' not found
10-20 13:19:16.063   711   735 E NetlinkEvent: NetlinkEvent::FindParam(): Parameter 'STATE' not found
10-20 13:19:16.063   711   735 E NetlinkEvent: NetlinkEvent::FindParam(): Parameter 'TIME_NS' not found
10-20 13:19:16.063   711   735 E NetlinkEvent: NetlinkEvent::FindParam(): Parameter 'UID' not found
10-20 13:19:17.137  1190  1340 E storaged: getDiskStats failed with result NOT_SUPPORTED and size 0
10-20 13:19:21.970   711   735 E NetlinkEvent: NetlinkEvent::FindParam(): Parameter 'INTERFACE' not found
10-20 13:19:21.971   711   735 E NetlinkEvent: NetlinkEvent::FindParam(): Parameter 'STATE' not found
10-20 13:19:21.971   711   735 E NetlinkEvent: NetlinkEvent::FindParam(): Parameter 'TIME_NS' not found
10-20 13:19:21.971   711   735 E NetlinkEvent: NetlinkEvent::FindParam(): Parameter 'UID' not found
10-20 13:19:27.871   711   735 E NetlinkEvent: NetlinkEvent::FindParam(): Parameter 'INTERFACE' not found
10-20 13:19:27.871   711   735 E NetlinkEvent: NetlinkEvent::FindParam(): Parameter 'STATE' not found
10-20 13:19:27.871   711   735 E NetlinkEvent: NetlinkEvent::FindParam(): Parameter 'TIME_NS' not found
10-20 13:19:27.871   711   735 E NetlinkEvent: NetlinkEvent::FindParam(): Parameter 'UID' not found
10-20 13:19:29.749   711   735 E NetlinkEvent: NetlinkEvent::FindParam(): Parameter 'INTERFACE' not found
10-20 13:19:29.749   711   735 E NetlinkEvent: NetlinkEvent::FindParam(): Parameter 'STATE' not found
10-20 13:19:29.749   711   735 E NetlinkEvent: NetlinkEvent::FindParam(): Parameter 'TIME_NS' not found
10-20 13:19:29.749   711   735 E NetlinkEvent: NetlinkEvent::FindParam(): Parameter 'UID' not found
10-20 13:19:35.791   711   735 E NetlinkEvent: NetlinkEvent::FindParam(): Parameter 'INTERFACE' not found
10-20 13:19:35.791   711   735 E NetlinkEvent: NetlinkEvent::FindParam(): Parameter 'STATE' not found
10-20 13:19:35.791   711   735 E NetlinkEvent: NetlinkEvent::FindParam(): Parameter 'TIME_NS' not found
10-20 13:19:35.791   711   735 E NetlinkEvent: NetlinkEvent::FindParam(): Parameter 'UID' not found
10-20 13:19:41.672   711   735 E NetlinkEvent: NetlinkEvent::FindParam(): Parameter 'INTERFACE' not found
10-20 13:19:41.672   711   735 E NetlinkEvent: NetlinkEvent::FindParam(): Parameter 'STATE' not found
10-20 13:19:41.672   711   735 E NetlinkEvent: NetlinkEvent::FindParam(): Parameter 'TIME_NS' not found
10-20 13:19:41.672   711   735 E NetlinkEvent: NetlinkEvent::FindParam(): Parameter 'UID' not found
10-20 13:19:48.914  1439  1655 I chatty  : uid=1000(system) batterystats-wo expire 1 line
10-20 13:19:48.995  1439  1344 I chatty  : uid=1000 system_server expire 1 line
10-20 13:20:06.499   711   735 E NetlinkEvent: NetlinkEvent::FindParam(): Parameter 'INTERFACE' not found
10-20 13:20:06.500   711   735 E NetlinkEvent: NetlinkEvent::FindParam(): Parameter 'STATE' not found
10-20 13:20:06.500   711   735 E NetlinkEvent: NetlinkEvent::FindParam(): Parameter 'TIME_NS' not found
10-20 13:20:06.500   711   735 E NetlinkEvent: NetlinkEvent::FindParam(): Parameter 'UID' not found
10-20 13:20:12.409   711   735 E NetlinkEvent: NetlinkEvent::FindParam(): Parameter 'INTERFACE' not found
10-20 13:20:12.409   711   735 E NetlinkEvent: NetlinkEvent::FindParam(): Parameter 'STATE' not found
10-20 13:20:12.409   711   735 E NetlinkEvent: NetlinkEvent::FindParam(): Parameter 'TIME_NS' not found
10-20 13:20:12.409   711   735 E NetlinkEvent: NetlinkEvent::FindParam(): Parameter 'UID' not found
10-20 13:20:16.111  1439  1690 I chatty  : uid=1000(system) PowerManagerSer expire 1 line
10-20 13:20:17.139  1190  1340 E storaged: getDiskStats failed with result NOT_SUPPORTED and size 0
10-20 13:20:18.304   711   735 E NetlinkEvent: NetlinkEvent::FindParam(): Parameter 'INTERFACE' not found
10-20 13:20:18.304   711   735 E NetlinkEvent: NetlinkEvent::FindParam(): Parameter 'STATE' not found
10-20 13:20:18.304   711   735 E NetlinkEvent: NetlinkEvent::FindParam(): Parameter 'TIME_NS' not found
10-20 13:20:18.304   711   735 E NetlinkEvent: NetlinkEvent::FindParam(): Parameter 'UID' not found
10-20 13:20:24.201   711   735 E NetlinkEvent: NetlinkEvent::FindParam(): Parameter 'INTERFACE' not found
10-20 13:20:24.201   711   735 E NetlinkEvent: NetlinkEvent::FindParam(): Parameter 'STATE' not found
10-20 13:20:24.201   711   735 E NetlinkEvent: NetlinkEvent::FindParam(): Parameter 'TIME_NS' not found
10-20 13:20:24.201   711   735 E NetlinkEvent: NetlinkEvent::FindParam(): Parameter 'UID' not found
10-20 13:20:25.325 29870   821 V ActivityThread: scheduleReceiver info = ActivityInfo{17f05ae com.google.firebase.iid.FirebaseInstanceIdReceiver} intent = Intent { act=com.google.android.c2dm.intent.RECEIVE flg=0x1080010 pkg=com.google.android.apps.nbu.paisa.user cmp=com.google.android.apps.nbu.paisa.user/com.google.firebase.iid.FirebaseInstanceIdReceiver (has extras) } sync = true hasCode = 11992870
10-20 13:20:25.371 29870 29895 V ActivityThread: scheduleReceiver info = ActivityInfo{c05e961 com.google.android.libraries.notifications.entrypoints.gcm.GcmBroadcastReceiver} intent = Intent { act=com.google.android.c2dm.intent.RECEIVE flg=0x1080010 pkg=com.google.android.apps.nbu.paisa.user cmp=com.google.android.apps.nbu.paisa.user/com.google.android.libraries.notifications.entrypoints.gcm.GcmBroadcastReceiver (has extras) } sync = true hasCode = 198684857
10-20 13:20:25.496  3169  3193 V ActivityThread: scheduleRegisteredReceiver receiver= android.app.LoadedApk$ReceiverDispatcher$InnerReceiver@5a72815 intent= Intent { act=com.google.android.c2dm.intent.RECEIVE flg=0x1080010 pkg=com.google.android.apps.nbu.paisa.user (has extras) } ordered= false sticky = false
10-20 13:20:25.497  3169  3169 I ActivityThread: Dispatching broadcast com.google.android.c2dm.intent.RECEIVE to com.google.android.gms.gcm.DataMessageManager$BroadcastDoneReceiver@ba0a72a
10-20 13:20:25.692   711   735 E NetlinkEvent: NetlinkEvent::FindParam(): Parameter 'INTERFACE' not found
10-20 13:20:25.692   711   735 E NetlinkEvent: NetlinkEvent::FindParam(): Parameter 'STATE' not found
10-20 13:20:25.692   711   735 E NetlinkEvent: NetlinkEvent::FindParam(): Parameter 'TIME_NS' not found
10-20 13:20:25.692   711   735 E NetlinkEvent: NetlinkEvent::FindParam(): Parameter 'UID' not found
10-20 13:20:31.577   711   735 E NetlinkEvent: NetlinkEvent::FindParam(): Parameter 'INTERFACE' not found
10-20 13:20:31.577   711   735 E NetlinkEvent: NetlinkEvent::FindParam(): Parameter 'STATE' not found
10-20 13:20:31.577   711   735 E NetlinkEvent: NetlinkEvent::FindParam(): Parameter 'TIME_NS' not found
10-20 13:20:31.577   711   735 E NetlinkEvent: NetlinkEvent::FindParam(): Parameter 'UID' not found
10-20 13:20:35.335  1439  1504 I chatty  : uid=1000 system_server expire 1 line
10-20 13:20:56.946   711   735 E NetlinkEvent: NetlinkEvent::FindParam(): Parameter 'INTERFACE' not found
10-20 13:20:56.946   711   735 E NetlinkEvent: NetlinkEvent::FindParam(): Parameter 'STATE' not found
10-20 13:20:56.946   711   735 E NetlinkEvent: NetlinkEvent::FindParam(): Parameter 'TIME_NS' not found
10-20 13:20:56.946   711   735 E NetlinkEvent: NetlinkEvent::FindParam(): Parameter 'UID' not found
10-20 13:21:01.038  1439  2614 I chatty  : uid=1000(system) watchdog expire 10 lines
10-20 13:21:02.829   711   735 E NetlinkEvent: NetlinkEvent::FindParam(): Parameter 'INTERFACE' not found
10-20 13:21:02.829   711   735 E NetlinkEvent: NetlinkEvent::FindParam(): Parameter 'STATE' not found
10-20 13:21:02.829   711   735 E NetlinkEvent: NetlinkEvent::FindParam(): Parameter 'TIME_NS' not found
10-20 13:21:02.829   711   735 E NetlinkEvent: NetlinkEvent::FindParam(): Parameter 'UID' not found
10-20 13:21:08.711   711   735 E NetlinkEvent: NetlinkEvent::FindParam(): Parameter 'INTERFACE' not found
10-20 13:21:08.711   711   735 E NetlinkEvent: NetlinkEvent::FindParam(): Parameter 'STATE' not found
10-20 13:21:08.711   711   735 E NetlinkEvent: NetlinkEvent::FindParam(): Parameter 'TIME_NS' not found
10-20 13:21:08.711   711   735 E NetlinkEvent: NetlinkEvent::FindParam(): Parameter 'UID' not found
10-20 13:21:14.611   711   735 E NetlinkEvent: NetlinkEvent::FindParam(): Parameter 'INTERFACE' not found
